Archive member included to satisfy reference by file (symbol)

d:/programfiles/gnu arm embedded toolchain/10 2021.10/bin/../lib/gcc/arm-none-eabi/10.3.1/../../../../arm-none-eabi/lib/thumb/v7e-m/nofp\libstdc++.a(atexit_arm.o)
                              CMakeFiles/my_libarary.elf.dir/ConnectingBridge/Src/Startup.cpp.obj (__aeabi_atexit)
d:/programfiles/gnu arm embedded toolchain/10 2021.10/bin/../lib/gcc/arm-none-eabi/10.3.1/../../../../arm-none-eabi/lib/thumb/v7e-m/nofp\libstdc++.a(class_type_info.o)
                              CMakeFiles/my_libarary.elf.dir/MyLibrary/Src/MyUsart.cpp.obj (vtable for __cxxabiv1::__class_type_info)
d:/programfiles/gnu arm embedded toolchain/10 2021.10/bin/../lib/gcc/arm-none-eabi/10.3.1/../../../../arm-none-eabi/lib/thumb/v7e-m/nofp\libstdc++.a(del_ops.o)
                              CMakeFiles/my_libarary.elf.dir/MyLibrary/Src/myIIc.cpp.obj (operator delete(void*, unsigned int))
d:/programfiles/gnu arm embedded toolchain/10 2021.10/bin/../lib/gcc/arm-none-eabi/10.3.1/../../../../arm-none-eabi/lib/thumb/v7e-m/nofp\libstdc++.a(eh_arm.o)
                              CMakeFiles/my_libarary.elf.dir/MyLibrary/Src/myIIc.cpp.obj (__cxa_end_cleanup)
d:/programfiles/gnu arm embedded toolchain/10 2021.10/bin/../lib/gcc/arm-none-eabi/10.3.1/../../../../arm-none-eabi/lib/thumb/v7e-m/nofp\libstdc++.a(eh_exception.o)
                              d:/programfiles/gnu arm embedded toolchain/10 2021.10/bin/../lib/gcc/arm-none-eabi/10.3.1/../../../../arm-none-eabi/lib/thumb/v7e-m/nofp\libstdc++.a(eh_arm.o) (typeinfo for __cxxabiv1::__forced_unwind)
d:/programfiles/gnu arm embedded toolchain/10 2021.10/bin/../lib/gcc/arm-none-eabi/10.3.1/../../../../arm-none-eabi/lib/thumb/v7e-m/nofp\libstdc++.a(eh_globals.o)
                              d:/programfiles/gnu arm embedded toolchain/10 2021.10/bin/../lib/gcc/arm-none-eabi/10.3.1/../../../../arm-none-eabi/lib/thumb/v7e-m/nofp\libstdc++.a(eh_arm.o) (__cxa_get_globals)
d:/programfiles/gnu arm embedded toolchain/10 2021.10/bin/../lib/gcc/arm-none-eabi/10.3.1/../../../../arm-none-eabi/lib/thumb/v7e-m/nofp\libstdc++.a(eh_personality.o)
                              CMakeFiles/my_libarary.elf.dir/MyLibrary/Src/myIIc.cpp.obj (__gxx_personality_v0)
d:/programfiles/gnu arm embedded toolchain/10 2021.10/bin/../lib/gcc/arm-none-eabi/10.3.1/../../../../arm-none-eabi/lib/thumb/v7e-m/nofp\libstdc++.a(eh_terminate.o)
                              d:/programfiles/gnu arm embedded toolchain/10 2021.10/bin/../lib/gcc/arm-none-eabi/10.3.1/../../../../arm-none-eabi/lib/thumb/v7e-m/nofp\libstdc++.a(eh_arm.o) (std::terminate())
d:/programfiles/gnu arm embedded toolchain/10 2021.10/bin/../lib/gcc/arm-none-eabi/10.3.1/../../../../arm-none-eabi/lib/thumb/v7e-m/nofp\libstdc++.a(eh_unex_handler.o)
                              d:/programfiles/gnu arm embedded toolchain/10 2021.10/bin/../lib/gcc/arm-none-eabi/10.3.1/../../../../arm-none-eabi/lib/thumb/v7e-m/nofp\libstdc++.a(eh_terminate.o) (__cxxabiv1::__unexpected_handler)
d:/programfiles/gnu arm embedded toolchain/10 2021.10/bin/../lib/gcc/arm-none-eabi/10.3.1/../../../../arm-none-eabi/lib/thumb/v7e-m/nofp\libstdc++.a(new_op.o)
                              CMakeFiles/my_libarary.elf.dir/MyLibrary/Src/myIIc.cpp.obj (operator new(unsigned int))
d:/programfiles/gnu arm embedded toolchain/10 2021.10/bin/../lib/gcc/arm-none-eabi/10.3.1/../../../../arm-none-eabi/lib/thumb/v7e-m/nofp\libstdc++.a(pure.o)
                              CMakeFiles/my_libarary.elf.dir/MyLibrary/Src/MyUsart.cpp.obj (__cxa_pure_virtual)
d:/programfiles/gnu arm embedded toolchain/10 2021.10/bin/../lib/gcc/arm-none-eabi/10.3.1/../../../../arm-none-eabi/lib/thumb/v7e-m/nofp\libstdc++.a(si_class_type_info.o)
                              d:/programfiles/gnu arm embedded toolchain/10 2021.10/bin/../lib/gcc/arm-none-eabi/10.3.1/../../../../arm-none-eabi/lib/thumb/v7e-m/nofp\libstdc++.a(class_type_info.o) (vtable for __cxxabiv1::__si_class_type_info)
d:/programfiles/gnu arm embedded toolchain/10 2021.10/bin/../lib/gcc/arm-none-eabi/10.3.1/../../../../arm-none-eabi/lib/thumb/v7e-m/nofp\libstdc++.a(tinfo.o)
                              d:/programfiles/gnu arm embedded toolchain/10 2021.10/bin/../lib/gcc/arm-none-eabi/10.3.1/../../../../arm-none-eabi/lib/thumb/v7e-m/nofp\libstdc++.a(class_type_info.o) (std::type_info::~type_info())
d:/programfiles/gnu arm embedded toolchain/10 2021.10/bin/../lib/gcc/arm-none-eabi/10.3.1/../../../../arm-none-eabi/lib/thumb/v7e-m/nofp\libstdc++.a(vmi_class_type_info.o)
                              CMakeFiles/my_libarary.elf.dir/MyLibrary/Src/MyUsart.cpp.obj (vtable for __cxxabiv1::__vmi_class_type_info)
d:/programfiles/gnu arm embedded toolchain/10 2021.10/bin/../lib/gcc/arm-none-eabi/10.3.1/../../../../arm-none-eabi/lib/thumb/v7e-m/nofp\libstdc++.a(vterminate.o)
[...]
Memory Configuration

Name             Origin             Length             Attributes
CCMRAM           0x10000000         0x00010000         xrw
RAM              0x20000000         0x00020000         xrw
FLASH            0x08000000         0x00100000         xr
*default*        0x00000000         0xffffffff

Linker script and memory map

LOAD d:/programfiles/gnu arm embedded toolchain/10 2021.10/bin/../lib/gcc/arm-none-eabi/10.3.1/thumb/v7e-m/nofp/crti.o
LOAD d:/programfiles/gnu arm embedded toolchain/10 2021.10/bin/../lib/gcc/arm-none-eabi/10.3.1/thumb/v7e-m/nofp/crtbegin.o
LOAD d:/programfiles/gnu arm embedded toolchain/10 2021.10/bin/../lib/gcc/arm-none-eabi/10.3.1/../../../../arm-none-eabi/lib/thumb/v7e-m/nofp/crt0.o
LOAD CMakeFiles/my_libarary.elf.dir/BSP/delay.c.obj
LOAD CMakeFiles/my_libarary.elf.dir/BSP/myiicZD.c.obj
LOAD CMakeFiles/my_libarary.elf.dir/BSP/sys.c.obj
LOAD CMakeFiles/my_libarary.elf.dir/BSP/touch/24cxx.c.obj
LOAD CMakeFiles/my_libarary.elf.dir/BSP/touch/ctiic.c.obj
LOAD CMakeFiles/my_libarary.elf.dir/BSP/touch/ft5206.c.obj
LOAD CMakeFiles/my_libarary.elf.dir/BSP/touch/gt9xxx.c.obj
LOAD CMakeFiles/my_libarary.elf.dir/BSP/touch/touch.c.obj
LOAD CMakeFiles/my_libarary.elf.dir/ConnectingBridge/Src/Startup.cpp.obj
LOAD CMakeFiles/my_libarary.elf.dir/Core/Src/dma.c.obj
LOAD CMakeFiles/my_libarary.elf.dir/Core/Src/fsmc.c.obj
LOAD CMakeFiles/my_libarary.elf.dir/Core/Src/gpio.c.obj
LOAD CMakeFiles/my_libarary.elf.dir/Core/Src/main.c.obj
LOAD CMakeFiles/my_libarary.elf.dir/Core/Src/stm32f4xx_hal_msp.c.obj
LOAD CMakeFiles/my_libarary.elf.dir/Core/Src/stm32f4xx_it.c.obj
LOAD CMakeFiles/my_libarary.elf.dir/Core/Src/syscalls.c.obj
LOAD CMakeFiles/my_libarary.elf.dir/Core/Src/sysmem.c.obj
LOAD CMakeFiles/my_libarary.elf.dir/Core/Src/system_stm32f4xx.c.obj
LOAD CMakeFiles/my_libarary.elf.dir/Core/Src/tim.c.obj
LOAD CMakeFiles/my_libarary.elf.dir/Core/Src/usart.c.obj
LOAD CMakeFiles/my_libarary.elf.dir/Core/Startup/startup_stm32f407zgtx.s.obj
LOAD CMakeFiles/my_libarary.elf.dir/Drivers/STM32F4xx_HAL_Driver/Src/stm32f4xx_hal.c.obj
LOAD CMakeFiles/my_libarary.elf.dir/Drivers/STM32F4xx_HAL_Driver/Src/stm32f4xx_hal_cortex.c.obj
LOAD CMakeFiles/my_libarary.elf.dir/Drivers/STM32F4xx_HAL_Driver/Src/stm32f4xx_hal_dma.c.obj
LOAD CMakeFiles/my_libarary.elf.dir/Drivers/STM32F4xx_HAL_Driver/Src/stm32f4xx_hal_dma_ex.c.obj
LOAD CMakeFiles/my_libarary.elf.dir/Drivers/STM32F4xx_HAL_Driver/Src/stm32f4xx_hal_exti.c.obj
LOAD CMakeFiles/my_libarary.elf.dir/Drivers/STM32F4xx_HAL_Driver/Src/stm32f4xx_hal_flash.c.obj
LOAD CMakeFiles/my_libarary.elf.dir/Drivers/STM32F4xx_HAL_Driver/Src/stm32f4xx_hal_flash_ex.c.obj
LOAD CMakeFiles/my_libarary.elf.dir/Drivers/STM32F4xx_HAL_Driver/Src/stm32f4xx_hal_flash_ramfunc.c.obj
LOAD CMakeFiles/my_libarary.elf.dir/Drivers/STM32F4xx_HAL_Driver/Src/stm32f4xx_hal_gpio.c.obj
LOAD CMakeFiles/my_libarary.elf.dir/Drivers/STM32F4xx_HAL_Driver/Src/stm32f4xx_hal_pwr.c.obj
LOAD CMakeFiles/my_libarary.elf.dir/Drivers/STM32F4xx_HAL_Driver/Src/stm32f4xx_hal_pwr_ex.c.obj
LOAD CMakeFiles/my_libarary.elf.dir/Drivers/STM32F4xx_HAL_Driver/Src/stm32f4xx_hal_rcc.c.obj
LOAD CMakeFiles/my_libarary.elf.dir/Drivers/STM32F4xx_HAL_Driver/Src/stm32f4xx_hal_rcc_ex.c.obj
LOAD CMakeFiles/my_libarary.elf.dir/Drivers/STM32F4xx_HAL_Driver/Src/stm32f4xx_hal_sram.c.obj
LOAD CMakeFiles/my_libarary.elf.dir/Drivers/STM32F4xx_HAL_Driver/Src/stm32f4xx_hal_tim.c.obj
LOAD CMakeFiles/my_libarary.elf.dir/Drivers/STM32F4xx_HAL_Driver/Src/stm32f4xx_hal_tim_ex.c.obj
LOAD CMakeFiles/my_libarary.elf.dir/Drivers/STM32F4xx_HAL_Driver/Src/stm32f4xx_hal_uart.c.obj
LOAD CMakeFiles/my_libarary.elf.dir/Drivers/STM32F4xx_HAL_Driver/Src/stm32f4xx_ll_fsmc.c.obj
LOAD CMakeFiles/my_libarary.elf.dir/LCD/lcd.c.obj
LOAD CMakeFiles/my_libarary.elf.dir/MyLibrary/Src/MyGPIO.cpp.obj
LOAD CMakeFiles/my_libarary.elf.dir/MyLibrary/Src/MyLCD.cpp.obj
LOAD CMakeFiles/my_libarary.elf.dir/MyLibrary/Src/MyUsart.cpp.obj
LOAD CMakeFiles/my_libarary.elf.dir/MyLibrary/Src/inputStream.cpp.obj
LOAD CMakeFiles/my_libarary.elf.dir/MyLibrary/Src/myIIc.cpp.obj
LOAD CMakeFiles/my_libarary.elf.dir/MyLibrary/Src/outputStream.cpp.obj
LOAD CMakeFiles/my_libarary.elf.dir/other_library/WString.cpp.obj
LOAD CMakeFiles/my_libarary.elf.dir/other_library/stdlib_noniso.c.obj
LOAD d:/programfiles/gnu arm embedded toolchain/10 2021.10/bin/../lib/gcc/arm-none-eabi/10.3.1/../../../../arm-none-eabi/lib/thumb/v7e-m/nofp\libstdc++.a
LOAD d:/programfiles/gnu arm embedded toolchain/10 2021.10/bin/../lib/gcc/arm-none-eabi/10.3.1/../../../../arm-none-eabi/lib/thumb/v7e-m/nofp\libm.a
START GROUP
LOAD d:/programfiles/gnu arm embedded toolchain/10 2021.10/bin/../lib/gcc/arm-none-eabi/10.3.1/thumb/v7e-m/nofp\libgcc.a
LOAD d:/programfiles/gnu arm embedded toolchain/10 2021.10/bin/../lib/gcc/arm-none-eabi/10.3.1/../../../../arm-none-eabi/lib/thumb/v7e-m/nofp\libg.a
LOAD d:/programfiles/gnu arm embedded toolchain/10 2021.10/bin/../lib/gcc/arm-none-eabi/10.3.1/../../../../arm-none-eabi/lib/thumb/v7e-m/nofp\libc.a
END GROUP
LOAD d:/programfiles/gnu arm embedded toolchain/10 2021.10/bin/../lib/gcc/arm-none-eabi/10.3.1/thumb/v7e-m/nofp/crtend.o
LOAD d:/programfiles/gnu arm embedded toolchain/10 2021.10/bin/../lib/gcc/arm-none-eabi/10.3.1/thumb/v7e-m/nofp/crtn.o
                0x20020000                _estack = (ORIGIN (RAM) + LENGTH (RAM))
                0x00001000                _Min_Heap_Size = 0x1000
                0x00001000                _Min_Stack_Size = 0x1000

.isr_vector     0x08000000      0x188
                0x08000000                . = ALIGN (0x4)
 *(.isr_vector)
 .isr_vector    0x08000000      0x188 CMakeFiles/my_libarary.elf.dir/Core/Startup/startup_stm32f407zgtx.s.obj
                0x08000000                g_pfnVectors
                0x08000188                . = ALIGN (0x4)

.text           0x080001c0    0x12eb0
                0x080001c0                . = ALIGN (0x4)
 *(.text)
 .text          0x080001c0       0x40 d:/programfiles/gnu arm embedded toolchain/10 2021.10/bin/../lib/gcc/arm-none-eabi/10.3.1/thumb/v7e-m/nofp/crtbegin.o
 .text          0x08000200     0x5fa4 d:/programfiles/gnu arm embedded toolchain/10 2021.10/bin/../lib/gcc/arm-none-eabi/10.3.1/../../../../arm-none-eabi/lib/thumb/v7e-m/nofp\libstdc++.a(cp-demangle.o)
                0x080060bc                __cxa_demangle
                0x08006180                __gcclibcxx_demangle_callback
 .text          0x080061a4      0x378 d:/programfiles/gnu arm embedded toolchain/10 2021.10/bin/../lib/gcc/arm-none-eabi/10.3.1/thumb/v7e-m/nofp\libgcc.a(_arm_addsubdf3.o)
                0x080061a4                __aeabi_drsub
                0x080061ac                __aeabi_dsub
                0x080061ac                __subdf3
                0x080061b0                __aeabi_dadd
                0x080061b0                __adddf3
                0x08006428                __floatunsidf
                0x08006428                __aeabi_ui2d
                0x08006448                __floatsidf
                0x08006448                __aeabi_i2d
                0x0800646c                __aeabi_f2d
                0x0800646c                __extendsfdf2
                0x080064b0                __floatundidf
                0x080064b0                __aeabi_ul2d
                0x080064c0                __floatdidf
                0x080064c0                __aeabi_l2d
 .text          0x0800651c      0x424 d:/programfiles/gnu arm embedded toolchain/10 2021.10/bin/../lib/gcc/arm-none-eabi/10.3.1/thumb/v7e-m/nofp\libgcc.a(_arm_muldivdf3.o)
                0x0800651c                __aeabi_dmul
                0x0800651c                __muldf3
                0x08006770                __divdf3
                0x08006770                __aeabi_ddiv
 .text          0x08006940      0x110 d:/programfiles/gnu arm embedded toolchain/10 2021.10/bin/../lib/gcc/arm-none-eabi/10.3.1/thumb/v7e-m/nofp\libgcc.a(_arm_cmpdf2.o)
                0x08006940                __gtdf2
                0x08006940                __gedf2
                0x08006948                __ltdf2
                0x08006948                __ledf2
                0x08006950                __nedf2
                0x08006950                __eqdf2
                0x08006950                __cmpdf2
                0x080069cc                __aeabi_cdrcmple
                0x080069dc                __aeabi_cdcmpeq
                0x080069dc                __aeabi_cdcmple
                0x080069ec                __aeabi_dcmpeq
                0x08006a00                __aeabi_dcmplt
                0x08006a14                __aeabi_dcmple
                0x08006a28                __aeabi_dcmpge
                0x08006a3c                __aeabi_dcmpgt
 .text          0x08006a50       0x2c d:/programfiles/gnu arm embedded toolchain/10 2021.10/bin/../lib/gcc/arm-none-eabi/10.3.1/thumb/v7e-m/nofp\libgcc.a(_arm_unorddf2.o)
                0x08006a50                __unorddf2
                0x08006a50                __aeabi_dcmpun
 .text          0x08006a7c       0x50 d:/programfiles/gnu arm embedded toolchain/10 2021.10/bin/../lib/gcc/arm-none-eabi/10.3.1/thumb/v7e-m/nofp\libgcc.a(_arm_fixdfsi.o)
                0x08006a7c                __aeabi_d2iz
                0x08006a7c                __fixdfsi
 .text          0x08006acc       0x40 d:/programfiles/gnu arm embedded toolchain/10 2021.10/bin/../lib/gcc/arm-none-eabi/10.3.1/thumb/v7e-m/nofp\libgcc.a(_arm_fixunsdfsi.o)
                0x08006acc                __aeabi_d2uiz
                0x08006acc                __fixunsdfsi
 .text          0x08006b0c       0xa0 d:/programfiles/gnu arm embedded toolchain/10 2021.10/bin/../lib/gcc/arm-none-eabi/10.3.1/thumb/v7e-m/nofp\libgcc.a(_arm_truncdfsf2.o)
                0x08006b0c                __truncdfsf2
                0x08006b0c                __aeabi_d2f
 .text          0x08006bac       0x4c d:/programfiles/gnu arm embedded toolchain/10 2021.10/bin/../lib/gcc/arm-none-eabi/10.3.1/thumb/v7e-m/nofp\libgcc.a(_arm_fixsfsi.o)
                0x08006bac                __aeabi_f2iz
                0x08006bac                __fixsfsi
 .text          0x08006bf8       0x30 d:/programfiles/gnu arm embedded toolchain/10 2021.10/bin/../lib/gcc/arm-none-eabi/10.3.1/thumb/v7e-m/nofp\libgcc.a(_aeabi_uldivmod.o)
                0x08006bf8                __aeabi_uldivmod
 .text          0x08006c28       0x3c d:/programfiles/gnu arm embedded toolchain/10 2021.10/bin/../lib/gcc/arm-none-eabi/10.3.1/thumb/v7e-m/nofp\libgcc.a(_fixunsdfdi.o)
                0x08006c28                __fixunsdfdi
                0x08006c28                __aeabi_d2ulz
 .text          0x08006c64      0x2d0 d:/programfiles/gnu arm embedded toolchain/10 2021.10/bin/../lib/gcc/arm-none-eabi/10.3.1/thumb/v7e-m/nofp\libgcc.a(_udivmoddi4.o)
                0x08006c64                __udivmoddi4
 .text          0x08006f34      0x9d8 d:/programfiles/gnu arm embedded toolchain/10 2021.10/bin/../lib/gcc/arm-none-eabi/10.3.1/thumb/v7e-m/nofp\libgcc.a(unwind-arm.o)
                0x080071dc                _Unwind_GetCFA
                0x080071e0                __gnu_Unwind_RaiseException
                0x08007248                __gnu_Unwind_ForcedUnwind
                0x08007258                __gnu_Unwind_Resume
                0x0800729c                __gnu_Unwind_Resume_or_Rethrow
                0x080072ac                _Unwind_Complete
                0x080072b0                _Unwind_DeleteException
                0x080072bc                _Unwind_VRS_Get
                0x08007308                _Unwind_VRS_Set
                0x08007350                __gnu_Unwind_Backtrace
                0x0800767c                __aeabi_unwind_cpp_pr0
                0x08007680                __aeabi_unwind_cpp_pr1
                0x08007684                __aeabi_unwind_cpp_pr2
                0x08007688                _Unwind_VRS_Pop
 .text          0x0800790c      0x1ac d:/programfiles/gnu arm embedded toolchain/10 2021.10/bin/../lib/gcc/arm-none-eabi/10.3.1/thumb/v7e-m/nofp\libgcc.a(libunwind.o)
                0x0800790c                __restore_core_regs
                0x0800790c                restore_core_regs
                0x08007924                __gnu_Unwind_Restore_VFP
                0x0800792c                __gnu_Unwind_Save_VFP
                0x08007934                __gnu_Unwind_Restore_VFP_D
                0x0800793c                __gnu_Unwind_Save_VFP_D
                0x08007944                __gnu_Unwind_Restore_VFP_D_16_to_31
                0x0800794c                __gnu_Unwind_Save_VFP_D_16_to_31
                0x08007954                __gnu_Unwind_Restore_WMMXD
                0x08007998                __gnu_Unwind_Save_WMMXD
                0x080079dc                __gnu_Unwind_Restore_WMMXC
                0x080079f0                __gnu_Unwind_Save_WMMXC
                0x08007a04                ___Unwind_RaiseException
                0x08007a04                _Unwind_RaiseException
                0x08007a28                _Unwind_Resume
                0x08007a28                ___Unwind_Resume
                0x08007a4c                _Unwind_Resume_or_Rethrow
                0x08007a4c                ___Unwind_Resume_or_Rethrow
                0x08007a70                _Unwind_ForcedUnwind
                0x08007a70                ___Unwind_ForcedUnwind
                0x08007a94                ___Unwind_Backtrace
                0x08007a94                _Unwind_Backtrace
 .text          0x08007ab8      0x350 d:/programfiles/gnu arm embedded toolchain/10 2021.10/bin/../lib/gcc/arm-none-eabi/10.3.1/thumb/v7e-m/nofp\libgcc.a(pr-support.o)
                0x08007b10                __gnu_unwind_execute
                0x08007dbc                __gnu_unwind_frame
                0x08007de8                _Unwind_GetRegionStart
                0x08007df4                _Unwind_GetLanguageSpecificData
 .text          0x08007e08        0x4 d:/programfiles/gnu arm embedded toolchain/10 2021.10/bin/../lib/gcc/arm-none-eabi/10.3.1/thumb/v7e-m/nofp\libgcc.a(_dvmd_tls.o)
                0x08007e08                __aeabi_idiv0
                0x08007e08                __aeabi_ldiv0
 *fill*         0x08007e0c        0x4 
 .text          0x08007e10       0xa0 d:/programfiles/gnu arm embedded toolchain/10 2021.10/bin/../lib/gcc/arm-none-eabi/10.3.1/../../../../arm-none-eabi/lib/thumb/v7e-m/nofp\libg.a(lib_a-memchr.o)
                0x08007e10                memchr
 .text          0x08007eb0      0x134 d:/programfiles/gnu arm embedded toolchain/10 2021.10/bin/../lib/gcc/arm-none-eabi/10.3.1/../../../../arm-none-eabi/lib/thumb/v7e-m/nofp\libg.a(lib_a-memcpy.o)
                0x08007eb0                memcpy
 *fill*         0x08007fe4       0x1c 
 .text          0x08008000      0x2dc d:/programfiles/gnu arm embedded toolchain/10 2021.10/bin/../lib/gcc/arm-none-eabi/10.3.1/../../../../arm-none-eabi/lib/thumb/v7e-m/nofp\libg.a(lib_a-strcmp.o)
                0x08008008                strcmp
 *fill*         0x080082dc       0x24 
 .text          0x08008300       0xdc d:/programfiles/gnu arm embedded toolchain/10 2021.10/bin/../lib/gcc/arm-none-eabi/10.3.1/../../../../arm-none-eabi/lib/thumb/v7e-m/nofp\libg.a(lib_a-strlen.o)
                0x08008300                strlen
 *(.text*)
 .text._Z41__static_initialization_and_destruction_0ii
                0x080083dc       0x38 CMakeFiles/my_libarary.elf.dir/ConnectingBridge/Src/Startup.cpp.obj
 *fill*         0x08008414        0x4 
 .text.MyMain   0x08008418      0x154 CMakeFiles/my_libarary.elf.dir/ConnectingBridge/Src/Startup.cpp.obj
                0x08008418                MyMain
 .text.Interrupt_management
                0x0800856c       0x10 CMakeFiles/my_libarary.elf.dir/ConnectingBridge/Src/Startup.cpp.obj
                0x0800856c                Interrupt_management
 .text._GLOBAL__sub_I_myUart
                0x0800857c        0xe CMakeFiles/my_libarary.elf.dir/ConnectingBridge/Src/Startup.cpp.obj
 *fill*         0x0800858a        0x2 
 .text.MX_DMA_Init
                0x0800858c       0x44 CMakeFiles/my_libarary.elf.dir/Core/Src/dma.c.obj
                0x0800858c                MX_DMA_Init
 .text.HAL_FSMC_MspInit
                0x080085d0       0xb4 CMakeFiles/my_libarary.elf.dir/Core/Src/fsmc.c.obj
 .text.MX_FSMC_Init
                0x08008684       0x70 CMakeFiles/my_libarary.elf.dir/Core/Src/fsmc.c.obj
                0x08008684                MX_FSMC_Init
 .text.HAL_SRAM_MspInit
                0x080086f4        0x8 CMakeFiles/my_libarary.elf.dir/Core/Src/fsmc.c.obj
                0x080086f4                HAL_SRAM_MspInit
 .text.MX_GPIO_Init
                0x080086fc      0x108 CMakeFiles/my_libarary.elf.dir/Core/Src/gpio.c.obj
                0x080086fc                MX_GPIO_Init
 .text.Error_Handler
                0x08008804        0x4 CMakeFiles/my_libarary.elf.dir/Core/Src/main.c.obj
                0x08008804                Error_Handler
 .text.SystemClock_Config
                0x08008808       0xa8 CMakeFiles/my_libarary.elf.dir/Core/Src/main.c.obj
                0x08008808                SystemClock_Config
 .text.main     0x080088b0       0x24 CMakeFiles/my_libarary.elf.dir/Core/Src/main.c.obj
                0x080088b0                main
 .text.HAL_MspInit
                0x080088d4       0x38 CMakeFiles/my_libarary.elf.dir/Core/Src/stm32f4xx_hal_msp.c.obj
                0x080088d4                HAL_MspInit
 .text.NMI_Handler
                0x0800890c        0x2 CMakeFiles/my_libarary.elf.dir/Core/Src/stm32f4xx_it.c.obj
                0x0800890c                NMI_Handler
 .text.HardFault_Handler
                0x0800890e        0x2 CMakeFiles/my_libarary.elf.dir/Core/Src/stm32f4xx_it.c.obj
                0x0800890e                HardFault_Handler
 .text.MemManage_Handler
                0x08008910        0x2 CMakeFiles/my_libarary.elf.dir/Core/Src/stm32f4xx_it.c.obj
                0x08008910                MemManage_Handler
 .text.BusFault_Handler
                0x08008912        0x2 CMakeFiles/my_libarary.elf.dir/Core/Src/stm32f4xx_it.c.obj
                0x08008912                BusFault_Handler
 .text.UsageFault_Handler
                0x08008914        0x2 CMakeFiles/my_libarary.elf.dir/Core/Src/stm32f4xx_it.c.obj
                0x08008914                UsageFault_Handler
 .text.SVC_Handler
                0x08008916        0x2 CMakeFiles/my_libarary.elf.dir/Core/Src/stm32f4xx_it.c.obj
                0x08008916                SVC_Handler
 .text.DebugMon_Handler
                0x08008918        0x2 CMakeFiles/my_libarary.elf.dir/Core/Src/stm32f4xx_it.c.obj
                0x08008918                DebugMon_Handler
 .text.PendSV_Handler
                0x0800891a        0x2 CMakeFiles/my_libarary.elf.dir/Core/Src/stm32f4xx_it.c.obj
                0x0800891a                PendSV_Handler
 .text.SysTick_Handler
                0x0800891c        0x8 CMakeFiles/my_libarary.elf.dir/Core/Src/stm32f4xx_it.c.obj
                0x0800891c                SysTick_Handler
 .text.USART1_IRQHandler
                0x08008924       0x18 CMakeFiles/my_libarary.elf.dir/Core/Src/stm32f4xx_it.c.obj
                0x08008924                USART1_IRQHandler
 .text.TIM6_DAC_IRQHandler
                0x0800893c       0x10 CMakeFiles/my_libarary.elf.dir/Core/Src/stm32f4xx_it.c.obj
                0x0800893c                TIM6_DAC_IRQHandler
 .text.DMA2_Stream2_IRQHandler
                0x0800894c       0x10 CMakeFiles/my_libarary.elf.dir/Core/Src/stm32f4xx_it.c.obj
                0x0800894c                DMA2_Stream2_IRQHandler
 .text.DMA2_Stream7_IRQHandler
                0x0800895c       0x10 CMakeFiles/my_libarary.elf.dir/Core/Src/stm32f4xx_it.c.obj
                0x0800895c                DMA2_Stream7_IRQHandler
 .text._getpid  0x0800896c        0x4 CMakeFiles/my_libarary.elf.dir/Core/Src/syscalls.c.obj
                0x0800896c                _getpid
 .text._kill    0x08008970       0x10 CMakeFiles/my_libarary.elf.dir/Core/Src/syscalls.c.obj
                0x08008970                _kill
 .text._exit    0x08008980        0xc CMakeFiles/my_libarary.elf.dir/Core/Src/syscalls.c.obj
                0x08008980                _exit
 .text._read    0x0800898c       0x20 CMakeFiles/my_libarary.elf.dir/Core/Src/syscalls.c.obj
                0x0800898c                _read
 .text._write   0x080089ac       0x1c CMakeFiles/my_libarary.elf.dir/Core/Src/syscalls.c.obj
                0x080089ac                _write
 .text._close   0x080089c8        0x6 CMakeFiles/my_libarary.elf.dir/Core/Src/syscalls.c.obj
                0x080089c8                _close
 .text._fstat   0x080089ce        0xa CMakeFiles/my_libarary.elf.dir/Core/Src/syscalls.c.obj
                0x080089ce                _fstat
 .text._isatty  0x080089d8        0x4 CMakeFiles/my_libarary.elf.dir/Core/Src/syscalls.c.obj
                0x080089d8                _isatty
 .text._lseek   0x080089dc        0x4 CMakeFiles/my_libarary.elf.dir/Core/Src/syscalls.c.obj
                0x080089dc                _lseek
 .text._sbrk    0x080089e0       0x48 CMakeFiles/my_libarary.elf.dir/Core/Src/sysmem.c.obj
                0x080089e0                _sbrk
 .text.SystemInit
                0x08008a28        0x2 CMakeFiles/my_libarary.elf.dir/Core/Src/system_stm32f4xx.c.obj
                0x08008a28                SystemInit
 *fill*         0x08008a2a        0x2 
 .text.MX_TIM6_Init
                0x08008a2c       0x50 CMakeFiles/my_libarary.elf.dir/Core/Src/tim.c.obj
                0x08008a2c                MX_TIM6_Init
 .text.HAL_TIM_Base_MspInit
                0x08008a7c       0x40 CMakeFiles/my_libarary.elf.dir/Core/Src/tim.c.obj
                0x08008a7c                HAL_TIM_Base_MspInit
 .text.HAL_Delay_us
                0x08008abc       0x3c CMakeFiles/my_libarary.elf.dir/Core/Src/tim.c.obj
                0x08008abc                HAL_Delay_us
 .text.HAL_Delay_ms
                0x08008af8       0x18 CMakeFiles/my_libarary.elf.dir/Core/Src/tim.c.obj
                0x08008af8                HAL_Delay_ms
 .text.MX_USART1_UART_Init
                0x08008b10       0x34 CMakeFiles/my_libarary.elf.dir/Core/Src/usart.c.obj
                0x08008b10                MX_USART1_UART_Init
 .text.HAL_UART_MspInit
                0x08008b44      0x100 CMakeFiles/my_libarary.elf.dir/Core/Src/usart.c.obj
                0x08008b44                HAL_UART_MspInit
 .text.Reset_Handler
                0x08008c44       0x50 CMakeFiles/my_libarary.elf.dir/Core/Startup/startup_stm32f407zgtx.s.obj
                0x08008c44                Reset_Handler
 .text.Default_Handler
                0x08008c94        0x2 CMakeFiles/my_libarary.elf.dir/Core/Startup/startup_stm32f407zgtx.s.obj
                0x08008c94                RTC_Alarm_IRQHandler
                0x08008c94                HASH_RNG_IRQHandler
                0x08008c94                EXTI2_IRQHandler
                0x08008c94                TIM8_CC_IRQHandler
                0x08008c94                TIM1_CC_IRQHandler
                0x08008c94                DMA2_Stream5_IRQHandler
                0x08008c94                DMA1_Stream5_IRQHandler
                0x08008c94                PVD_IRQHandler
                0x08008c94                SDIO_IRQHandler
                0x08008c94                TAMP_STAMP_IRQHandler
                0x08008c94                CAN2_RX1_IRQHandler
                0x08008c94                EXTI3_IRQHandler
                0x08008c94                TIM8_TRG_COM_TIM14_IRQHandler
                0x08008c94                TIM1_UP_TIM10_IRQHandler
                0x08008c94                TIM8_UP_TIM13_IRQHandler
                0x08008c94                I2C3_ER_IRQHandler
                0x08008c94                EXTI0_IRQHandler
                0x08008c94                I2C2_EV_IRQHandler
                0x08008c94                DMA1_Stream2_IRQHandler
                0x08008c94                CAN1_RX0_IRQHandler
                0x08008c94                FPU_IRQHandler
                0x08008c94                OTG_HS_WKUP_IRQHandler
                0x08008c94                CAN2_SCE_IRQHandler
                0x08008c94                SPI1_IRQHandler
                0x08008c94                TIM1_BRK_TIM9_IRQHandler
                0x08008c94                DCMI_IRQHandler
                0x08008c94                CAN2_RX0_IRQHandler
                0x08008c94                DMA2_Stream3_IRQHandler
                0x08008c94                USART6_IRQHandler
                0x08008c94                USART3_IRQHandler
                0x08008c94                CAN1_RX1_IRQHandler
                0x08008c94                UART5_IRQHandler
                0x08008c94                DMA2_Stream0_IRQHandler
                0x08008c94                TIM4_IRQHandler
                0x08008c94                I2C1_EV_IRQHandler
                0x08008c94                DMA1_Stream6_IRQHandler
                0x08008c94                DMA1_Stream1_IRQHandler
                0x08008c94                UART4_IRQHandler
                0x08008c94                TIM3_IRQHandler
                0x08008c94                RCC_IRQHandler
                0x08008c94                TIM8_BRK_TIM12_IRQHandler
                0x08008c94                Default_Handler
                0x08008c94                EXTI15_10_IRQHandler
                0x08008c94                ADC_IRQHandler
                0x08008c94                DMA1_Stream7_IRQHandler
                0x08008c94                TIM7_IRQHandler
                0x08008c94                CAN2_TX_IRQHandler
                0x08008c94                TIM5_IRQHandler
                0x08008c94                I2C3_EV_IRQHandler
                0x08008c94                EXTI9_5_IRQHandler
                0x08008c94                RTC_WKUP_IRQHandler
                0x08008c94                ETH_WKUP_IRQHandler
                0x08008c94                SPI2_IRQHandler
                0x08008c94                OTG_HS_EP1_IN_IRQHandler
                0x08008c94                DMA1_Stream0_IRQHandler
                0x08008c94                CAN1_TX_IRQHandler
                0x08008c94                EXTI4_IRQHandler
                0x08008c94                FSMC_IRQHandler
                0x08008c94                ETH_IRQHandler
                0x08008c94                OTG_HS_EP1_OUT_IRQHandler
                0x08008c94                WWDG_IRQHandler
                0x08008c94                TIM2_IRQHandler
                0x08008c94                OTG_FS_WKUP_IRQHandler
                0x08008c94                TIM1_TRG_COM_TIM11_IRQHandler
                0x08008c94                OTG_HS_IRQHandler
                0x08008c94                EXTI1_IRQHandler
                0x08008c94                USART2_IRQHandler
                0x08008c94                I2C2_ER_IRQHandler
                0x08008c94                DMA2_Stream1_IRQHandler
                0x08008c94                CAN1_SCE_IRQHandler
                0x08008c94                FLASH_IRQHandler
                0x08008c94                DMA2_Stream4_IRQHandler
                0x08008c94                OTG_FS_IRQHandler
                0x08008c94                SPI3_IRQHandler
                0x08008c94                DMA1_Stream4_IRQHandler
                0x08008c94                I2C1_ER_IRQHandler
                0x08008c94                DMA2_Stream6_IRQHandler
                0x08008c94                DMA1_Stream3_IRQHandler
 *fill*         0x08008c96        0x2 
 .text.HAL_InitTick
                0x08008c98       0x4c CMakeFiles/my_libarary.elf.dir/Drivers/STM32F4xx_HAL_Driver/Src/stm32f4xx_hal.c.obj
                0x08008c98                HAL_InitTick
 .text.HAL_Init
                0x08008ce4       0x34 CMakeFiles/my_libarary.elf.dir/Drivers/STM32F4xx_HAL_Driver/Src/stm32f4xx_hal.c.obj
                0x08008ce4                HAL_Init
 .text.HAL_IncTick
                0x08008d18       0x18 CMakeFiles/my_libarary.elf.dir/Drivers/STM32F4xx_HAL_Driver/Src/stm32f4xx_hal.c.obj
                0x08008d18                HAL_IncTick
 .text.HAL_GetTick
                0x08008d30        0xc CMakeFiles/my_libarary.elf.dir/Drivers/STM32F4xx_HAL_Driver/Src/stm32f4xx_hal.c.obj
                0x08008d30                HAL_GetTick
 .text.HAL_NVIC_SetPriorityGrouping
                0x08008d3c       0x24 CMakeFiles/my_libarary.elf.dir/Drivers/STM32F4xx_HAL_Driver/Src/stm32f4xx_hal_cortex.c.obj
                0x08008d3c                HAL_NVIC_SetPriorityGrouping
 .text.HAL_NVIC_SetPriority
                0x08008d60       0x70 CMakeFiles/my_libarary.elf.dir/Drivers/STM32F4xx_HAL_Driver/Src/stm32f4xx_hal_cortex.c.obj
                0x08008d60                HAL_NVIC_SetPriority
 .text.HAL_NVIC_EnableIRQ
                0x08008dd0       0x1c CMakeFiles/my_libarary.elf.dir/Drivers/STM32F4xx_HAL_Driver/Src/stm32f4xx_hal_cortex.c.obj
                0x08008dd0                HAL_NVIC_EnableIRQ
 .text.HAL_SYSTICK_Config
                0x08008dec       0x28 CMakeFiles/my_libarary.elf.dir/Drivers/STM32F4xx_HAL_Driver/Src/stm32f4xx_hal_cortex.c.obj
                0x08008dec                HAL_SYSTICK_Config
 .text.DMA_SetConfig
                0x08008e14       0x2c CMakeFiles/my_libarary.elf.dir/Drivers/STM32F4xx_HAL_Driver/Src/stm32f4xx_hal_dma.c.obj
 .text.DMA_CalcBaseAndBitshift
                0x08008e40       0x40 CMakeFiles/my_libarary.elf.dir/Drivers/STM32F4xx_HAL_Driver/Src/stm32f4xx_hal_dma.c.obj
 .text.DMA_CheckFifoParam
                0x08008e80       0x8e CMakeFiles/my_libarary.elf.dir/Drivers/STM32F4xx_HAL_Driver/Src/stm32f4xx_hal_dma.c.obj
 *fill*         0x08008f0e        0x2 
 .text.HAL_DMA_Init
                0x08008f10       0xcc CMakeFiles/my_libarary.elf.dir/Drivers/STM32F4xx_HAL_Driver/Src/stm32f4xx_hal_dma.c.obj
                0x08008f10                HAL_DMA_Init
 .text.HAL_DMA_Start_IT
                0x08008fdc       0x6a CMakeFiles/my_libarary.elf.dir/Drivers/STM32F4xx_HAL_Driver/Src/stm32f4xx_hal_dma.c.obj
                0x08008fdc                HAL_DMA_Start_IT
 .text.HAL_DMA_Abort
                0x08009046       0x94 CMakeFiles/my_libarary.elf.dir/Drivers/STM32F4xx_HAL_Driver/Src/stm32f4xx_hal_dma.c.obj
                0x08009046                HAL_DMA_Abort
 .text.HAL_DMA_Abort_IT
                0x080090da       0x26 CMakeFiles/my_libarary.elf.dir/Drivers/STM32F4xx_HAL_Driver/Src/stm32f4xx_hal_dma.c.obj
                0x080090da                HAL_DMA_Abort_IT
 .text.HAL_DMA_IRQHandler
                0x08009100      0x1dc CMakeFiles/my_libarary.elf.dir/Drivers/STM32F4xx_HAL_Driver/Src/stm32f4xx_hal_dma.c.obj
                0x08009100                HAL_DMA_IRQHandler
 .text.HAL_GPIO_Init
                0x080092dc      0x1e4 CMakeFiles/my_libarary.elf.dir/Drivers/STM32F4xx_HAL_Driver/Src/stm32f4xx_hal_gpio.c.obj
                0x080092dc                HAL_GPIO_Init
 .text.HAL_GPIO_ReadPin
                0x080094c0        0xe CMakeFiles/my_libarary.elf.dir/Drivers/STM32F4xx_HAL_Driver/Src/stm32f4xx_hal_gpio.c.obj
                0x080094c0                HAL_GPIO_ReadPin
 .text.HAL_GPIO_WritePin
                0x080094ce        0xc CMakeFiles/my_libarary.elf.dir/Drivers/STM32F4xx_HAL_Driver/Src/stm32f4xx_hal_gpio.c.obj
                0x080094ce                HAL_GPIO_WritePin
 *fill*         0x080094da        0x2 
 .text.HAL_RCC_OscConfig
                0x080094dc      0x3f8 CMakeFiles/my_libarary.elf.dir/Drivers/STM32F4xx_HAL_Driver/Src/stm32f4xx_hal_rcc.c.obj
                0x080094dc                HAL_RCC_OscConfig
 .text.HAL_RCC_GetSysClockFreq
                0x080098d4       0xd4 CMakeFiles/my_libarary.elf.dir/Drivers/STM32F4xx_HAL_Driver/Src/stm32f4xx_hal_rcc.c.obj
                0x080098d4                HAL_RCC_GetSysClockFreq
 .text.HAL_RCC_ClockConfig
                0x080099a8      0x160 CMakeFiles/my_libarary.elf.dir/Drivers/STM32F4xx_HAL_Driver/Src/stm32f4xx_hal_rcc.c.obj
                0x080099a8                HAL_RCC_ClockConfig
 .text.HAL_RCC_GetHCLKFreq
                0x08009b08        0xc CMakeFiles/my_libarary.elf.dir/Drivers/STM32F4xx_HAL_Driver/Src/stm32f4xx_hal_rcc.c.obj
                0x08009b08                HAL_RCC_GetHCLKFreq
 .text.HAL_RCC_GetPCLK1Freq
                0x08009b14       0x20 CMakeFiles/my_libarary.elf.dir/Drivers/STM32F4xx_HAL_Driver/Src/stm32f4xx_hal_rcc.c.obj
                0x08009b14                HAL_RCC_GetPCLK1Freq
 .text.HAL_RCC_GetPCLK2Freq
                0x08009b34       0x20 CMakeFiles/my_libarary.elf.dir/Drivers/STM32F4xx_HAL_Driver/Src/stm32f4xx_hal_rcc.c.obj
                0x08009b34                HAL_RCC_GetPCLK2Freq
 .text.HAL_SRAM_Init
                0x08009b54       0x58 CMakeFiles/my_libarary.elf.dir/Drivers/STM32F4xx_HAL_Driver/Src/stm32f4xx_hal_sram.c.obj
                0x08009b54                HAL_SRAM_Init
 .text.HAL_TIM_PeriodElapsedCallback
                0x08009bac        0x2 CMakeFiles/my_libarary.elf.dir/Drivers/STM32F4xx_HAL_Driver/Src/stm32f4xx_hal_tim.c.obj
                0x08009bac                HAL_TIM_PeriodElapsedCallback
 .text.HAL_TIM_OC_DelayElapsedCallback
                0x08009bae        0x2 CMakeFiles/my_libarary.elf.dir/Drivers/STM32F4xx_HAL_Driver/Src/stm32f4xx_hal_tim.c.obj
                0x08009bae                HAL_TIM_OC_DelayElapsedCallback
 .text.HAL_TIM_IC_CaptureCallback
                0x08009bb0        0x2 CMakeFiles/my_libarary.elf.dir/Drivers/STM32F4xx_HAL_Driver/Src/stm32f4xx_hal_tim.c.obj
                0x08009bb0                HAL_TIM_IC_CaptureCallback
 .text.HAL_TIM_PWM_PulseFinishedCallback
                0x08009bb2        0x2 CMakeFiles/my_libarary.elf.dir/Drivers/STM32F4xx_HAL_Driver/Src/stm32f4xx_hal_tim.c.obj
                0x08009bb2                HAL_TIM_PWM_PulseFinishedCallback
 .text.HAL_TIM_TriggerCallback
                0x08009bb4        0x2 CMakeFiles/my_libarary.elf.dir/Drivers/STM32F4xx_HAL_Driver/Src/stm32f4xx_hal_tim.c.obj
                0x08009bb4                HAL_TIM_TriggerCallback
 .text.HAL_TIM_IRQHandler
                0x08009bb6      0x17a CMakeFiles/my_libarary.elf.dir/Drivers/STM32F4xx_HAL_Driver/Src/stm32f4xx_hal_tim.c.obj
                0x08009bb6                HAL_TIM_IRQHandler
 .text.TIM_Base_SetConfig
                0x08009d30       0xc8 CMakeFiles/my_libarary.elf.dir/Drivers/STM32F4xx_HAL_Driver/Src/stm32f4xx_hal_tim.c.obj
                0x08009d30                TIM_Base_SetConfig
 .text.HAL_TIM_Base_Init
                0x08009df8       0x58 CMakeFiles/my_libarary.elf.dir/Drivers/STM32F4xx_HAL_Driver/Src/stm32f4xx_hal_tim.c.obj
                0x08009df8                HAL_TIM_Base_Init
 .text.HAL_TIMEx_MasterConfigSynchronization
                0x08009e50       0x8c CMakeFiles/my_libarary.elf.dir/Drivers/STM32F4xx_HAL_Driver/Src/stm32f4xx_hal_tim_ex.c.obj
                0x08009e50                HAL_TIMEx_MasterConfigSynchronization
 .text.HAL_TIMEx_CommutCallback
                0x08009edc        0x2 CMakeFiles/my_libarary.elf.dir/Drivers/STM32F4xx_HAL_Driver/Src/stm32f4xx_hal_tim_ex.c.obj
                0x08009edc                HAL_TIMEx_CommutCallback
 .text.HAL_TIMEx_BreakCallback
                0x08009ede        0x2 CMakeFiles/my_libarary.elf.dir/Drivers/STM32F4xx_HAL_Driver/Src/stm32f4xx_hal_tim_ex.c.obj
                0x08009ede                HAL_TIMEx_BreakCallback
 .text.UART_EndTxTransfer
                0x08009ee0       0x20 CMakeFiles/my_libarary.elf.dir/Drivers/STM32F4xx_HAL_Driver/Src/stm32f4xx_hal_uart.c.obj
 .text.UART_EndRxTransfer
                0x08009f00       0x5c CMakeFiles/my_libarary.elf.dir/Drivers/STM32F4xx_HAL_Driver/Src/stm32f4xx_hal_uart.c.obj
 .text.UART_Transmit_IT
                0x08009f5c       0x60 CMakeFiles/my_libarary.elf.dir/Drivers/STM32F4xx_HAL_Driver/Src/stm32f4xx_hal_uart.c.obj
 .text.UART_SetConfig
                0x08009fbc      0x110 CMakeFiles/my_libarary.elf.dir/Drivers/STM32F4xx_HAL_Driver/Src/stm32f4xx_hal_uart.c.obj
 .text.UART_WaitOnFlagUntilTimeout
                0x0800a0cc       0x88 CMakeFiles/my_libarary.elf.dir/Drivers/STM32F4xx_HAL_Driver/Src/stm32f4xx_hal_uart.c.obj
 .text.HAL_UART_Init
                0x0800a154       0x5e CMakeFiles/my_libarary.elf.dir/Drivers/STM32F4xx_HAL_Driver/Src/stm32f4xx_hal_uart.c.obj
                0x0800a154                HAL_UART_Init
 .text.HAL_UART_Transmit
                0x0800a1b2       0xd8 CMakeFiles/my_libarary.elf.dir/Drivers/STM32F4xx_HAL_Driver/Src/stm32f4xx_hal_uart.c.obj
                0x0800a1b2                HAL_UART_Transmit
 .text.HAL_UART_DMAStop
                0x0800a28a       0x84 CMakeFiles/my_libarary.elf.dir/Drivers/STM32F4xx_HAL_Driver/Src/stm32f4xx_hal_uart.c.obj
                0x0800a28a                HAL_UART_DMAStop
 .text.HAL_UART_TxCpltCallback
                0x0800a30e        0x2 CMakeFiles/my_libarary.elf.dir/Drivers/STM32F4xx_HAL_Driver/Src/stm32f4xx_hal_uart.c.obj
                0x0800a30e                HAL_UART_TxCpltCallback
 .text.UART_EndTransmit_IT
                0x0800a310       0x1a CMakeFiles/my_libarary.elf.dir/Drivers/STM32F4xx_HAL_Driver/Src/stm32f4xx_hal_uart.c.obj
 .text.HAL_UART_RxCpltCallback
                0x0800a32a        0x2 CMakeFiles/my_libarary.elf.dir/Drivers/STM32F4xx_HAL_Driver/Src/stm32f4xx_hal_uart.c.obj
                0x0800a32a                HAL_UART_RxCpltCallback
 .text.HAL_UART_RxHalfCpltCallback
                0x0800a32c        0x2 CMakeFiles/my_libarary.elf.dir/Drivers/STM32F4xx_HAL_Driver/Src/stm32f4xx_hal_uart.c.obj
                0x0800a32c                HAL_UART_RxHalfCpltCallback
 .text.HAL_UART_ErrorCallback
                0x0800a32e        0x2 CMakeFiles/my_libarary.elf.dir/Drivers/STM32F4xx_HAL_Driver/Src/stm32f4xx_hal_uart.c.obj
                0x0800a32e                HAL_UART_ErrorCallback
 .text.UART_DMAError
                0x0800a330       0x58 CMakeFiles/my_libarary.elf.dir/Drivers/STM32F4xx_HAL_Driver/Src/stm32f4xx_hal_uart.c.obj
 .text.UART_DMAAbortOnError
                0x0800a388       0x10 CMakeFiles/my_libarary.elf.dir/Drivers/STM32F4xx_HAL_Driver/Src/stm32f4xx_hal_uart.c.obj
 .text.HAL_UARTEx_RxEventCallback
                0x0800a398        0x2 CMakeFiles/my_libarary.elf.dir/Drivers/STM32F4xx_HAL_Driver/Src/stm32f4xx_hal_uart.c.obj
                0x0800a398                HAL_UARTEx_RxEventCallback
 .text.UART_Receive_IT
                0x0800a39a       0xe2 CMakeFiles/my_libarary.elf.dir/Drivers/STM32F4xx_HAL_Driver/Src/stm32f4xx_hal_uart.c.obj
 .text.HAL_UART_IRQHandler
                0x0800a47c      0x280 CMakeFiles/my_libarary.elf.dir/Drivers/STM32F4xx_HAL_Driver/Src/stm32f4xx_hal_uart.c.obj
                0x0800a47c                HAL_UART_IRQHandler
 .text.UART_DMARxHalfCplt
                0x0800a6fc       0x1a CMakeFiles/my_libarary.elf.dir/Drivers/STM32F4xx_HAL_Driver/Src/stm32f4xx_hal_uart.c.obj
 .text.UART_DMAReceiveCplt
                0x0800a716       0x96 CMakeFiles/my_libarary.elf.dir/Drivers/STM32F4xx_HAL_Driver/Src/stm32f4xx_hal_uart.c.obj
 .text.UART_Start_Receive_DMA
                0x0800a7ac       0xa8 CMakeFiles/my_libarary.elf.dir/Drivers/STM32F4xx_HAL_Driver/Src/stm32f4xx_hal_uart.c.obj
                0x0800a7ac                UART_Start_Receive_DMA
 .text.HAL_UART_Receive_DMA
                0x0800a854       0x38 CMakeFiles/my_libarary.elf.dir/Drivers/STM32F4xx_HAL_Driver/Src/stm32f4xx_hal_uart.c.obj
                0x0800a854                HAL_UART_Receive_DMA
 .text.FSMC_NORSRAM_Init
                0x0800a88c       0x68 CMakeFiles/my_libarary.elf.dir/Drivers/STM32F4xx_HAL_Driver/Src/stm32f4xx_ll_fsmc.c.obj
                0x0800a88c                FSMC_NORSRAM_Init
 .text.FSMC_NORSRAM_Timing_Init
                0x0800a8f4       0x50 CMakeFiles/my_libarary.elf.dir/Drivers/STM32F4xx_HAL_Driver/Src/stm32f4xx_ll_fsmc.c.obj
                0x0800a8f4                FSMC_NORSRAM_Timing_Init
 .text.FSMC_NORSRAM_Extended_Timing_Init
                0x0800a944       0x44 CMakeFiles/my_libarary.elf.dir/Drivers/STM32F4xx_HAL_Driver/Src/stm32f4xx_ll_fsmc.c.obj
                0x0800a944                FSMC_NORSRAM_Extended_Timing_Init
 .text._ZN9stm32f4074GPIO9RCCEnableENS_10PORT_INDEXE
                0x0800a988       0xd0 CMakeFiles/my_libarary.elf.dir/MyLibrary/Src/MyGPIO.cpp.obj
                0x0800a988                stm32f407::GPIO::RCCEnable(stm32f407::PORT_INDEX)
 .text._ZN9stm32f4074GPIO10InitializeENS_10PORT_INDEXEP12GPIO_TypeDeftmm
                0x0800aa58       0x3a CMakeFiles/my_libarary.elf.dir/MyLibrary/Src/MyGPIO.cpp.obj
                0x0800aa58                stm32f407::GPIO::Initialize(stm32f407::PORT_INDEX, GPIO_TypeDef*, unsigned short, unsigned long, unsigned long)
 *fill*         0x0800aa92        0x2 
 .text._ZN9stm32f4074GPIOC2ENS_10PORT_INDEXEtmm
                0x0800aa94       0x2c CMakeFiles/my_libarary.elf.dir/MyLibrary/Src/MyGPIO.cpp.obj
                0x0800aa94                stm32f407::GPIO::GPIO(stm32f407::PORT_INDEX, unsigned short, unsigned long, unsigned long)
                0x0800aa94                stm32f407::GPIO::GPIO(stm32f407::PORT_INDEX, unsigned short, unsigned long, unsigned long)
 .text._ZN7MyUsart5writeEh
                0x0800aac0       0x22 CMakeFiles/my_libarary.elf.dir/MyLibrary/Src/MyUsart.cpp.obj
                0x0800aac0                MyUsart::write(unsigned char)
 .text._ZN7MyUsart5writeEPKhj
                0x0800aae2       0x16 CMakeFiles/my_libarary.elf.dir/MyLibrary/Src/MyUsart.cpp.obj
                0x0800aae2                MyUsart::write(unsigned char const*, unsigned int)
 .text._ZN7MyUsartC2EP20__UART_HandleTypeDef
                0x0800aaf8       0x34 CMakeFiles/my_libarary.elf.dir/MyLibrary/Src/MyUsart.cpp.obj
                0x0800aaf8                MyUsart::MyUsart(__UART_HandleTypeDef*)
                0x0800aaf8                MyUsart::MyUsart(__UART_HandleTypeDef*)
 .text._ZN7MyUsart11ReceiveInitEv
                0x0800ab2c       0x4e CMakeFiles/my_libarary.elf.dir/MyLibrary/Src/MyUsart.cpp.obj
                0x0800ab2c                MyUsart::ReceiveInit()
 .text._ZN7MyUsart19ReceiveDataCallBackEP19__DMA_HandleTypeDef
                0x0800ab7a       0x6a CMakeFiles/my_libarary.elf.dir/MyLibrary/Src/MyUsart.cpp.obj
                0x0800ab7a                MyUsart::ReceiveDataCallBack(__DMA_HandleTypeDef*)
 .text._ZN7MyUsartD2Ev
                0x0800abe4       0x14 CMakeFiles/my_libarary.elf.dir/MyLibrary/Src/MyUsart.cpp.obj
                0x0800abe4                MyUsart::~MyUsart()
                0x0800abe4                MyUsart::~MyUsart()
 .text._ZN7MyUsart12ReceiveAgainEv
                0x0800abf8       0x6c CMakeFiles/my_libarary.elf.dir/MyLibrary/Src/MyUsart.cpp.obj
                0x0800abf8                MyUsart::ReceiveAgain()
 .text._ZN7MyUsart7GetRECVEv
                0x0800ac64        0x6 CMakeFiles/my_libarary.elf.dir/MyLibrary/Src/MyUsart.cpp.obj
                0x0800ac64                MyUsart::GetRECV()
 .text._ZN11inputStream9availableEv
                0x0800ac6a        0x6 CMakeFiles/my_libarary.elf.dir/MyLibrary/Src/inputStream.cpp.obj
                0x0800ac6a                inputStream::available()
 .text._ZN11inputStream4readEv
                0x0800ac70       0x22 CMakeFiles/my_libarary.elf.dir/MyLibrary/Src/inputStream.cpp.obj
                0x0800ac70                inputStream::read()
 .text._ZN11inputStream4peekEv
                0x0800ac92       0x16 CMakeFiles/my_libarary.elf.dir/MyLibrary/Src/inputStream.cpp.obj
                0x0800ac92                inputStream::peek()
 .text._ZN11inputStream4getcEv
                0x0800aca8       0x1e CMakeFiles/my_libarary.elf.dir/MyLibrary/Src/inputStream.cpp.obj
                0x0800aca8                inputStream::getc()
 *fill*         0x0800acc6        0x2 
 .text._ZN11inputStream9scanFloatEv
                0x0800acc8       0xf4 CMakeFiles/my_libarary.elf.dir/MyLibrary/Src/inputStream.cpp.obj
                0x0800acc8                inputStream::scanFloat()
 .text._ZN11inputStream4scanEPc
                0x0800adbc       0x3c CMakeFiles/my_libarary.elf.dir/MyLibrary/Src/inputStream.cpp.obj
                0x0800adbc                inputStream::scan(char*)
 .text._ZN11inputStream4scanERf
                0x0800adf8       0x14 CMakeFiles/my_libarary.elf.dir/MyLibrary/Src/inputStream.cpp.obj
                0x0800adf8                inputStream::scan(float&)
 .text._ZN9stm32f4075MyIIc9availableEv
                0x0800ae0c        0x6 CMakeFiles/my_libarary.elf.dir/MyLibrary/Src/myIIc.cpp.obj
                0x0800ae0c                stm32f407::MyIIc::available()
 .text._ZThn4_N9stm32f4075MyIIc9availableEv
                0x0800ae12        0x8 CMakeFiles/my_libarary.elf.dir/MyLibrary/Src/myIIc.cpp.obj
                0x0800ae12                non-virtual thunk to stm32f407::MyIIc::available()
 .text._ZN9stm32f4075MyIIc5delayEv
                0x0800ae1a        0xa CMakeFiles/my_libarary.elf.dir/MyLibrary/Src/myIIc.cpp.obj
                0x0800ae1a                stm32f407::MyIIc::delay()
 .text._ZN9stm32f4075MyIIc5startEv
                0x0800ae24       0x7a CMakeFiles/my_libarary.elf.dir/MyLibrary/Src/myIIc.cpp.obj
                0x0800ae24                stm32f407::MyIIc::start()
 .text._ZN9stm32f4075MyIIc4stopEv
                0x0800ae9e       0x48 CMakeFiles/my_libarary.elf.dir/MyLibrary/Src/myIIc.cpp.obj
                0x0800ae9e                stm32f407::MyIIc::stop()
 *fill*         0x0800aee6        0x2 
 .text._ZN9stm32f4075MyIIc10InitializeEv
                0x0800aee8       0x58 CMakeFiles/my_libarary.elf.dir/MyLibrary/Src/myIIc.cpp.obj
                0x0800aee8                stm32f407::MyIIc::Initialize()
 .text._ZN9stm32f4075MyIIc3ackEv
                0x0800af40       0x4a CMakeFiles/my_libarary.elf.dir/MyLibrary/Src/myIIc.cpp.obj
                0x0800af40                stm32f407::MyIIc::ack()
 .text._ZN9stm32f4075MyIIc5noAckEv
                0x0800af8a       0x48 CMakeFiles/my_libarary.elf.dir/MyLibrary/Src/myIIc.cpp.obj
                0x0800af8a                stm32f407::MyIIc::noAck()
 .text._ZN9stm32f4075MyIIc7waitAckEv
                0x0800afd2       0x78 CMakeFiles/my_libarary.elf.dir/MyLibrary/Src/myIIc.cpp.obj
                0x0800afd2                stm32f407::MyIIc::waitAck()
 .text._ZN9stm32f4075MyIIc8SendByteEh
                0x0800b04a       0x6a CMakeFiles/my_libarary.elf.dir/MyLibrary/Src/myIIc.cpp.obj
                0x0800b04a                stm32f407::MyIIc::SendByte(unsigned char)
 .text._ZN9stm32f4075MyIIc11SingleWriteEhhh
                0x0800b0b4       0xc8 CMakeFiles/my_libarary.elf.dir/MyLibrary/Src/myIIc.cpp.obj
                0x0800b0b4                stm32f407::MyIIc::SingleWrite(unsigned char, unsigned char, unsigned char)
 .text._ZN9stm32f4075MyIIc5writeEh
                0x0800b17c       0x14 CMakeFiles/my_libarary.elf.dir/MyLibrary/Src/myIIc.cpp.obj
                0x0800b17c                stm32f407::MyIIc::write(unsigned char)
 .text._ZN9stm32f4075MyIIc8ReadByteEv
                0x0800b190       0x72 CMakeFiles/my_libarary.elf.dir/MyLibrary/Src/myIIc.cpp.obj
                0x0800b190                stm32f407::MyIIc::ReadByte()
 *fill*         0x0800b202        0x2 
 .text._ZN9stm32f4075MyIIc10SingleReadEhh
                0x0800b204       0x9c CMakeFiles/my_libarary.elf.dir/MyLibrary/Src/myIIc.cpp.obj
                0x0800b204                stm32f407::MyIIc::SingleRead(unsigned char, unsigned char)
 .text._ZN9stm32f4075MyIIc12MultipleReadEhhPhh
                0x0800b2a0       0x5c CMakeFiles/my_libarary.elf.dir/MyLibrary/Src/myIIc.cpp.obj
                0x0800b2a0                stm32f407::MyIIc::MultipleRead(unsigned char, unsigned char, unsigned char*, unsigned char)
 .text._ZN9stm32f4075MyIIc4readEv
                0x0800b2fc       0x6c CMakeFiles/my_libarary.elf.dir/MyLibrary/Src/myIIc.cpp.obj
                0x0800b2fc                stm32f407::MyIIc::read()
 .text._ZThn4_N9stm32f4075MyIIc4readEv
                0x0800b368        0x8 CMakeFiles/my_libarary.elf.dir/MyLibrary/Src/myIIc.cpp.obj
                0x0800b368                non-virtual thunk to stm32f407::MyIIc::read()
 .text._ZN9stm32f4075MyIIc13MultipleWriteEhhPhh
                0x0800b370       0x6e CMakeFiles/my_libarary.elf.dir/MyLibrary/Src/myIIc.cpp.obj
                0x0800b370                stm32f407::MyIIc::MultipleWrite(unsigned char, unsigned char, unsigned char*, unsigned char)
 .text._ZN9stm32f4075MyIIc5writeEPKhj
                0x0800b3de       0x1e CMakeFiles/my_libarary.elf.dir/MyLibrary/Src/myIIc.cpp.obj
                0x0800b3de                stm32f407::MyIIc::write(unsigned char const*, unsigned int)
 .text._ZN9stm32f4075MyIIc15SetSlaveAddressEh
                0x0800b3fc        0x6 CMakeFiles/my_libarary.elf.dir/MyLibrary/Src/myIIc.cpp.obj
                0x0800b3fc                stm32f407::MyIIc::SetSlaveAddress(unsigned char)
 .text._ZN9stm32f4075MyIIc13SetREGAddressEh
                0x0800b402        0x6 CMakeFiles/my_libarary.elf.dir/MyLibrary/Src/myIIc.cpp.obj
                0x0800b402                stm32f407::MyIIc::SetREGAddress(unsigned char)
 .text._ZN9stm32f4075MyIIcC2EPNS_4GPIOES2_hh
                0x0800b408       0x48 CMakeFiles/my_libarary.elf.dir/MyLibrary/Src/myIIc.cpp.obj
                0x0800b408                stm32f407::MyIIc::MyIIc(stm32f407::GPIO*, stm32f407::GPIO*, unsigned char, unsigned char)
                0x0800b408                stm32f407::MyIIc::MyIIc(stm32f407::GPIO*, stm32f407::GPIO*, unsigned char, unsigned char)
 .text._ZN9stm32f4075MyIIc15GetSlaveAddressEv
                0x0800b450        0x6 CMakeFiles/my_libarary.elf.dir/MyLibrary/Src/myIIc.cpp.obj
                0x0800b450                stm32f407::MyIIc::GetSlaveAddress()
 .text._ZN9stm32f4075MyIIc13GetREGAddressEv
                0x0800b456        0x6 CMakeFiles/my_libarary.elf.dir/MyLibrary/Src/myIIc.cpp.obj
                0x0800b456                stm32f407::MyIIc::GetREGAddress()
 .text._ZN12outputStream11printNumberEmh
                0x0800b45c       0x5a CMakeFiles/my_libarary.elf.dir/MyLibrary/Src/outputStream.cpp.obj
                0x0800b45c                outputStream::printNumber(unsigned long, unsigned char)
 .text._ZN12outputStream5printEPKc
                0x0800b4b6       0x20 CMakeFiles/my_libarary.elf.dir/MyLibrary/Src/outputStream.cpp.obj
                0x0800b4b6                outputStream::print(char const*)
 .text._ZN12outputStream5printEc
                0x0800b4d6        0xa CMakeFiles/my_libarary.elf.dir/MyLibrary/Src/outputStream.cpp.obj
                0x0800b4d6                outputStream::print(char)
 .text._ZN12outputStream5printEyi
                0x0800b4e0       0x1a CMakeFiles/my_libarary.elf.dir/MyLibrary/Src/outputStream.cpp.obj
                0x0800b4e0                outputStream::print(unsigned long long, int)
 .text._ZN12outputStream5printEji
                0x0800b4fa       0x14 CMakeFiles/my_libarary.elf.dir/MyLibrary/Src/outputStream.cpp.obj
                0x0800b4fa                outputStream::print(unsigned int, int)
 *fill*         0x0800b50e        0x2 
 .text._ZN12outputStream10printFloatEdh
                0x0800b510      0x188 CMakeFiles/my_libarary.elf.dir/MyLibrary/Src/outputStream.cpp.obj
                0x0800b510                outputStream::printFloat(double, unsigned char)
 .text._ZN12outputStream5printEdi
                0x0800b698       0x14 CMakeFiles/my_libarary.elf.dir/MyLibrary/Src/outputStream.cpp.obj
                0x0800b698                outputStream::print(double, int)
 .text.__aeabi_atexit
                0x0800b6ac        0xc d:/programfiles/gnu arm embedded toolchain/10 2021.10/bin/../lib/gcc/arm-none-eabi/10.3.1/../../../../arm-none-eabi/lib/thumb/v7e-m/nofp\libstdc++.a(atexit_arm.o)
                0x0800b6ac                __aeabi_atexit
 .text._ZNK10__cxxabiv117__class_type_info11__do_upcastEPKS0_PPv
                0x0800b6b8       0x34 d:/programfiles/gnu arm embedded toolchain/10 2021.10/bin/../lib/gcc/arm-none-eabi/10.3.1/../../../../arm-none-eabi/lib/thumb/v7e-m/nofp\libstdc++.a(class_type_info.o)
                0x0800b6b8                __cxxabiv1::__class_type_info::__do_upcast(__cxxabiv1::__class_type_info const*, void**) const
 .text._ZNK10__cxxabiv117__class_type_info20__do_find_public_srcEiPKvPKS0_S2_
                0x0800b6ec        0xc d:/programfiles/gnu arm embedded toolchain/10 2021.10/bin/../lib/gcc/arm-none-eabi/10.3.1/../../../../arm-none-eabi/lib/thumb/v7e-m/nofp\libstdc++.a(class_type_info.o)
                0x0800b6ec                __cxxabiv1::__class_type_info::__do_find_public_src(int, void const*, __cxxabiv1::__class_type_info const*, void const*) const
 .text._ZN10__cxxabiv117__class_type_infoD2Ev
                0x0800b6f8       0x14 d:/programfiles/gnu arm embedded toolchain/10 2021.10/bin/../lib/gcc/arm-none-eabi/10.3.1/../../../../arm-none-eabi/lib/thumb/v7e-m/nofp\libstdc++.a(class_type_info.o)
                0x0800b6f8                __cxxabiv1::__class_type_info::~__class_type_info()
                0x0800b6f8                __cxxabiv1::__class_type_info::~__class_type_info()
 .text._ZN10__cxxabiv117__class_type_infoD0Ev
                0x0800b70c       0x1c d:/programfiles/gnu arm embedded toolchain/10 2021.10/bin/../lib/gcc/arm-none-eabi/10.3.1/../../../../arm-none-eabi/lib/thumb/v7e-m/nofp\libstdc++.a(class_type_info.o)
                0x0800b70c                __cxxabiv1::__class_type_info::~__class_type_info()
 .text._ZNK10__cxxabiv117__class_type_info12__do_dyncastEiNS0_10__sub_kindEPKS0_PKvS3_S5_RNS0_16__dyncast_resultE
                0x0800b728       0x44 d:/programfiles/gnu arm embedded toolchain/10 2021.10/bin/../lib/gcc/arm-none-eabi/10.3.1/../../../../arm-none-eabi/lib/thumb/v7e-m/nofp\libstdc++.a(class_type_info.o)
                0x0800b728                __cxxabiv1::__class_type_info::__do_dyncast(int, __cxxabiv1::__class_type_info::__sub_kind, __cxxabiv1::__class_type_info const*, void const*, __cxxabiv1::__class_type_info const*, void const*, __cxxabiv1::__class_type_info::__dyncast_result&) const
 .text._ZNK10__cxxabiv117__class_type_info11__do_upcastEPKS0_PKvRNS0_15__upcast_resultE
                0x0800b76c       0x1c d:/programfiles/gnu arm embedded toolchain/10 2021.10/bin/../lib/gcc/arm-none-eabi/10.3.1/../../../../arm-none-eabi/lib/thumb/v7e-m/nofp\libstdc++.a(class_type_info.o)
                0x0800b76c                __cxxabiv1::__class_type_info::__do_upcast(__cxxabiv1::__class_type_info const*, void const*, __cxxabiv1::__class_type_info::__upcast_result&) const
 .text._ZNK10__cxxabiv117__class_type_info10__do_catchEPKSt9type_infoPPvj
                0x0800b788       0x2c d:/programfiles/gnu arm embedded toolchain/10 2021.10/bin/../lib/gcc/arm-none-eabi/10.3.1/../../../../arm-none-eabi/lib/thumb/v7e-m/nofp\libstdc++.a(class_type_info.o)
                0x0800b788                __cxxabiv1::__class_type_info::__do_catch(std::type_info const*, void**, unsigned int) const
 .text._ZdlPvj  0x0800b7b4        0x4 d:/programfiles/gnu arm embedded toolchain/10 2021.10/bin/../lib/gcc/arm-none-eabi/10.3.1/../../../../arm-none-eabi/lib/thumb/v7e-m/nofp\libstdc++.a(del_ops.o)
                0x0800b7b4                operator delete(void*, unsigned int)
 .text.__cxa_end_cleanup
                0x0800b7b8        0xc d:/programfiles/gnu arm embedded toolchain/10 2021.10/bin/../lib/gcc/arm-none-eabi/10.3.1/../../../../arm-none-eabi/lib/thumb/v7e-m/nofp\libstdc++.a(eh_arm.o)
                0x0800b7b8                __cxa_end_cleanup
 .text.__cxa_type_match
                0x0800b7c4       0xb4 d:/programfiles/gnu arm embedded toolchain/10 2021.10/bin/../lib/gcc/arm-none-eabi/10.3.1/../../../../arm-none-eabi/lib/thumb/v7e-m/nofp\libstdc++.a(eh_arm.o)
                0x0800b7c4                __cxa_type_match
 .text.__cxa_begin_cleanup
                0x0800b878       0x64 d:/programfiles/gnu arm embedded toolchain/10 2021.10/bin/../lib/gcc/arm-none-eabi/10.3.1/../../../../arm-none-eabi/lib/thumb/v7e-m/nofp\libstdc++.a(eh_arm.o)
                0x0800b878                __cxa_begin_cleanup
 .text.__gnu_end_cleanup
                0x0800b8dc       0x70 d:/programfiles/gnu arm embedded toolchain/10 2021.10/bin/../lib/gcc/arm-none-eabi/10.3.1/../../../../arm-none-eabi/lib/thumb/v7e-m/nofp\libstdc++.a(eh_arm.o)
                0x0800b8dc                __gnu_end_cleanup
 .text._ZNSt9exceptionD2Ev
                0x0800b94c        0x4 d:/programfiles/gnu arm embedded toolchain/10 2021.10/bin/../lib/gcc/arm-none-eabi/10.3.1/../../../../arm-none-eabi/lib/thumb/v7e-m/nofp\libstdc++.a(eh_exception.o)
                0x0800b94c                std::exception::~exception()
                0x0800b94c                std::exception::~exception()
 .text._ZNSt13bad_exceptionD2Ev
                0x0800b950        0x4 d:/programfiles/gnu arm embedded toolchain/10 2021.10/bin/../lib/gcc/arm-none-eabi/10.3.1/../../../../arm-none-eabi/lib/thumb/v7e-m/nofp\libstdc++.a(eh_exception.o)
                0x0800b950                std::bad_exception::~bad_exception()
                0x0800b950                std::bad_exception::~bad_exception()
 .text._ZNKSt13bad_exception4whatEv
                0x0800b954        0x8 d:/programfiles/gnu arm embedded toolchain/10 2021.10/bin/../lib/gcc/arm-none-eabi/10.3.1/../../../../arm-none-eabi/lib/thumb/v7e-m/nofp\libstdc++.a(eh_exception.o)
                0x0800b954                std::bad_exception::what() const
                0x0800b954                transaction clone for std::bad_exception::what() const
 .text._ZNSt13bad_exceptionD0Ev
                0x0800b95c       0x10 d:/programfiles/gnu arm embedded toolchain/10 2021.10/bin/../lib/gcc/arm-none-eabi/10.3.1/../../../../arm-none-eabi/lib/thumb/v7e-m/nofp\libstdc++.a(eh_exception.o)
                0x0800b95c                std::bad_exception::~bad_exception()
 .text.__cxa_get_globals_fast
                0x0800b96c        0x8 d:/programfiles/gnu arm embedded toolchain/10 2021.10/bin/../lib/gcc/arm-none-eabi/10.3.1/../../../../arm-none-eabi/lib/thumb/v7e-m/nofp\libstdc++.a(eh_globals.o)
                0x0800b96c                __cxa_get_globals_fast
 .text.__cxa_get_globals
                0x0800b974        0x8 d:/programfiles/gnu arm embedded toolchain/10 2021.10/bin/../lib/gcc/arm-none-eabi/10.3.1/../../../../arm-none-eabi/lib/thumb/v7e-m/nofp\libstdc++.a(eh_globals.o)
                0x0800b974                __cxa_get_globals
 .text._ZL28read_encoded_value_with_basehjPKhPj
                0x0800b97c       0xc0 d:/programfiles/gnu arm embedded toolchain/10 2021.10/bin/../lib/gcc/arm-none-eabi/10.3.1/../../../../arm-none-eabi/lib/thumb/v7e-m/nofp\libstdc++.a(eh_personality.o)
 .text._ZL21base_of_encoded_valuehP15_Unwind_Context
                0x0800ba3c       0x48 d:/programfiles/gnu arm embedded toolchain/10 2021.10/bin/../lib/gcc/arm-none-eabi/10.3.1/../../../../arm-none-eabi/lib/thumb/v7e-m/nofp\libstdc++.a(eh_personality.o)
 .text._ZL17parse_lsda_headerP15_Unwind_ContextPKhP16lsda_header_info
                0x0800ba84       0x94 d:/programfiles/gnu arm embedded toolchain/10 2021.10/bin/../lib/gcc/arm-none-eabi/10.3.1/../../../../arm-none-eabi/lib/thumb/v7e-m/nofp\libstdc++.a(eh_personality.o)
 .text.__gxx_personality_v0
                0x0800bb18      0x4a8 d:/programfiles/gnu arm embedded toolchain/10 2021.10/bin/../lib/gcc/arm-none-eabi/10.3.1/../../../../arm-none-eabi/lib/thumb/v7e-m/nofp\libstdc++.a(eh_personality.o)
                0x0800bb18                __gxx_personality_v0
 .text._ZN10__cxxabiv111__terminateEPFvvE
                0x0800bfc0       0x28 d:/programfiles/gnu arm embedded toolchain/10 2021.10/bin/../lib/gcc/arm-none-eabi/10.3.1/../../../../arm-none-eabi/lib/thumb/v7e-m/nofp\libstdc++.a(eh_terminate.o)
                0x0800bfc0                __cxxabiv1::__terminate(void (*)())
 .text._ZSt9terminatev
                0x0800bfe8       0x14 d:/programfiles/gnu arm embedded toolchain/10 2021.10/bin/../lib/gcc/arm-none-eabi/10.3.1/../../../../arm-none-eabi/lib/thumb/v7e-m/nofp\libstdc++.a(eh_terminate.o)
                0x0800bfe8                std::terminate()
 .text._ZN10__cxxabiv112__unexpectedEPFvvE
                0x0800bffc        0x8 d:/programfiles/gnu arm embedded toolchain/10 2021.10/bin/../lib/gcc/arm-none-eabi/10.3.1/../../../../arm-none-eabi/lib/thumb/v7e-m/nofp\libstdc++.a(eh_terminate.o)
                0x0800bffc                __cxxabiv1::__unexpected(void (*)())
 .text._ZSt10unexpectedv
                0x0800c004       0x14 d:/programfiles/gnu arm embedded toolchain/10 2021.10/bin/../lib/gcc/arm-none-eabi/10.3.1/../../../../arm-none-eabi/lib/thumb/v7e-m/nofp\libstdc++.a(eh_terminate.o)
                0x0800c004                std::unexpected()
 .text._ZSt13get_terminatev
                0x0800c018       0x10 d:/programfiles/gnu arm embedded toolchain/10 2021.10/bin/../lib/gcc/arm-none-eabi/10.3.1/../../../../arm-none-eabi/lib/thumb/v7e-m/nofp\libstdc++.a(eh_terminate.o)
                0x0800c018                std::get_terminate()
 .text._ZSt14get_unexpectedv
                0x0800c028       0x10 d:/programfiles/gnu arm embedded toolchain/10 2021.10/bin/../lib/gcc/arm-none-eabi/10.3.1/../../../../arm-none-eabi/lib/thumb/v7e-m/nofp\libstdc++.a(eh_terminate.o)
                0x0800c028                std::get_unexpected()
 .text._Znwj    0x0800c038       0x3c d:/programfiles/gnu arm embedded toolchain/10 2021.10/bin/../lib/gcc/arm-none-eabi/10.3.1/../../../../arm-none-eabi/lib/thumb/v7e-m/nofp\libstdc++.a(new_op.o)
                0x0800c038                operator new(unsigned int)
 .text.__cxa_pure_virtual
                0x0800c074       0x14 d:/programfiles/gnu arm embedded toolchain/10 2021.10/bin/../lib/gcc/arm-none-eabi/10.3.1/../../../../arm-none-eabi/lib/thumb/v7e-m/nofp\libstdc++.a(pure.o)
                0x0800c074                __cxa_pure_virtual
 .text._ZN10__cxxabiv120__si_class_type_infoD2Ev
                0x0800c088       0x14 d:/programfiles/gnu arm embedded toolchain/10 2021.10/bin/../lib/gcc/arm-none-eabi/10.3.1/../../../../arm-none-eabi/lib/thumb/v7e-m/nofp\libstdc++.a(si_class_type_info.o)
                0x0800c088                __cxxabiv1::__si_class_type_info::~__si_class_type_info()
                0x0800c088                __cxxabiv1::__si_class_type_info::~__si_class_type_info()
 .text._ZN10__cxxabiv120__si_class_type_infoD0Ev
                0x0800c09c       0x1c d:/programfiles/gnu arm embedded toolchain/10 2021.10/bin/../lib/gcc/arm-none-eabi/10.3.1/../../../../arm-none-eabi/lib/thumb/v7e-m/nofp\libstdc++.a(si_class_type_info.o)
                0x0800c09c                __cxxabiv1::__si_class_type_info::~__si_class_type_info()
 .text._ZNK10__cxxabiv120__si_class_type_info20__do_find_public_srcEiPKvPKNS_17__class_type_infoES2_
                0x0800c0b8       0x3c d:/programfiles/gnu arm embedded toolchain/10 2021.10/bin/../lib/gcc/arm-none-eabi/10.3.1/../../../../arm-none-eabi/lib/thumb/v7e-m/nofp\libstdc++.a(si_class_type_info.o)
                0x0800c0b8                __cxxabiv1::__si_class_type_info::__do_find_public_src(int, void const*, __cxxabiv1::__class_type_info const*, void const*) const
 .text._ZNK10__cxxabiv120__si_class_type_info12__do_dyncastEiNS_17__class_type_info10__sub_kindEPKS1_PKvS4_S6_RNS1_16__dyncast_resultE
                0x0800c0f4       0x84 d:/programfiles/gnu arm embedded toolchain/10 2021.10/bin/../lib/gcc/arm-none-eabi/10.3.1/../../../../arm-none-eabi/lib/thumb/v7e-m/nofp\libstdc++.a(si_class_type_info.o)
                0x0800c0f4                __cxxabiv1::__si_class_type_info::__do_dyncast(int, __cxxabiv1::__class_type_info::__sub_kind, __cxxabiv1::__class_type_info const*, void const*, __cxxabiv1::__class_type_info const*, void const*, __cxxabiv1::__class_type_info::__dyncast_result&) const
 .text._ZNK10__cxxabiv120__si_class_type_info11__do_upcastEPKNS_17__class_type_infoEPKvRNS1_15__upcast_resultE
                0x0800c178       0x2c d:/programfiles/gnu arm embedded toolchain/10 2021.10/bin/../lib/gcc/arm-none-eabi/10.3.1/../../../../arm-none-eabi/lib/thumb/v7e-m/nofp\libstdc++.a(si_class_type_info.o)
                0x0800c178                __cxxabiv1::__si_class_type_info::__do_upcast(__cxxabiv1::__class_type_info const*, void const*, __cxxabiv1::__class_type_info::__upcast_result&) const
 .text._ZNSt9type_infoD2Ev
                0x0800c1a4        0x4 d:/programfiles/gnu arm embedded toolchain/10 2021.10/bin/../lib/gcc/arm-none-eabi/10.3.1/../../../../arm-none-eabi/lib/thumb/v7e-m/nofp\libstdc++.a(tinfo.o)
                0x0800c1a4                std::type_info::~type_info()
                0x0800c1a4                std::type_info::~type_info()
 .text._ZNKSt9type_info14__is_pointer_pEv
                0x0800c1a8        0x4 d:/programfiles/gnu arm embedded toolchain/10 2021.10/bin/../lib/gcc/arm-none-eabi/10.3.1/../../../../arm-none-eabi/lib/thumb/v7e-m/nofp\libstdc++.a(tinfo.o)
                0x0800c1a8                std::type_info::__is_pointer_p() const
                0x0800c1a8                std::type_info::__is_function_p() const
 .text._ZNKSt9type_infoeqERKS_
                0x0800c1ac       0x2c d:/programfiles/gnu arm embedded toolchain/10 2021.10/bin/../lib/gcc/arm-none-eabi/10.3.1/../../../../arm-none-eabi/lib/thumb/v7e-m/nofp\libstdc++.a(tinfo.o)
                0x0800c1ac                std::type_info::operator==(std::type_info const&) const
 .text._ZN10__cxxabiv121__vmi_class_type_infoD2Ev
                0x0800c1d8       0x14 d:/programfiles/gnu arm embedded toolchain/10 2021.10/bin/../lib/gcc/arm-none-eabi/10.3.1/../../../../arm-none-eabi/lib/thumb/v7e-m/nofp\libstdc++.a(vmi_class_type_info.o)
                0x0800c1d8                __cxxabiv1::__vmi_class_type_info::~__vmi_class_type_info()
                0x0800c1d8                __cxxabiv1::__vmi_class_type_info::~__vmi_class_type_info()
 .text._ZN10__cxxabiv121__vmi_class_type_infoD0Ev
                0x0800c1ec       0x1c d:/programfiles/gnu arm embedded toolchain/10 2021.10/bin/../lib/gcc/arm-none-eabi/10.3.1/../../../../arm-none-eabi/lib/thumb/v7e-m/nofp\libstdc++.a(vmi_class_type_info.o)
                0x0800c1ec                __cxxabiv1::__vmi_class_type_info::~__vmi_class_type_info()
 .text._ZNK10__cxxabiv121__vmi_class_type_info20__do_find_public_srcEiPKvPKNS_17__class_type_infoES2_
                0x0800c208       0x88 d:/programfiles/gnu arm embedded toolchain/10 2021.10/bin/../lib/gcc/arm-none-eabi/10.3.1/../../../../arm-none-eabi/lib/thumb/v7e-m/nofp\libstdc++.a(vmi_class_type_info.o)
                0x0800c208                __cxxabiv1::__vmi_class_type_info::__do_find_public_src(int, void const*, __cxxabiv1::__class_type_info const*, void const*) const
 .text._ZNK10__cxxabiv121__vmi_class_type_info12__do_dyncastEiNS_17__class_type_info10__sub_kindEPKS1_PKvS4_S6_RNS1_16__dyncast_resultE
                0x0800c290      0x3d4 d:/programfiles/gnu arm embedded toolchain/10 2021.10/bin/../lib/gcc/arm-none-eabi/10.3.1/../../../../arm-none-eabi/lib/thumb/v7e-m/nofp\libstdc++.a(vmi_class_type_info.o)
                0x0800c290                __cxxabiv1::__vmi_class_type_info::__do_dyncast(int, __cxxabiv1::__class_type_info::__sub_kind, __cxxabiv1::__class_type_info const*, void const*, __cxxabiv1::__class_type_info const*, void const*, __cxxabiv1::__class_type_info::__dyncast_result&) const
 .text._ZNK10__cxxabiv121__vmi_class_type_info11__do_upcastEPKNS_17__class_type_infoEPKvRNS1_15__upcast_resultE
                0x0800c664      0x14c d:/programfiles/gnu arm embedded toolchain/10 2021.10/bin/../lib/gcc/arm-none-eabi/10.3.1/../../../../arm-none-eabi/lib/thumb/v7e-m/nofp\libstdc++.a(vmi_class_type_info.o)
                0x0800c664                __cxxabiv1::__vmi_class_type_info::__do_upcast(__cxxabiv1::__class_type_info const*, void const*, __cxxabiv1::__class_type_info::__upcast_result&) const
 .text._ZN9__gnu_cxx27__verbose_terminate_handlerEv
                0x0800c7b0      0x10c d:/programfiles/gnu arm embedded toolchain/10 2021.10/bin/../lib/gcc/arm-none-eabi/10.3.1/../../../../arm-none-eabi/lib/thumb/v7e-m/nofp\libstdc++.a(vterminate.o)
                0x0800c7b0                __gnu_cxx::__verbose_terminate_handler()
 .text._ZNKSt9bad_alloc4whatEv
                0x0800c8bc        0x8 d:/programfiles/gnu arm embedded toolchain/10 2021.10/bin/../lib/gcc/arm-none-eabi/10.3.1/../../../../arm-none-eabi/lib/thumb/v7e-m/nofp\libstdc++.a(bad_alloc.o)
                0x0800c8bc                std::bad_alloc::what() const
 .text._ZNSt9bad_allocD2Ev
                0x0800c8c4       0x14 d:/programfiles/gnu arm embedded toolchain/10 2021.10/bin/../lib/gcc/arm-none-eabi/10.3.1/../../../../arm-none-eabi/lib/thumb/v7e-m/nofp\libstdc++.a(bad_alloc.o)
                0x0800c8c4                std::bad_alloc::~bad_alloc()
                0x0800c8c4                std::bad_alloc::~bad_alloc()
 .text._ZNSt9bad_allocD0Ev
                0x0800c8d8       0x1c d:/programfiles/gnu arm embedded toolchain/10 2021.10/bin/../lib/gcc/arm-none-eabi/10.3.1/../../../../arm-none-eabi/lib/thumb/v7e-m/nofp\libstdc++.a(bad_alloc.o)
                0x0800c8d8                std::bad_alloc::~bad_alloc()
 .text._ZdlPv   0x0800c8f4        0x4 d:/programfiles/gnu arm embedded toolchain/10 2021.10/bin/../lib/gcc/arm-none-eabi/10.3.1/../../../../arm-none-eabi/lib/thumb/v7e-m/nofp\libstdc++.a(del_op.o)
                0x0800c8f4                operator delete(void*)
 .text._ZN12_GLOBAL__N_14pool4freeEPv.constprop.0
                0x0800c8f8       0x88 d:/programfiles/gnu arm embedded toolchain/10 2021.10/bin/../lib/gcc/arm-none-eabi/10.3.1/../../../../arm-none-eabi/lib/thumb/v7e-m/nofp\libstdc++.a(eh_alloc.o)
 .text._ZN12_GLOBAL__N_14pool8allocateEj.constprop.0
                0x0800c980       0x5c d:/programfiles/gnu arm embedded toolchain/10 2021.10/bin/../lib/gcc/arm-none-eabi/10.3.1/../../../../arm-none-eabi/lib/thumb/v7e-m/nofp\libstdc++.a(eh_alloc.o)
 .text.__cxa_allocate_exception
                0x0800c9dc       0x30 d:/programfiles/gnu arm embedded toolchain/10 2021.10/bin/../lib/gcc/arm-none-eabi/10.3.1/../../../../arm-none-eabi/lib/thumb/v7e-m/nofp\libstdc++.a(eh_alloc.o)
                0x0800c9dc                __cxa_allocate_exception
 .text.__cxa_free_exception
                0x0800ca0c       0x20 d:/programfiles/gnu arm embedded toolchain/10 2021.10/bin/../lib/gcc/arm-none-eabi/10.3.1/../../../../arm-none-eabi/lib/thumb/v7e-m/nofp\libstdc++.a(eh_alloc.o)
                0x0800ca0c                __cxa_free_exception
 .text.startup._GLOBAL__sub_I__ZN9__gnu_cxx9__freeresEv
                0x0800ca2c       0x28 d:/programfiles/gnu arm embedded toolchain/10 2021.10/bin/../lib/gcc/arm-none-eabi/10.3.1/../../../../arm-none-eabi/lib/thumb/v7e-m/nofp\libstdc++.a(eh_alloc.o)
 .text._ZN10__cxxabiv1L24__is_gxx_exception_classEPc
                0x0800ca54       0x3c d:/programfiles/gnu arm embedded toolchain/10 2021.10/bin/../lib/gcc/arm-none-eabi/10.3.1/../../../../arm-none-eabi/lib/thumb/v7e-m/nofp\libstdc++.a(eh_call.o)
 .text.__cxa_call_terminate
                0x0800ca90       0x20 d:/programfiles/gnu arm embedded toolchain/10 2021.10/bin/../lib/gcc/arm-none-eabi/10.3.1/../../../../arm-none-eabi/lib/thumb/v7e-m/nofp\libstdc++.a(eh_call.o)
                0x0800ca90                __cxa_call_terminate
 .text.unlikely.__cxa_call_unexpected
                0x0800cab0       0xe4 d:/programfiles/gnu arm embedded toolchain/10 2021.10/bin/../lib/gcc/arm-none-eabi/10.3.1/../../../../arm-none-eabi/lib/thumb/v7e-m/nofp\libstdc++.a(eh_call.o)
                0x0800cab0                __cxa_call_unexpected
 .text.__cxa_begin_catch
                0x0800cb94       0x7c d:/programfiles/gnu arm embedded toolchain/10 2021.10/bin/../lib/gcc/arm-none-eabi/10.3.1/../../../../arm-none-eabi/lib/thumb/v7e-m/nofp\libstdc++.a(eh_catch.o)
                0x0800cb94                __cxa_begin_catch
 .text.__cxa_end_catch
                0x0800cc10       0x8c d:/programfiles/gnu arm embedded toolchain/10 2021.10/bin/../lib/gcc/arm-none-eabi/10.3.1/../../../../arm-none-eabi/lib/thumb/v7e-m/nofp\libstdc++.a(eh_catch.o)
                0x0800cc10                __cxa_end_catch
 .text._ZL23__gxx_exception_cleanup19_Unwind_Reason_CodeP21_Unwind_Control_Block
                0x0800cc9c       0x44 d:/programfiles/gnu arm embedded toolchain/10 2021.10/bin/../lib/gcc/arm-none-eabi/10.3.1/../../../../arm-none-eabi/lib/thumb/v7e-m/nofp\libstdc++.a(eh_throw.o)
 .text.__cxa_init_primary_exception
                0x0800cce0       0x58 d:/programfiles/gnu arm embedded toolchain/10 2021.10/bin/../lib/gcc/arm-none-eabi/10.3.1/../../../../arm-none-eabi/lib/thumb/v7e-m/nofp\libstdc++.a(eh_throw.o)
                0x0800cce0                __cxa_init_primary_exception
 .text.__cxa_throw
                0x0800cd38       0x34 d:/programfiles/gnu arm embedded toolchain/10 2021.10/bin/../lib/gcc/arm-none-eabi/10.3.1/../../../../arm-none-eabi/lib/thumb/v7e-m/nofp\libstdc++.a(eh_throw.o)
                0x0800cd38                __cxa_throw
 .text.__cxa_rethrow
                0x0800cd6c       0x70 d:/programfiles/gnu arm embedded toolchain/10 2021.10/bin/../lib/gcc/arm-none-eabi/10.3.1/../../../../arm-none-eabi/lib/thumb/v7e-m/nofp\libstdc++.a(eh_throw.o)
                0x0800cd6c                __cxa_rethrow
 .text.__cxa_current_exception_type
                0x0800cddc       0x1c d:/programfiles/gnu arm embedded toolchain/10 2021.10/bin/../lib/gcc/arm-none-eabi/10.3.1/../../../../arm-none-eabi/lib/thumb/v7e-m/nofp\libstdc++.a(eh_type.o)
                0x0800cddc                __cxa_current_exception_type
 .text._ZSt15get_new_handlerv
                0x0800cdf8       0x10 d:/programfiles/gnu arm embedded toolchain/10 2021.10/bin/../lib/gcc/arm-none-eabi/10.3.1/../../../../arm-none-eabi/lib/thumb/v7e-m/nofp\libstdc++.a(new_handler.o)
                0x0800cdf8                std::get_new_handler()
 .text.unlikely
                0x0800ce08        0xc d:/programfiles/gnu arm embedded toolchain/10 2021.10/bin/../lib/gcc/arm-none-eabi/10.3.1/thumb/v7e-m/nofp\libgcc.a(pr-support.o)
                0x0800ce08                _Unwind_GetDataRelBase
                0x0800ce0e                _Unwind_GetTextRelBase
 .text.abort    0x0800ce14       0x10 d:/programfiles/gnu arm embedded toolchain/10 2021.10/bin/../lib/gcc/arm-none-eabi/10.3.1/../../../../arm-none-eabi/lib/thumb/v7e-m/nofp\libg.a(lib_a-abort.o)
                0x0800ce14                abort
 .text.__cxa_atexit
                0x0800ce24        0xc d:/programfiles/gnu arm embedded toolchain/10 2021.10/bin/../lib/gcc/arm-none-eabi/10.3.1/../../../../arm-none-eabi/lib/thumb/v7e-m/nofp\libg.a(lib_a-cxa_atexit.o)
                0x0800ce24                __cxa_atexit
 .text.__errno  0x0800ce30        0xc d:/programfiles/gnu arm embedded toolchain/10 2021.10/bin/../lib/gcc/arm-none-eabi/10.3.1/../../../../arm-none-eabi/lib/thumb/v7e-m/nofp\libg.a(lib_a-errno.o)
                0x0800ce30                __errno
 .text.fputc    0x0800ce3c       0x58 d:/programfiles/gnu arm embedded toolchain/10 2021.10/bin/../lib/gcc/arm-none-eabi/10.3.1/../../../../arm-none-eabi/lib/thumb/v7e-m/nofp\libg.a(lib_a-fputc.o)
                0x0800ce3c                fputc
 .text._fputs_r
                0x0800ce94       0x88 d:/programfiles/gnu arm embedded toolchain/10 2021.10/bin/../lib/gcc/arm-none-eabi/10.3.1/../../../../arm-none-eabi/lib/thumb/v7e-m/nofp\libg.a(lib_a-fputs.o)
                0x0800ce94                _fputs_r
 .text.fputs    0x0800cf1c       0x18 d:/programfiles/gnu arm embedded toolchain/10 2021.10/bin/../lib/gcc/arm-none-eabi/10.3.1/../../../../arm-none-eabi/lib/thumb/v7e-m/nofp\libg.a(lib_a-fputs.o)
                0x0800cf1c                fputs
 .text.__sfvwrite_r
                0x0800cf34      0x2e8 d:/programfiles/gnu arm embedded toolchain/10 2021.10/bin/../lib/gcc/arm-none-eabi/10.3.1/../../../../arm-none-eabi/lib/thumb/v7e-m/nofp\libg.a(lib_a-fvwrite.o)
                0x0800cf34                __sfvwrite_r
 .text._fwrite_r
                0x0800d21c       0xa8 d:/programfiles/gnu arm embedded toolchain/10 2021.10/bin/../lib/gcc/arm-none-eabi/10.3.1/../../../../arm-none-eabi/lib/thumb/v7e-m/nofp\libg.a(lib_a-fwrite.o)
                0x0800d21c                _fwrite_r
 .text.fwrite   0x0800d2c4       0x20 d:/programfiles/gnu arm embedded toolchain/10 2021.10/bin/../lib/gcc/arm-none-eabi/10.3.1/../../../../arm-none-eabi/lib/thumb/v7e-m/nofp\libg.a(lib_a-fwrite.o)
                0x0800d2c4                fwrite
 .text.__libc_init_array
                0x0800d2e4       0x48 d:/programfiles/gnu arm embedded toolchain/10 2021.10/bin/../lib/gcc/arm-none-eabi/10.3.1/../../../../arm-none-eabi/lib/thumb/v7e-m/nofp\libg.a(lib_a-init.o)
                0x0800d2e4                __libc_init_array
 .text.__retarget_lock_init_recursive
                0x0800d32c        0x4 d:/programfiles/gnu arm embedded toolchain/10 2021.10/bin/../lib/gcc/arm-none-eabi/10.3.1/../../../../arm-none-eabi/lib/thumb/v7e-m/nofp\libg.a(lib_a-lock.o)
                0x0800d32c                __retarget_lock_init_recursive
 .text.__retarget_lock_close_recursive
                0x0800d330        0x4 d:/programfiles/gnu arm embedded toolchain/10 2021.10/bin/../lib/gcc/arm-none-eabi/10.3.1/../../../../arm-none-eabi/lib/thumb/v7e-m/nofp\libg.a(lib_a-lock.o)
                0x0800d330                __retarget_lock_close_recursive
 .text.__retarget_lock_acquire_recursive
                0x0800d334        0x4 d:/programfiles/gnu arm embedded toolchain/10 2021.10/bin/../lib/gcc/arm-none-eabi/10.3.1/../../../../arm-none-eabi/lib/thumb/v7e-m/nofp\libg.a(lib_a-lock.o)
                0x0800d334                __retarget_lock_acquire_recursive
 .text.__retarget_lock_release_recursive
                0x0800d338        0x4 d:/programfiles/gnu arm embedded toolchain/10 2021.10/bin/../lib/gcc/arm-none-eabi/10.3.1/../../../../arm-none-eabi/lib/thumb/v7e-m/nofp\libg.a(lib_a-lock.o)
                0x0800d338                __retarget_lock_release_recursive
 .text.malloc   0x0800d33c       0x10 d:/programfiles/gnu arm embedded toolchain/10 2021.10/bin/../lib/gcc/arm-none-eabi/10.3.1/../../../../arm-none-eabi/lib/thumb/v7e-m/nofp\libg.a(lib_a-malloc.o)
                0x0800d33c                malloc
 .text.free     0x0800d34c       0x10 d:/programfiles/gnu arm embedded toolchain/10 2021.10/bin/../lib/gcc/arm-none-eabi/10.3.1/../../../../arm-none-eabi/lib/thumb/v7e-m/nofp\libg.a(lib_a-malloc.o)
                0x0800d34c                free
 .text._malloc_r
                0x0800d35c      0x560 d:/programfiles/gnu arm embedded toolchain/10 2021.10/bin/../lib/gcc/arm-none-eabi/10.3.1/../../../../arm-none-eabi/lib/thumb/v7e-m/nofp\libg.a(lib_a-mallocr.o)
                0x0800d35c                _malloc_r
 .text.memcmp   0x0800d8bc       0x68 d:/programfiles/gnu arm embedded toolchain/10 2021.10/bin/../lib/gcc/arm-none-eabi/10.3.1/../../../../arm-none-eabi/lib/thumb/v7e-m/nofp\libg.a(lib_a-memcmp.o)
                0x0800d8bc                memcmp
 .text.memmove  0x0800d924       0xf8 d:/programfiles/gnu arm embedded toolchain/10 2021.10/bin/../lib/gcc/arm-none-eabi/10.3.1/../../../../arm-none-eabi/lib/thumb/v7e-m/nofp\libg.a(lib_a-memmove.o)
                0x0800d924                memmove
 .text.memset   0x0800da1c       0xa4 d:/programfiles/gnu arm embedded toolchain/10 2021.10/bin/../lib/gcc/arm-none-eabi/10.3.1/../../../../arm-none-eabi/lib/thumb/v7e-m/nofp\libg.a(lib_a-memset.o)
                0x0800da1c                memset
 .text.__malloc_lock
                0x0800dac0        0xc d:/programfiles/gnu arm embedded toolchain/10 2021.10/bin/../lib/gcc/arm-none-eabi/10.3.1/../../../../arm-none-eabi/lib/thumb/v7e-m/nofp\libg.a(lib_a-mlock.o)
                0x0800dac0                __malloc_lock
 .text.__malloc_unlock
                0x0800dacc        0xc d:/programfiles/gnu arm embedded toolchain/10 2021.10/bin/../lib/gcc/arm-none-eabi/10.3.1/../../../../arm-none-eabi/lib/thumb/v7e-m/nofp\libg.a(lib_a-mlock.o)
                0x0800dacc                __malloc_unlock
 .text._putc_r  0x0800dad8       0x74 d:/programfiles/gnu arm embedded toolchain/10 2021.10/bin/../lib/gcc/arm-none-eabi/10.3.1/../../../../arm-none-eabi/lib/thumb/v7e-m/nofp\libg.a(lib_a-putc.o)
                0x0800dad8                _putc_r
 .text.realloc  0x0800db4c       0x18 d:/programfiles/gnu arm embedded toolchain/10 2021.10/bin/../lib/gcc/arm-none-eabi/10.3.1/../../../../arm-none-eabi/lib/thumb/v7e-m/nofp\libg.a(lib_a-realloc.o)
                0x0800db4c                realloc
 .text._realloc_r
                0x0800db64      0x3d8 d:/programfiles/gnu arm embedded toolchain/10 2021.10/bin/../lib/gcc/arm-none-eabi/10.3.1/../../../../arm-none-eabi/lib/thumb/v7e-m/nofp\libg.a(lib_a-reallocr.o)
                0x0800db64                _realloc_r
 .text._sbrk_r  0x0800df3c       0x24 d:/programfiles/gnu arm embedded toolchain/10 2021.10/bin/../lib/gcc/arm-none-eabi/10.3.1/../../../../arm-none-eabi/lib/thumb/v7e-m/nofp\libg.a(lib_a-sbrkr.o)
                0x0800df3c                _sbrk_r
 .text.raise    0x0800df60       0x5c d:/programfiles/gnu arm embedded toolchain/10 2021.10/bin/../lib/gcc/arm-none-eabi/10.3.1/../../../../arm-none-eabi/lib/thumb/v7e-m/nofp\libg.a(lib_a-signal.o)
                0x0800df60                raise
 .text._kill_r  0x0800dfbc       0x2c d:/programfiles/gnu arm embedded toolchain/10 2021.10/bin/../lib/gcc/arm-none-eabi/10.3.1/../../../../arm-none-eabi/lib/thumb/v7e-m/nofp\libg.a(lib_a-signalr.o)
                0x0800dfbc                _kill_r
 .text._getpid_r
                0x0800dfe8        0x4 d:/programfiles/gnu arm embedded toolchain/10 2021.10/bin/../lib/gcc/arm-none-eabi/10.3.1/../../../../arm-none-eabi/lib/thumb/v7e-m/nofp\libg.a(lib_a-signalr.o)
                0x0800dfe8                _getpid_r
 .text.sprintf  0x0800dfec       0x40 d:/programfiles/gnu arm embedded toolchain/10 2021.10/bin/../lib/gcc/arm-none-eabi/10.3.1/../../../../arm-none-eabi/lib/thumb/v7e-m/nofp\libg.a(lib_a-sprintf.o)
                0x0800dfec                sprintf
 .text.strncmp  0x0800e02c       0x80 d:/programfiles/gnu arm embedded toolchain/10 2021.10/bin/../lib/gcc/arm-none-eabi/10.3.1/../../../../arm-none-eabi/lib/thumb/v7e-m/nofp\libg.a(lib_a-strncmp.o)
                0x0800e02c                strncmp
 .text.strncpy  0x0800e0ac       0x64 d:/programfiles/gnu arm embedded toolchain/10 2021.10/bin/../lib/gcc/arm-none-eabi/10.3.1/../../../../arm-none-eabi/lib/thumb/v7e-m/nofp\libg.a(lib_a-strncpy.o)
                0x0800e0ac                strncpy
 .text._svfprintf_r
                0x0800e110     0x1a3c d:/programfiles/gnu arm embedded toolchain/10 2021.10/bin/../lib/gcc/arm-none-eabi/10.3.1/../../../../arm-none-eabi/lib/thumb/v7e-m/nofp\libg.a(lib_a-svfprintf.o)
                0x0800e110                _svfprintf_r
 .text.write    0x0800fb4c       0x18 d:/programfiles/gnu arm embedded toolchain/10 2021.10/bin/../lib/gcc/arm-none-eabi/10.3.1/../../../../arm-none-eabi/lib/thumb/v7e-m/nofp\libg.a(lib_a-syswrite.o)
                0x0800fb4c                write
 .text.__swbuf_r
                0x0800fb64       0xb0 d:/programfiles/gnu arm embedded toolchain/10 2021.10/bin/../lib/gcc/arm-none-eabi/10.3.1/../../../../arm-none-eabi/lib/thumb/v7e-m/nofp\libg.a(lib_a-wbuf.o)
                0x0800fb64                __swbuf_r
 .text._write_r
                0x0800fc14       0x2c d:/programfiles/gnu arm embedded toolchain/10 2021.10/bin/../lib/gcc/arm-none-eabi/10.3.1/../../../../arm-none-eabi/lib/thumb/v7e-m/nofp\libg.a(lib_a-writer.o)
                0x0800fc14                _write_r
 .text.__swsetup_r
                0x0800fc40       0xd4 d:/programfiles/gnu arm embedded toolchain/10 2021.10/bin/../lib/gcc/arm-none-eabi/10.3.1/../../../../arm-none-eabi/lib/thumb/v7e-m/nofp\libg.a(lib_a-wsetup.o)
                0x0800fc40                __swsetup_r
 .text.__register_exitproc
                0x0800fd14       0x8c d:/programfiles/gnu arm embedded toolchain/10 2021.10/bin/../lib/gcc/arm-none-eabi/10.3.1/../../../../arm-none-eabi/lib/thumb/v7e-m/nofp\libg.a(lib_a-__atexit.o)
                0x0800fd14                __register_exitproc
 .text.startup.register_fini
                0x0800fda0       0x14 d:/programfiles/gnu arm embedded toolchain/10 2021.10/bin/../lib/gcc/arm-none-eabi/10.3.1/../../../../arm-none-eabi/lib/thumb/v7e-m/nofp\libg.a(lib_a-__call_atexit.o)
 .text.atexit   0x0800fdb4        0xc d:/programfiles/gnu arm embedded toolchain/10 2021.10/bin/../lib/gcc/arm-none-eabi/10.3.1/../../../../arm-none-eabi/lib/thumb/v7e-m/nofp\libg.a(lib_a-atexit.o)
                0x0800fdb4                atexit
 .text.quorem   0x0800fdc0      0x124 d:/programfiles/gnu arm embedded toolchain/10 2021.10/bin/../lib/gcc/arm-none-eabi/10.3.1/../../../../arm-none-eabi/lib/thumb/v7e-m/nofp\libg.a(lib_a-dtoa.o)
 *fill*         0x0800fee4        0x4 
 .text._dtoa_r  0x0800fee8      0xec4 d:/programfiles/gnu arm embedded toolchain/10 2021.10/bin/../lib/gcc/arm-none-eabi/10.3.1/../../../../arm-none-eabi/lib/thumb/v7e-m/nofp\libg.a(lib_a-dtoa.o)
                0x0800fee8                _dtoa_r
 .text.__sflush_r
                0x08010dac      0x120 d:/programfiles/gnu arm embedded toolchain/10 2021.10/bin/../lib/gcc/arm-none-eabi/10.3.1/../../../../arm-none-eabi/lib/thumb/v7e-m/nofp\libg.a(lib_a-fflush.o)
                0x08010dac                __sflush_r
 .text._fflush_r
                0x08010ecc       0x5c d:/programfiles/gnu arm embedded toolchain/10 2021.10/bin/../lib/gcc/arm-none-eabi/10.3.1/../../../../arm-none-eabi/lib/thumb/v7e-m/nofp\libg.a(lib_a-fflush.o)
                0x08010ecc                _fflush_r
 .text._cleanup_r
                0x08010f28        0xc d:/programfiles/gnu arm embedded toolchain/10 2021.10/bin/../lib/gcc/arm-none-eabi/10.3.1/../../../../arm-none-eabi/lib/thumb/v7e-m/nofp\libg.a(lib_a-findfp.o)
                0x08010f28                _cleanup_r
 .text.__sinit  0x08010f34      0x10c d:/programfiles/gnu arm embedded toolchain/10 2021.10/bin/../lib/gcc/arm-none-eabi/10.3.1/../../../../arm-none-eabi/lib/thumb/v7e-m/nofp\libg.a(lib_a-findfp.o)
                0x08010f34                __sinit
 .text.__sfp_lock_acquire
                0x08011040        0xc d:/programfiles/gnu arm embedded toolchain/10 2021.10/bin/../lib/gcc/arm-none-eabi/10.3.1/../../../../arm-none-eabi/lib/thumb/v7e-m/nofp\libg.a(lib_a-findfp.o)
                0x08011040                __sfp_lock_acquire
 .text.__sfp_lock_release
                0x0801104c        0xc d:/programfiles/gnu arm embedded toolchain/10 2021.10/bin/../lib/gcc/arm-none-eabi/10.3.1/../../../../arm-none-eabi/lib/thumb/v7e-m/nofp\libg.a(lib_a-findfp.o)
                0x0801104c                __sfp_lock_release
 .text.__libc_fini_array
                0x08011058       0x2c d:/programfiles/gnu arm embedded toolchain/10 2021.10/bin/../lib/gcc/arm-none-eabi/10.3.1/../../../../arm-none-eabi/lib/thumb/v7e-m/nofp\libg.a(lib_a-fini.o)
                0x08011058                __libc_fini_array
 .text._malloc_trim_r
                0x08011084       0xa0 d:/programfiles/gnu arm embedded toolchain/10 2021.10/bin/../lib/gcc/arm-none-eabi/10.3.1/../../../../arm-none-eabi/lib/thumb/v7e-m/nofp\libg.a(lib_a-freer.o)
                0x08011084                _malloc_trim_r
 .text._free_r  0x08011124      0x20c d:/programfiles/gnu arm embedded toolchain/10 2021.10/bin/../lib/gcc/arm-none-eabi/10.3.1/../../../../arm-none-eabi/lib/thumb/v7e-m/nofp\libg.a(lib_a-freer.o)
                0x08011124                _free_r
 .text._fwalk_reent
                0x08011330       0x48 d:/programfiles/gnu arm embedded toolchain/10 2021.10/bin/../lib/gcc/arm-none-eabi/10.3.1/../../../../arm-none-eabi/lib/thumb/v7e-m/nofp\libg.a(lib_a-fwalk.o)
                0x08011330                _fwalk_reent
 .text.__locale_mb_cur_max
                0x08011378        0xc d:/programfiles/gnu arm embedded toolchain/10 2021.10/bin/../lib/gcc/arm-none-eabi/10.3.1/../../../../arm-none-eabi/lib/thumb/v7e-m/nofp\libg.a(lib_a-locale.o)
                0x08011378                __locale_mb_cur_max
 .text._localeconv_r
                0x08011384        0x8 d:/programfiles/gnu arm embedded toolchain/10 2021.10/bin/../lib/gcc/arm-none-eabi/10.3.1/../../../../arm-none-eabi/lib/thumb/v7e-m/nofp\libg.a(lib_a-localeconv.o)
                0x08011384                _localeconv_r
 .text.__smakebuf_r
                0x0801138c       0xe0 d:/programfiles/gnu arm embedded toolchain/10 2021.10/bin/../lib/gcc/arm-none-eabi/10.3.1/../../../../arm-none-eabi/lib/thumb/v7e-m/nofp\libg.a(lib_a-makebuf.o)
                0x0801138c                __smakebuf_r
 .text.__ascii_mbtowc
                0x0801146c       0x2c d:/programfiles/gnu arm embedded toolchain/10 2021.10/bin/../lib/gcc/arm-none-eabi/10.3.1/../../../../arm-none-eabi/lib/thumb/v7e-m/nofp\libg.a(lib_a-mbtowc_r.o)
                0x0801146c                __ascii_mbtowc
 .text._Balloc  0x08011498       0x4c d:/programfiles/gnu arm embedded toolchain/10 2021.10/bin/../lib/gcc/arm-none-eabi/10.3.1/../../../../arm-none-eabi/lib/thumb/v7e-m/nofp\libg.a(lib_a-mprec.o)
                0x08011498                _Balloc
 .text._Bfree   0x080114e4       0x14 d:/programfiles/gnu arm embedded toolchain/10 2021.10/bin/../lib/gcc/arm-none-eabi/10.3.1/../../../../arm-none-eabi/lib/thumb/v7e-m/nofp\libg.a(lib_a-mprec.o)
                0x080114e4                _Bfree
 .text.__multadd
                0x080114f8       0xa0 d:/programfiles/gnu arm embedded toolchain/10 2021.10/bin/../lib/gcc/arm-none-eabi/10.3.1/../../../../arm-none-eabi/lib/thumb/v7e-m/nofp\libg.a(lib_a-mprec.o)
                0x080114f8                __multadd
 .text.__hi0bits
                0x08011598       0x40 d:/programfiles/gnu arm embedded toolchain/10 2021.10/bin/../lib/gcc/arm-none-eabi/10.3.1/../../../../arm-none-eabi/lib/thumb/v7e-m/nofp\libg.a(lib_a-mprec.o)
                0x08011598                __hi0bits
 .text.__lo0bits
                0x080115d8       0x5c d:/programfiles/gnu arm embedded toolchain/10 2021.10/bin/../lib/gcc/arm-none-eabi/10.3.1/../../../../arm-none-eabi/lib/thumb/v7e-m/nofp\libg.a(lib_a-mprec.o)
                0x080115d8                __lo0bits
 .text.__i2b    0x08011634       0x5c d:/programfiles/gnu arm embedded toolchain/10 2021.10/bin/../lib/gcc/arm-none-eabi/10.3.1/../../../../arm-none-eabi/lib/thumb/v7e-m/nofp\libg.a(lib_a-mprec.o)
                0x08011634                __i2b
 .text.__multiply
                0x08011690      0x15c d:/programfiles/gnu arm embedded toolchain/10 2021.10/bin/../lib/gcc/arm-none-eabi/10.3.1/../../../../arm-none-eabi/lib/thumb/v7e-m/nofp\libg.a(lib_a-mprec.o)
                0x08011690                __multiply
 .text.__pow5mult
                0x080117ec       0xc0 d:/programfiles/gnu arm embedded toolchain/10 2021.10/bin/../lib/gcc/arm-none-eabi/10.3.1/../../../../arm-none-eabi/lib/thumb/v7e-m/nofp\libg.a(lib_a-mprec.o)
                0x080117ec                __pow5mult
 .text.__lshift
                0x080118ac       0xf0 d:/programfiles/gnu arm embedded toolchain/10 2021.10/bin/../lib/gcc/arm-none-eabi/10.3.1/../../../../arm-none-eabi/lib/thumb/v7e-m/nofp\libg.a(lib_a-mprec.o)
                0x080118ac                __lshift
 .text.__mcmp   0x0801199c       0x40 d:/programfiles/gnu arm embedded toolchain/10 2021.10/bin/../lib/gcc/arm-none-eabi/10.3.1/../../../../arm-none-eabi/lib/thumb/v7e-m/nofp\libg.a(lib_a-mprec.o)
                0x0801199c                __mcmp
 .text.__mdiff  0x080119dc      0x14c d:/programfiles/gnu arm embedded toolchain/10 2021.10/bin/../lib/gcc/arm-none-eabi/10.3.1/../../../../arm-none-eabi/lib/thumb/v7e-m/nofp\libg.a(lib_a-mprec.o)
                0x080119dc                __mdiff
 .text.__d2b    0x08011b28       0xc4 d:/programfiles/gnu arm embedded toolchain/10 2021.10/bin/../lib/gcc/arm-none-eabi/10.3.1/../../../../arm-none-eabi/lib/thumb/v7e-m/nofp\libg.a(lib_a-mprec.o)
                0x08011b28                __d2b
 .text.frexp    0x08011bec       0x70 d:/programfiles/gnu arm embedded toolchain/10 2021.10/bin/../lib/gcc/arm-none-eabi/10.3.1/../../../../arm-none-eabi/lib/thumb/v7e-m/nofp\libg.a(lib_a-s_frexp.o)
                0x08011bec                frexp
 .text.__sread  0x08011c5c       0x24 d:/programfiles/gnu arm embedded toolchain/10 2021.10/bin/../lib/gcc/arm-none-eabi/10.3.1/../../../../arm-none-eabi/lib/thumb/v7e-m/nofp\libg.a(lib_a-stdio.o)
                0x08011c5c                __sread
 .text.__swrite
                0x08011c80       0x40 d:/programfiles/gnu arm embedded toolchain/10 2021.10/bin/../lib/gcc/arm-none-eabi/10.3.1/../../../../arm-none-eabi/lib/thumb/v7e-m/nofp\libg.a(lib_a-stdio.o)
                0x08011c80                __swrite
 .text.__sseek  0x08011cc0       0x20 d:/programfiles/gnu arm embedded toolchain/10 2021.10/bin/../lib/gcc/arm-none-eabi/10.3.1/../../../../arm-none-eabi/lib/thumb/v7e-m/nofp\libg.a(lib_a-stdio.o)
                0x08011cc0                __sseek
 .text.__sclose
                0x08011ce0        0x8 d:/programfiles/gnu arm embedded toolchain/10 2021.10/bin/../lib/gcc/arm-none-eabi/10.3.1/../../../../arm-none-eabi/lib/thumb/v7e-m/nofp\libg.a(lib_a-stdio.o)
                0x08011ce0                __sclose
 .text.__ssprint_r
                0x08011ce8       0xf8 d:/programfiles/gnu arm embedded toolchain/10 2021.10/bin/../lib/gcc/arm-none-eabi/10.3.1/../../../../arm-none-eabi/lib/thumb/v7e-m/nofp\libg.a(lib_a-svfiprintf.o)
                0x08011ce8                __ssprint_r
 .text.__ascii_wctomb
                0x08011de0       0x1c d:/programfiles/gnu arm embedded toolchain/10 2021.10/bin/../lib/gcc/arm-none-eabi/10.3.1/../../../../arm-none-eabi/lib/thumb/v7e-m/nofp\libg.a(lib_a-wctomb_r.o)
                0x08011de0                __ascii_wctomb
 .text.__assert_func
                0x08011dfc       0x40 d:/programfiles/gnu arm embedded toolchain/10 2021.10/bin/../lib/gcc/arm-none-eabi/10.3.1/../../../../arm-none-eabi/lib/thumb/v7e-m/nofp\libg.a(lib_a-assert.o)
                0x08011dfc                __assert_func
 .text._calloc_r
                0x08011e3c       0x78 d:/programfiles/gnu arm embedded toolchain/10 2021.10/bin/../lib/gcc/arm-none-eabi/10.3.1/../../../../arm-none-eabi/lib/thumb/v7e-m/nofp\libg.a(lib_a-callocr.o)
                0x08011e3c                _calloc_r
 .text._close_r