Archive member included to satisfy reference by file (symbol)

d:/programfiles/gnu arm embedded toolchain/10 2021.10/bin/../lib/gcc/arm-none-eabi/10.3.1/../../../../arm-none-eabi/lib/thumb/v7e-m/nofp\libstdc++.a(atexit_arm.o)
                              CMakeFiles/my_libarary.elf.dir/ConnectingBridge/Src/Startup.cpp.obj (__aeabi_atexit)
d:/programfiles/gnu arm embedded toolchain/10 2021.10/bin/../lib/gcc/arm-none-eabi/10.3.1/../../../../arm-none-eabi/lib/thumb/v7e-m/nofp\libstdc++.a(class_type_info.o)
                              CMakeFiles/my_libarary.elf.dir/MyLibrary/Src/MyIIc.cpp.obj (vtable for __cxxabiv1::__class_type_info)
d:/programfiles/gnu arm embedded toolchain/10 2021.10/bin/../lib/gcc/arm-none-eabi/10.3.1/../../../../arm-none-eabi/lib/thumb/v7e-m/nofp\libstdc++.a(del_ops.o)
                              CMakeFiles/my_libarary.elf.dir/MyLibrary/Src/MyIIc.cpp.obj (operator delete(void*, unsigned int))
d:/programfiles/gnu arm embedded toolchain/10 2021.10/bin/../lib/gcc/arm-none-eabi/10.3.1/../../../../arm-none-eabi/lib/thumb/v7e-m/nofp\libstdc++.a(eh_arm.o)
                              CMakeFiles/my_libarary.elf.dir/ConnectingBridge/Src/Startup.cpp.obj (__cxa_end_cleanup)
d:/programfiles/gnu arm embedded toolchain/10 2021.10/bin/../lib/gcc/arm-none-eabi/10.3.1/../../../../arm-none-eabi/lib/thumb/v7e-m/nofp\libstdc++.a(eh_exception.o)
                              d:/programfiles/gnu arm embedded toolchain/10 2021.10/bin/../lib/gcc/arm-none-eabi/10.3.1/../../../../arm-none-eabi/lib/thumb/v7e-m/nofp\libstdc++.a(eh_arm.o) (typeinfo for __cxxabiv1::__forced_unwind)
d:/programfiles/gnu arm embedded toolchain/10 2021.10/bin/../lib/gcc/arm-none-eabi/10.3.1/../../../../arm-none-eabi/lib/thumb/v7e-m/nofp\libstdc++.a(eh_globals.o)
                              d:/programfiles/gnu arm embedded toolchain/10 2021.10/bin/../lib/gcc/arm-none-eabi/10.3.1/../../../../arm-none-eabi/lib/thumb/v7e-m/nofp\libstdc++.a(eh_arm.o) (__cxa_get_globals)
d:/programfiles/gnu arm embedded toolchain/10 2021.10/bin/../lib/gcc/arm-none-eabi/10.3.1/../../../../arm-none-eabi/lib/thumb/v7e-m/nofp\libstdc++.a(eh_personality.o)
                              CMakeFiles/my_libarary.elf.dir/ConnectingBridge/Src/Startup.cpp.obj (__gxx_personality_v0)
d:/programfiles/gnu arm embedded toolchain/10 2021.10/bin/../lib/gcc/arm-none-eabi/10.3.1/../../../../arm-none-eabi/lib/thumb/v7e-m/nofp\libstdc++.a(eh_terminate.o)
                              d:/programfiles/gnu arm embedded toolchain/10 2021.10/bin/../lib/gcc/arm-none-eabi/10.3.1/../../../../arm-none-eabi/lib/thumb/v7e-m/nofp\libstdc++.a(eh_arm.o) (std::terminate())
d:/programfiles/gnu arm embedded toolchain/10 2021.10/bin/../lib/gcc/arm-none-eabi/10.3.1/../../../../arm-none-eabi/lib/thumb/v7e-m/nofp\libstdc++.a(eh_unex_handler.o)
                              d:/programfiles/gnu arm embedded toolchain/10 2021.10/bin/../lib/gcc/arm-none-eabi/10.3.1/../../../../arm-none-eabi/lib/thumb/v7e-m/nofp\libstdc++.a(eh_terminate.o) (__cxxabiv1::__unexpected_handler)
d:/programfiles/gnu arm embedded toolchain/10 2021.10/bin/../lib/gcc/arm-none-eabi/10.3.1/../../../../arm-none-eabi/lib/thumb/v7e-m/nofp\libstdc++.a(new_op.o)
                              CMakeFiles/my_libarary.elf.dir/MyLibrary/Src/MyIIc.cpp.obj (operator new(unsigned int))
d:/programfiles/gnu arm embedded toolchain/10 2021.10/bin/../lib/gcc/arm-none-eabi/10.3.1/../../../../arm-none-eabi/lib/thumb/v7e-m/nofp\libstdc++.a(pure.o)
                              CMakeFiles/my_libarary.elf.dir/MyLibrary/Src/MyIIc.cpp.obj (__cxa_pure_virtual)
d:/programfiles/gnu arm embedded toolchain/10 2021.10/bin/../lib/gcc/arm-none-eabi/10.3.1/../../../../arm-none-eabi/lib/thumb/v7e-m/nofp\libstdc++.a(si_class_type_info.o)
                              CMakeFiles/my_libarary.elf.dir/MyApplication/Src/Flash.cpp.obj (vtable for __cxxabiv1::__si_class_type_info)
d:/programfiles/gnu arm embedded toolchain/10 2021.10/bin/../lib/gcc/arm-none-eabi/10.3.1/../../../../arm-none-eabi/lib/thumb/v7e-m/nofp\libstdc++.a(tinfo.o)
                              d:/programfiles/gnu arm embedded toolchain/10 2021.10/bin/../lib/gcc/arm-none-eabi/10.3.1/../../../../arm-none-eabi/lib/thumb/v7e-m/nofp\libstdc++.a(class_type_info.o) (std::type_info::~type_info())
d:/programfiles/gnu arm embedded toolchain/10 2021.10/bin/../lib/gcc/arm-none-eabi/10.3.1/../../../../arm-none-eabi/lib/thumb/v7e-m/nofp\libstdc++.a(vmi_class_type_info.o)
                              CMakeFiles/my_libarary.elf.dir/MyApplication/Src/OLED.cpp.obj (vtable for __cxxabiv1::__vmi_class_type_info)
d:/programfiles/gnu arm embedded toolchain/10 2021.10/bin/../lib/gcc/arm-none-eabi/10.3.1/../../../../arm-none-eabi/lib/thumb/v7e-m/nofp\libstdc++.a(vterminate.o)
                              d:/programfiles/gnu arm embedded toolchain/10 2021.10/bin/../lib/gcc/arm-none-eabi/10.3.1/../../../../arm-none-eabi/lib/thumb/v7e-m/nofp\libstdc++.a(eh_terminate.o) (__gnu_cxx::__verbose_terminate_handler())
[...]
Memory Configuration

Name             Origin             Length             Attributes
CCMRAM           0x10000000         0x00010000         xrw
RAM              0x20000000         0x00020000         xrw
FLASH            0x08000000         0x00100000         xr
*default*        0x00000000         0xffffffff

Linker script and memory map

LOAD d:/programfiles/gnu arm embedded toolchain/10 2021.10/bin/../lib/gcc/arm-none-eabi/10.3.1/thumb/v7e-m/nofp/crti.o
LOAD d:/programfiles/gnu arm embedded toolchain/10 2021.10/bin/../lib/gcc/arm-none-eabi/10.3.1/thumb/v7e-m/nofp/crtbegin.o
LOAD d:/programfiles/gnu arm embedded toolchain/10 2021.10/bin/../lib/gcc/arm-none-eabi/10.3.1/../../../../arm-none-eabi/lib/thumb/v7e-m/nofp/crt0.o
LOAD CMakeFiles/my_libarary.elf.dir/BSP/delay.c.obj
LOAD CMakeFiles/my_libarary.elf.dir/BSP/myiicZD.c.obj
LOAD CMakeFiles/my_libarary.elf.dir/BSP/sys.c.obj
LOAD CMakeFiles/my_libarary.elf.dir/BSP/touch/24cxx.c.obj
LOAD CMakeFiles/my_libarary.elf.dir/BSP/touch/ctiic.c.obj
LOAD CMakeFiles/my_libarary.elf.dir/BSP/touch/ft5206.c.obj
LOAD CMakeFiles/my_libarary.elf.dir/BSP/touch/gt9xxx.c.obj
LOAD CMakeFiles/my_libarary.elf.dir/BSP/touch/touch.c.obj
LOAD CMakeFiles/my_libarary.elf.dir/ConnectingBridge/Src/Startup.cpp.obj
LOAD CMakeFiles/my_libarary.elf.dir/Core/Src/dma.c.obj
LOAD CMakeFiles/my_libarary.elf.dir/Core/Src/fsmc.c.obj
LOAD CMakeFiles/my_libarary.elf.dir/Core/Src/gpio.c.obj
LOAD CMakeFiles/my_libarary.elf.dir/Core/Src/main.c.obj
LOAD CMakeFiles/my_libarary.elf.dir/Core/Src/stm32f4xx_hal_msp.c.obj
LOAD CMakeFiles/my_libarary.elf.dir/Core/Src/stm32f4xx_it.c.obj
LOAD CMakeFiles/my_libarary.elf.dir/Core/Src/syscalls.c.obj
LOAD CMakeFiles/my_libarary.elf.dir/Core/Src/sysmem.c.obj
LOAD CMakeFiles/my_libarary.elf.dir/Core/Src/system_stm32f4xx.c.obj
LOAD CMakeFiles/my_libarary.elf.dir/Core/Src/tim.c.obj
LOAD CMakeFiles/my_libarary.elf.dir/Core/Src/usart.c.obj
LOAD CMakeFiles/my_libarary.elf.dir/Core/Startup/startup_stm32f407zgtx.s.obj
LOAD CMakeFiles/my_libarary.elf.dir/Drivers/STM32F4xx_HAL_Driver/Src/stm32f4xx_hal.c.obj
LOAD CMakeFiles/my_libarary.elf.dir/Drivers/STM32F4xx_HAL_Driver/Src/stm32f4xx_hal_cortex.c.obj
LOAD CMakeFiles/my_libarary.elf.dir/Drivers/STM32F4xx_HAL_Driver/Src/stm32f4xx_hal_dma.c.obj
LOAD CMakeFiles/my_libarary.elf.dir/Drivers/STM32F4xx_HAL_Driver/Src/stm32f4xx_hal_dma_ex.c.obj
LOAD CMakeFiles/my_libarary.elf.dir/Drivers/STM32F4xx_HAL_Driver/Src/stm32f4xx_hal_exti.c.obj
LOAD CMakeFiles/my_libarary.elf.dir/Drivers/STM32F4xx_HAL_Driver/Src/stm32f4xx_hal_flash.c.obj
LOAD CMakeFiles/my_libarary.elf.dir/Drivers/STM32F4xx_HAL_Driver/Src/stm32f4xx_hal_flash_ex.c.obj
LOAD CMakeFiles/my_libarary.elf.dir/Drivers/STM32F4xx_HAL_Driver/Src/stm32f4xx_hal_flash_ramfunc.c.obj
LOAD CMakeFiles/my_libarary.elf.dir/Drivers/STM32F4xx_HAL_Driver/Src/stm32f4xx_hal_gpio.c.obj
LOAD CMakeFiles/my_libarary.elf.dir/Drivers/STM32F4xx_HAL_Driver/Src/stm32f4xx_hal_pwr.c.obj
LOAD CMakeFiles/my_libarary.elf.dir/Drivers/STM32F4xx_HAL_Driver/Src/stm32f4xx_hal_pwr_ex.c.obj
LOAD CMakeFiles/my_libarary.elf.dir/Drivers/STM32F4xx_HAL_Driver/Src/stm32f4xx_hal_rcc.c.obj
LOAD CMakeFiles/my_libarary.elf.dir/Drivers/STM32F4xx_HAL_Driver/Src/stm32f4xx_hal_rcc_ex.c.obj
LOAD CMakeFiles/my_libarary.elf.dir/Drivers/STM32F4xx_HAL_Driver/Src/stm32f4xx_hal_sram.c.obj
LOAD CMakeFiles/my_libarary.elf.dir/Drivers/STM32F4xx_HAL_Driver/Src/stm32f4xx_hal_tim.c.obj
LOAD CMakeFiles/my_libarary.elf.dir/Drivers/STM32F4xx_HAL_Driver/Src/stm32f4xx_hal_tim_ex.c.obj
LOAD CMakeFiles/my_libarary.elf.dir/Drivers/STM32F4xx_HAL_Driver/Src/stm32f4xx_hal_uart.c.obj
LOAD CMakeFiles/my_libarary.elf.dir/Drivers/STM32F4xx_HAL_Driver/Src/stm32f4xx_ll_fsmc.c.obj
LOAD CMakeFiles/my_libarary.elf.dir/LCD/lcd.c.obj
LOAD CMakeFiles/my_libarary.elf.dir/MyApplication/Src/Flash.cpp.obj
LOAD CMakeFiles/my_libarary.elf.dir/MyApplication/Src/MyLCD.cpp.obj
LOAD CMakeFiles/my_libarary.elf.dir/MyApplication/Src/OLED.cpp.obj
LOAD CMakeFiles/my_libarary.elf.dir/MyLibrary/Src/MyGPIO.cpp.obj
LOAD CMakeFiles/my_libarary.elf.dir/MyLibrary/Src/MyIIc.cpp.obj
LOAD CMakeFiles/my_libarary.elf.dir/MyLibrary/Src/MySPI.cpp.obj
LOAD CMakeFiles/my_libarary.elf.dir/MyLibrary/Src/MyUsart.cpp.obj
LOAD CMakeFiles/my_libarary.elf.dir/MyLibrary/Src/inputStream.cpp.obj
LOAD CMakeFiles/my_libarary.elf.dir/MyLibrary/Src/outputStream.cpp.obj
LOAD CMakeFiles/my_libarary.elf.dir/other_library/WString.cpp.obj
LOAD CMakeFiles/my_libarary.elf.dir/other_library/stdlib_noniso.c.obj
LOAD d:/programfiles/gnu arm embedded toolchain/10 2021.10/bin/../lib/gcc/arm-none-eabi/10.3.1/../../../../arm-none-eabi/lib/thumb/v7e-m/nofp\libstdc++.a
LOAD d:/programfiles/gnu arm embedded toolchain/10 2021.10/bin/../lib/gcc/arm-none-eabi/10.3.1/../../../../arm-none-eabi/lib/thumb/v7e-m/nofp\libm.a
START GROUP
LOAD d:/programfiles/gnu arm embedded toolchain/10 2021.10/bin/../lib/gcc/arm-none-eabi/10.3.1/thumb/v7e-m/nofp\libgcc.a
LOAD d:/programfiles/gnu arm embedded toolchain/10 2021.10/bin/../lib/gcc/arm-none-eabi/10.3.1/../../../../arm-none-eabi/lib/thumb/v7e-m/nofp\libg.a
LOAD d:/programfiles/gnu arm embedded toolchain/10 2021.10/bin/../lib/gcc/arm-none-eabi/10.3.1/../../../../arm-none-eabi/lib/thumb/v7e-m/nofp\libc.a
END GROUP
LOAD d:/programfiles/gnu arm embedded toolchain/10 2021.10/bin/../lib/gcc/arm-none-eabi/10.3.1/thumb/v7e-m/nofp/crtend.o
LOAD d:/programfiles/gnu arm embedded toolchain/10 2021.10/bin/../lib/gcc/arm-none-eabi/10.3.1/thumb/v7e-m/nofp/crtn.o
                0x20020000                _estack = (ORIGIN (RAM) + LENGTH (RAM))
                0x00001000                _Min_Heap_Size = 0x1000
                0x00001000                _Min_Stack_Size = 0x1000

.isr_vector     0x08000000      0x188
                0x08000000                . = ALIGN (0x4)
 *(.isr_vector)
 .isr_vector    0x08000000      0x188 CMakeFiles/my_libarary.elf.dir/Core/Startup/startup_stm32f407zgtx.s.obj
                0x08000000                g_pfnVectors
                0x08000188                . = ALIGN (0x4)

.text           0x080001c0    0x12b80
                0x080001c0                . = ALIGN (0x4)
 *(.text)
 .text          0x080001c0       0x40 d:/programfiles/gnu arm embedded toolchain/10 2021.10/bin/../lib/gcc/arm-none-eabi/10.3.1/thumb/v7e-m/nofp/crtbegin.o
 .text          0x08000200     0x5fa4 d:/programfiles/gnu arm embedded toolchain/10 2021.10/bin/../lib/gcc/arm-none-eabi/10.3.1/../../../../arm-none-eabi/lib/thumb/v7e-m/nofp\libstdc++.a(cp-demangle.o)
                0x080060bc                __cxa_demangle
                0x08006180                __gcclibcxx_demangle_callback
 .text          0x080061a4      0x378 d:/programfiles/gnu arm embedded toolchain/10 2021.10/bin/../lib/gcc/arm-none-eabi/10.3.1/thumb/v7e-m/nofp\libgcc.a(_arm_addsubdf3.o)
                0x080061a4                __aeabi_drsub
                0x080061ac                __aeabi_dsub
                0x080061ac                __subdf3
                0x080061b0                __aeabi_dadd
                0x080061b0                __adddf3
                0x08006428                __floatunsidf
                0x08006428                __aeabi_ui2d
                0x08006448                __floatsidf
                0x08006448                __aeabi_i2d
                0x0800646c                __aeabi_f2d
                0x0800646c                __extendsfdf2
                0x080064b0                __floatundidf
                0x080064b0                __aeabi_ul2d
                0x080064c0                __floatdidf
                0x080064c0                __aeabi_l2d
 .text          0x0800651c      0x424 d:/programfiles/gnu arm embedded toolchain/10 2021.10/bin/../lib/gcc/arm-none-eabi/10.3.1/thumb/v7e-m/nofp\libgcc.a(_arm_muldivdf3.o)
                0x0800651c                __aeabi_dmul
                0x0800651c                __muldf3
                0x08006770                __divdf3
                0x08006770                __aeabi_ddiv
 .text          0x08006940      0x110 d:/programfiles/gnu arm embedded toolchain/10 2021.10/bin/../lib/gcc/arm-none-eabi/10.3.1/thumb/v7e-m/nofp\libgcc.a(_arm_cmpdf2.o)
                0x08006940                __gtdf2
                0x08006940                __gedf2
                0x08006948                __ltdf2
                0x08006948                __ledf2
                0x08006950                __nedf2
                0x08006950                __eqdf2
                0x08006950                __cmpdf2
                0x080069cc                __aeabi_cdrcmple
                0x080069dc                __aeabi_cdcmpeq
                0x080069dc                __aeabi_cdcmple
                0x080069ec                __aeabi_dcmpeq
                0x08006a00                __aeabi_dcmplt
                0x08006a14                __aeabi_dcmple
                0x08006a28                __aeabi_dcmpge
                0x08006a3c                __aeabi_dcmpgt
 .text          0x08006a50       0x2c d:/programfiles/gnu arm embedded toolchain/10 2021.10/bin/../lib/gcc/arm-none-eabi/10.3.1/thumb/v7e-m/nofp\libgcc.a(_arm_unorddf2.o)
                0x08006a50                __unorddf2
                0x08006a50                __aeabi_dcmpun
 .text          0x08006a7c       0x50 d:/programfiles/gnu arm embedded toolchain/10 2021.10/bin/../lib/gcc/arm-none-eabi/10.3.1/thumb/v7e-m/nofp\libgcc.a(_arm_fixdfsi.o)
                0x08006a7c                __aeabi_d2iz
                0x08006a7c                __fixdfsi
 .text          0x08006acc       0x30 d:/programfiles/gnu arm embedded toolchain/10 2021.10/bin/../lib/gcc/arm-none-eabi/10.3.1/thumb/v7e-m/nofp\libgcc.a(_aeabi_uldivmod.o)
                0x08006acc                __aeabi_uldivmod
 .text          0x08006afc      0x2d0 d:/programfiles/gnu arm embedded toolchain/10 2021.10/bin/../lib/gcc/arm-none-eabi/10.3.1/thumb/v7e-m/nofp\libgcc.a(_udivmoddi4.o)
                0x08006afc                __udivmoddi4
 .text          0x08006dcc      0x9d8 d:/programfiles/gnu arm embedded toolchain/10 2021.10/bin/../lib/gcc/arm-none-eabi/10.3.1/thumb/v7e-m/nofp\libgcc.a(unwind-arm.o)
                0x08007074                _Unwind_GetCFA
                0x08007078                __gnu_Unwind_RaiseException
                0x080070e0                __gnu_Unwind_ForcedUnwind
                0x080070f0                __gnu_Unwind_Resume
                0x08007134                __gnu_Unwind_Resume_or_Rethrow
                0x08007144                _Unwind_Complete
                0x08007148                _Unwind_DeleteException
                0x08007154                _Unwind_VRS_Get
                0x080071a0                _Unwind_VRS_Set
                0x080071e8                __gnu_Unwind_Backtrace
                0x08007514                __aeabi_unwind_cpp_pr0
                0x08007518                __aeabi_unwind_cpp_pr1
                0x0800751c                __aeabi_unwind_cpp_pr2
                0x08007520                _Unwind_VRS_Pop
 .text          0x080077a4      0x1ac d:/programfiles/gnu arm embedded toolchain/10 2021.10/bin/../lib/gcc/arm-none-eabi/10.3.1/thumb/v7e-m/nofp\libgcc.a(libunwind.o)
                0x080077a4                __restore_core_regs
                0x080077a4                restore_core_regs
                0x080077bc                __gnu_Unwind_Restore_VFP
                0x080077c4                __gnu_Unwind_Save_VFP
                0x080077cc                __gnu_Unwind_Restore_VFP_D
                0x080077d4                __gnu_Unwind_Save_VFP_D
                0x080077dc                __gnu_Unwind_Restore_VFP_D_16_to_31
                0x080077e4                __gnu_Unwind_Save_VFP_D_16_to_31
                0x080077ec                __gnu_Unwind_Restore_WMMXD
                0x08007830                __gnu_Unwind_Save_WMMXD
                0x08007874                __gnu_Unwind_Restore_WMMXC
                0x08007888                __gnu_Unwind_Save_WMMXC
                0x0800789c                ___Unwind_RaiseException
                0x0800789c                _Unwind_RaiseException
                0x080078c0                _Unwind_Resume
                0x080078c0                ___Unwind_Resume
                0x080078e4                _Unwind_Resume_or_Rethrow
                0x080078e4                ___Unwind_Resume_or_Rethrow
                0x08007908                _Unwind_ForcedUnwind
                0x08007908                ___Unwind_ForcedUnwind
                0x0800792c                ___Unwind_Backtrace
                0x0800792c                _Unwind_Backtrace
 .text          0x08007950      0x350 d:/programfiles/gnu arm embedded toolchain/10 2021.10/bin/../lib/gcc/arm-none-eabi/10.3.1/thumb/v7e-m/nofp\libgcc.a(pr-support.o)
                0x080079a8                __gnu_unwind_execute
                0x08007c54                __gnu_unwind_frame
                0x08007c80                _Unwind_GetRegionStart
                0x08007c8c                _Unwind_GetLanguageSpecificData
 .text          0x08007ca0        0x4 d:/programfiles/gnu arm embedded toolchain/10 2021.10/bin/../lib/gcc/arm-none-eabi/10.3.1/thumb/v7e-m/nofp\libgcc.a(_dvmd_tls.o)
                0x08007ca0                __aeabi_idiv0
                0x08007ca0                __aeabi_ldiv0
 *fill*         0x08007ca4        0xc 
 .text          0x08007cb0       0xa0 d:/programfiles/gnu arm embedded toolchain/10 2021.10/bin/../lib/gcc/arm-none-eabi/10.3.1/../../../../arm-none-eabi/lib/thumb/v7e-m/nofp\libg.a(lib_a-memchr.o)
                0x08007cb0                memchr
 .text          0x08007d50      0x134 d:/programfiles/gnu arm embedded toolchain/10 2021.10/bin/../lib/gcc/arm-none-eabi/10.3.1/../../../../arm-none-eabi/lib/thumb/v7e-m/nofp\libg.a(lib_a-memcpy.o)
                0x08007d50                memcpy
 *fill*         0x08007e84       0x1c 
 .text          0x08007ea0      0x2dc d:/programfiles/gnu arm embedded toolchain/10 2021.10/bin/../lib/gcc/arm-none-eabi/10.3.1/../../../../arm-none-eabi/lib/thumb/v7e-m/nofp\libg.a(lib_a-strcmp.o)
                0x08007ea8                strcmp
 *fill*         0x0800817c        0x4 
 .text          0x08008180       0xdc d:/programfiles/gnu arm embedded toolchain/10 2021.10/bin/../lib/gcc/arm-none-eabi/10.3.1/../../../../arm-none-eabi/lib/thumb/v7e-m/nofp\libg.a(lib_a-strlen.o)
                0x08008180                strlen
 *(.text*)
 .text._Z41__static_initialization_and_destruction_0ii
                0x0800825c       0x38 CMakeFiles/my_libarary.elf.dir/ConnectingBridge/Src/Startup.cpp.obj
 .text.MyMain   0x08008294      0x15c CMakeFiles/my_libarary.elf.dir/ConnectingBridge/Src/Startup.cpp.obj
                0x08008294                MyMain
 .text.Interrupt_management
                0x080083f0       0x10 CMakeFiles/my_libarary.elf.dir/ConnectingBridge/Src/Startup.cpp.obj
                0x080083f0                Interrupt_management
 .text._GLOBAL__sub_I_myUart
                0x08008400        0xe CMakeFiles/my_libarary.elf.dir/ConnectingBridge/Src/Startup.cpp.obj
 *fill*         0x0800840e        0x2 
 .text.MX_DMA_Init
                0x08008410       0x44 CMakeFiles/my_libarary.elf.dir/Core/Src/dma.c.obj
                0x08008410                MX_DMA_Init
 .text.HAL_FSMC_MspInit
                0x08008454       0xb4 CMakeFiles/my_libarary.elf.dir/Core/Src/fsmc.c.obj
 .text.MX_FSMC_Init
                0x08008508       0x70 CMakeFiles/my_libarary.elf.dir/Core/Src/fsmc.c.obj
                0x08008508                MX_FSMC_Init
 .text.HAL_SRAM_MspInit
                0x08008578        0x8 CMakeFiles/my_libarary.elf.dir/Core/Src/fsmc.c.obj
                0x08008578                HAL_SRAM_MspInit
 .text.MX_GPIO_Init
                0x08008580      0x124 CMakeFiles/my_libarary.elf.dir/Core/Src/gpio.c.obj
                0x08008580                MX_GPIO_Init
 .text.Error_Handler
                0x080086a4        0x4 CMakeFiles/my_libarary.elf.dir/Core/Src/main.c.obj
                0x080086a4                Error_Handler
 .text.SystemClock_Config
                0x080086a8       0xa8 CMakeFiles/my_libarary.elf.dir/Core/Src/main.c.obj
                0x080086a8                SystemClock_Config
 .text.main     0x08008750       0x24 CMakeFiles/my_libarary.elf.dir/Core/Src/main.c.obj
                0x08008750                main
 .text.HAL_MspInit
                0x08008774       0x38 CMakeFiles/my_libarary.elf.dir/Core/Src/stm32f4xx_hal_msp.c.obj
                0x08008774                HAL_MspInit
 .text.NMI_Handler
                0x080087ac        0x2 CMakeFiles/my_libarary.elf.dir/Core/Src/stm32f4xx_it.c.obj
                0x080087ac                NMI_Handler
 .text.HardFault_Handler
                0x080087ae        0x2 CMakeFiles/my_libarary.elf.dir/Core/Src/stm32f4xx_it.c.obj
                0x080087ae                HardFault_Handler
 .text.MemManage_Handler
                0x080087b0        0x2 CMakeFiles/my_libarary.elf.dir/Core/Src/stm32f4xx_it.c.obj
                0x080087b0                MemManage_Handler
 .text.BusFault_Handler
                0x080087b2        0x2 CMakeFiles/my_libarary.elf.dir/Core/Src/stm32f4xx_it.c.obj
                0x080087b2                BusFault_Handler
 .text.UsageFault_Handler
                0x080087b4        0x2 CMakeFiles/my_libarary.elf.dir/Core/Src/stm32f4xx_it.c.obj
                0x080087b4                UsageFault_Handler
 .text.SVC_Handler
                0x080087b6        0x2 CMakeFiles/my_libarary.elf.dir/Core/Src/stm32f4xx_it.c.obj
                0x080087b6                SVC_Handler
 .text.DebugMon_Handler
                0x080087b8        0x2 CMakeFiles/my_libarary.elf.dir/Core/Src/stm32f4xx_it.c.obj
                0x080087b8                DebugMon_Handler
 .text.PendSV_Handler
                0x080087ba        0x2 CMakeFiles/my_libarary.elf.dir/Core/Src/stm32f4xx_it.c.obj
                0x080087ba                PendSV_Handler
 .text.SysTick_Handler
                0x080087bc        0x8 CMakeFiles/my_libarary.elf.dir/Core/Src/stm32f4xx_it.c.obj
                0x080087bc                SysTick_Handler
 .text.USART1_IRQHandler
                0x080087c4       0x18 CMakeFiles/my_libarary.elf.dir/Core/Src/stm32f4xx_it.c.obj
                0x080087c4                USART1_IRQHandler
 .text.TIM6_DAC_IRQHandler
                0x080087dc       0x10 CMakeFiles/my_libarary.elf.dir/Core/Src/stm32f4xx_it.c.obj
                0x080087dc                TIM6_DAC_IRQHandler
 .text.DMA2_Stream2_IRQHandler
                0x080087ec       0x10 CMakeFiles/my_libarary.elf.dir/Core/Src/stm32f4xx_it.c.obj
                0x080087ec                DMA2_Stream2_IRQHandler
 .text.DMA2_Stream7_IRQHandler
                0x080087fc       0x10 CMakeFiles/my_libarary.elf.dir/Core/Src/stm32f4xx_it.c.obj
                0x080087fc                DMA2_Stream7_IRQHandler
 .text._getpid  0x0800880c        0x4 CMakeFiles/my_libarary.elf.dir/Core/Src/syscalls.c.obj
                0x0800880c                _getpid
 .text._kill    0x08008810       0x10 CMakeFiles/my_libarary.elf.dir/Core/Src/syscalls.c.obj
                0x08008810                _kill
 .text._exit    0x08008820        0xc CMakeFiles/my_libarary.elf.dir/Core/Src/syscalls.c.obj
                0x08008820                _exit
 .text._read    0x0800882c       0x20 CMakeFiles/my_libarary.elf.dir/Core/Src/syscalls.c.obj
                0x0800882c                _read
 .text._write   0x0800884c       0x1c CMakeFiles/my_libarary.elf.dir/Core/Src/syscalls.c.obj
                0x0800884c                _write
 .text._close   0x08008868        0x6 CMakeFiles/my_libarary.elf.dir/Core/Src/syscalls.c.obj
                0x08008868                _close
 .text._fstat   0x0800886e        0xa CMakeFiles/my_libarary.elf.dir/Core/Src/syscalls.c.obj
                0x0800886e                _fstat
 .text._isatty  0x08008878        0x4 CMakeFiles/my_libarary.elf.dir/Core/Src/syscalls.c.obj
                0x08008878                _isatty
 .text._lseek   0x0800887c        0x4 CMakeFiles/my_libarary.elf.dir/Core/Src/syscalls.c.obj
                0x0800887c                _lseek
 .text._sbrk    0x08008880       0x48 CMakeFiles/my_libarary.elf.dir/Core/Src/sysmem.c.obj
                0x08008880                _sbrk
 .text.SystemInit
                0x080088c8        0x2 CMakeFiles/my_libarary.elf.dir/Core/Src/system_stm32f4xx.c.obj
                0x080088c8                SystemInit
 *fill*         0x080088ca        0x2 
 .text.MX_TIM6_Init
                0x080088cc       0x50 CMakeFiles/my_libarary.elf.dir/Core/Src/tim.c.obj
                0x080088cc                MX_TIM6_Init
 .text.HAL_TIM_Base_MspInit
                0x0800891c       0x40 CMakeFiles/my_libarary.elf.dir/Core/Src/tim.c.obj
                0x0800891c                HAL_TIM_Base_MspInit
 .text.HAL_Delay_us
                0x0800895c       0x3c CMakeFiles/my_libarary.elf.dir/Core/Src/tim.c.obj
                0x0800895c                HAL_Delay_us
 .text.HAL_Delay_ms
                0x08008998       0x18 CMakeFiles/my_libarary.elf.dir/Core/Src/tim.c.obj
                0x08008998                HAL_Delay_ms
 .text.MX_USART1_UART_Init
                0x080089b0       0x34 CMakeFiles/my_libarary.elf.dir/Core/Src/usart.c.obj
                0x080089b0                MX_USART1_UART_Init
 .text.HAL_UART_MspInit
                0x080089e4      0x100 CMakeFiles/my_libarary.elf.dir/Core/Src/usart.c.obj
                0x080089e4                HAL_UART_MspInit
 .text.Reset_Handler
                0x08008ae4       0x50 CMakeFiles/my_libarary.elf.dir/Core/Startup/startup_stm32f407zgtx.s.obj
                0x08008ae4                Reset_Handler
 .text.Default_Handler
                0x08008b34        0x2 CMakeFiles/my_libarary.elf.dir/Core/Startup/startup_stm32f407zgtx.s.obj
                0x08008b34                RTC_Alarm_IRQHandler
                0x08008b34                HASH_RNG_IRQHandler
                0x08008b34                EXTI2_IRQHandler
                0x08008b34                TIM8_CC_IRQHandler
                0x08008b34                TIM1_CC_IRQHandler
                0x08008b34                DMA2_Stream5_IRQHandler
                0x08008b34                DMA1_Stream5_IRQHandler
                0x08008b34                PVD_IRQHandler
                0x08008b34                SDIO_IRQHandler
                0x08008b34                TAMP_STAMP_IRQHandler
                0x08008b34                CAN2_RX1_IRQHandler
                0x08008b34                EXTI3_IRQHandler
                0x08008b34                TIM8_TRG_COM_TIM14_IRQHandler
                0x08008b34                TIM1_UP_TIM10_IRQHandler
                0x08008b34                TIM8_UP_TIM13_IRQHandler
                0x08008b34                I2C3_ER_IRQHandler
                0x08008b34                EXTI0_IRQHandler
                0x08008b34                I2C2_EV_IRQHandler
                0x08008b34                DMA1_Stream2_IRQHandler
                0x08008b34                CAN1_RX0_IRQHandler
                0x08008b34                FPU_IRQHandler
                0x08008b34                OTG_HS_WKUP_IRQHandler
                0x08008b34                CAN2_SCE_IRQHandler
                0x08008b34                SPI1_IRQHandler
                0x08008b34                TIM1_BRK_TIM9_IRQHandler
                0x08008b34                DCMI_IRQHandler
                0x08008b34                CAN2_RX0_IRQHandler
                0x08008b34                DMA2_Stream3_IRQHandler
                0x08008b34                USART6_IRQHandler
                0x08008b34                USART3_IRQHandler
                0x08008b34                CAN1_RX1_IRQHandler
                0x08008b34                UART5_IRQHandler
                0x08008b34                DMA2_Stream0_IRQHandler
                0x08008b34                TIM4_IRQHandler
                0x08008b34                I2C1_EV_IRQHandler
                0x08008b34                DMA1_Stream6_IRQHandler
                0x08008b34                DMA1_Stream1_IRQHandler
                0x08008b34                UART4_IRQHandler
                0x08008b34                TIM3_IRQHandler
                0x08008b34                RCC_IRQHandler
                0x08008b34                TIM8_BRK_TIM12_IRQHandler
                0x08008b34                Default_Handler
                0x08008b34                EXTI15_10_IRQHandler
                0x08008b34                ADC_IRQHandler
                0x08008b34                DMA1_Stream7_IRQHandler
                0x08008b34                TIM7_IRQHandler
                0x08008b34                CAN2_TX_IRQHandler
                0x08008b34                TIM5_IRQHandler
                0x08008b34                I2C3_EV_IRQHandler
                0x08008b34                EXTI9_5_IRQHandler
                0x08008b34                RTC_WKUP_IRQHandler
                0x08008b34                ETH_WKUP_IRQHandler
                0x08008b34                SPI2_IRQHandler
                0x08008b34                OTG_HS_EP1_IN_IRQHandler
                0x08008b34                DMA1_Stream0_IRQHandler
                0x08008b34                CAN1_TX_IRQHandler
                0x08008b34                EXTI4_IRQHandler
                0x08008b34                FSMC_IRQHandler
                0x08008b34                ETH_IRQHandler
                0x08008b34                OTG_HS_EP1_OUT_IRQHandler
                0x08008b34                WWDG_IRQHandler
                0x08008b34                TIM2_IRQHandler
                0x08008b34                OTG_FS_WKUP_IRQHandler
                0x08008b34                TIM1_TRG_COM_TIM11_IRQHandler
                0x08008b34                OTG_HS_IRQHandler
                0x08008b34                EXTI1_IRQHandler
                0x08008b34                USART2_IRQHandler
                0x08008b34                I2C2_ER_IRQHandler
                0x08008b34                DMA2_Stream1_IRQHandler
                0x08008b34                CAN1_SCE_IRQHandler
                0x08008b34                FLASH_IRQHandler
                0x08008b34                DMA2_Stream4_IRQHandler
                0x08008b34                OTG_FS_IRQHandler
                0x08008b34                SPI3_IRQHandler
                0x08008b34                DMA1_Stream4_IRQHandler
                0x08008b34                I2C1_ER_IRQHandler
                0x08008b34                DMA2_Stream6_IRQHandler
                0x08008b34                DMA1_Stream3_IRQHandler
 *fill*         0x08008b36        0x2 
 .text.HAL_InitTick
                0x08008b38       0x4c CMakeFiles/my_libarary.elf.dir/Drivers/STM32F4xx_HAL_Driver/Src/stm32f4xx_hal.c.obj
                0x08008b38                HAL_InitTick
 .text.HAL_Init
                0x08008b84       0x34 CMakeFiles/my_libarary.elf.dir/Drivers/STM32F4xx_HAL_Driver/Src/stm32f4xx_hal.c.obj
                0x08008b84                HAL_Init
 .text.HAL_IncTick
                0x08008bb8       0x18 CMakeFiles/my_libarary.elf.dir/Drivers/STM32F4xx_HAL_Driver/Src/stm32f4xx_hal.c.obj
                0x08008bb8                HAL_IncTick
 .text.HAL_GetTick
                0x08008bd0        0xc CMakeFiles/my_libarary.elf.dir/Drivers/STM32F4xx_HAL_Driver/Src/stm32f4xx_hal.c.obj
                0x08008bd0                HAL_GetTick
 .text.HAL_NVIC_SetPriorityGrouping
                0x08008bdc       0x24 CMakeFiles/my_libarary.elf.dir/Drivers/STM32F4xx_HAL_Driver/Src/stm32f4xx_hal_cortex.c.obj
                0x08008bdc                HAL_NVIC_SetPriorityGrouping
 .text.HAL_NVIC_SetPriority
                0x08008c00       0x70 CMakeFiles/my_libarary.elf.dir/Drivers/STM32F4xx_HAL_Driver/Src/stm32f4xx_hal_cortex.c.obj
                0x08008c00                HAL_NVIC_SetPriority
 .text.HAL_NVIC_EnableIRQ
                0x08008c70       0x1c CMakeFiles/my_libarary.elf.dir/Drivers/STM32F4xx_HAL_Driver/Src/stm32f4xx_hal_cortex.c.obj
                0x08008c70                HAL_NVIC_EnableIRQ
 .text.HAL_SYSTICK_Config
                0x08008c8c       0x28 CMakeFiles/my_libarary.elf.dir/Drivers/STM32F4xx_HAL_Driver/Src/stm32f4xx_hal_cortex.c.obj
                0x08008c8c                HAL_SYSTICK_Config
 .text.DMA_CalcBaseAndBitshift
                0x08008cb4       0x40 CMakeFiles/my_libarary.elf.dir/Drivers/STM32F4xx_HAL_Driver/Src/stm32f4xx_hal_dma.c.obj
 .text.DMA_CheckFifoParam
                0x08008cf4       0x8e CMakeFiles/my_libarary.elf.dir/Drivers/STM32F4xx_HAL_Driver/Src/stm32f4xx_hal_dma.c.obj
 *fill*         0x08008d82        0x2 
 .text.HAL_DMA_Init
                0x08008d84       0xcc CMakeFiles/my_libarary.elf.dir/Drivers/STM32F4xx_HAL_Driver/Src/stm32f4xx_hal_dma.c.obj
                0x08008d84                HAL_DMA_Init
 .text.HAL_DMA_Abort
                0x08008e50       0x94 CMakeFiles/my_libarary.elf.dir/Drivers/STM32F4xx_HAL_Driver/Src/stm32f4xx_hal_dma.c.obj
                0x08008e50                HAL_DMA_Abort
 .text.HAL_DMA_Abort_IT
                0x08008ee4       0x26 CMakeFiles/my_libarary.elf.dir/Drivers/STM32F4xx_HAL_Driver/Src/stm32f4xx_hal_dma.c.obj
                0x08008ee4                HAL_DMA_Abort_IT
 *fill*         0x08008f0a        0x2 
 .text.HAL_DMA_IRQHandler
                0x08008f0c      0x1dc CMakeFiles/my_libarary.elf.dir/Drivers/STM32F4xx_HAL_Driver/Src/stm32f4xx_hal_dma.c.obj
                0x08008f0c                HAL_DMA_IRQHandler
 .text.HAL_GPIO_Init
                0x080090e8      0x1e4 CMakeFiles/my_libarary.elf.dir/Drivers/STM32F4xx_HAL_Driver/Src/stm32f4xx_hal_gpio.c.obj
                0x080090e8                HAL_GPIO_Init
 .text.HAL_GPIO_ReadPin
                0x080092cc        0xe CMakeFiles/my_libarary.elf.dir/Drivers/STM32F4xx_HAL_Driver/Src/stm32f4xx_hal_gpio.c.obj
                0x080092cc                HAL_GPIO_ReadPin
 .text.HAL_GPIO_WritePin
                0x080092da        0xc CMakeFiles/my_libarary.elf.dir/Drivers/STM32F4xx_HAL_Driver/Src/stm32f4xx_hal_gpio.c.obj
                0x080092da                HAL_GPIO_WritePin
 *fill*         0x080092e6        0x2 
 .text.HAL_RCC_OscConfig
                0x080092e8      0x3f8 CMakeFiles/my_libarary.elf.dir/Drivers/STM32F4xx_HAL_Driver/Src/stm32f4xx_hal_rcc.c.obj
                0x080092e8                HAL_RCC_OscConfig
 .text.HAL_RCC_GetSysClockFreq
                0x080096e0       0xd4 CMakeFiles/my_libarary.elf.dir/Drivers/STM32F4xx_HAL_Driver/Src/stm32f4xx_hal_rcc.c.obj
                0x080096e0                HAL_RCC_GetSysClockFreq
 .text.HAL_RCC_ClockConfig
                0x080097b4      0x160 CMakeFiles/my_libarary.elf.dir/Drivers/STM32F4xx_HAL_Driver/Src/stm32f4xx_hal_rcc.c.obj
                0x080097b4                HAL_RCC_ClockConfig
 .text.HAL_RCC_GetHCLKFreq
                0x08009914        0xc CMakeFiles/my_libarary.elf.dir/Drivers/STM32F4xx_HAL_Driver/Src/stm32f4xx_hal_rcc.c.obj
                0x08009914                HAL_RCC_GetHCLKFreq
 .text.HAL_RCC_GetPCLK1Freq
                0x08009920       0x20 CMakeFiles/my_libarary.elf.dir/Drivers/STM32F4xx_HAL_Driver/Src/stm32f4xx_hal_rcc.c.obj
                0x08009920                HAL_RCC_GetPCLK1Freq
 .text.HAL_RCC_GetPCLK2Freq
                0x08009940       0x20 CMakeFiles/my_libarary.elf.dir/Drivers/STM32F4xx_HAL_Driver/Src/stm32f4xx_hal_rcc.c.obj
                0x08009940                HAL_RCC_GetPCLK2Freq
 .text.HAL_SRAM_Init
                0x08009960       0x58 CMakeFiles/my_libarary.elf.dir/Drivers/STM32F4xx_HAL_Driver/Src/stm32f4xx_hal_sram.c.obj
                0x08009960                HAL_SRAM_Init
 .text.HAL_TIM_PeriodElapsedCallback
                0x080099b8        0x2 CMakeFiles/my_libarary.elf.dir/Drivers/STM32F4xx_HAL_Driver/Src/stm32f4xx_hal_tim.c.obj
                0x080099b8                HAL_TIM_PeriodElapsedCallback
 .text.HAL_TIM_OC_DelayElapsedCallback
                0x080099ba        0x2 CMakeFiles/my_libarary.elf.dir/Drivers/STM32F4xx_HAL_Driver/Src/stm32f4xx_hal_tim.c.obj
                0x080099ba                HAL_TIM_OC_DelayElapsedCallback
 .text.HAL_TIM_IC_CaptureCallback
                0x080099bc        0x2 CMakeFiles/my_libarary.elf.dir/Drivers/STM32F4xx_HAL_Driver/Src/stm32f4xx_hal_tim.c.obj
                0x080099bc                HAL_TIM_IC_CaptureCallback
 .text.HAL_TIM_PWM_PulseFinishedCallback
                0x080099be        0x2 CMakeFiles/my_libarary.elf.dir/Drivers/STM32F4xx_HAL_Driver/Src/stm32f4xx_hal_tim.c.obj
                0x080099be                HAL_TIM_PWM_PulseFinishedCallback
 .text.HAL_TIM_TriggerCallback
                0x080099c0        0x2 CMakeFiles/my_libarary.elf.dir/Drivers/STM32F4xx_HAL_Driver/Src/stm32f4xx_hal_tim.c.obj
                0x080099c0                HAL_TIM_TriggerCallback
 .text.HAL_TIM_IRQHandler
                0x080099c2      0x17a CMakeFiles/my_libarary.elf.dir/Drivers/STM32F4xx_HAL_Driver/Src/stm32f4xx_hal_tim.c.obj
                0x080099c2                HAL_TIM_IRQHandler
 .text.TIM_Base_SetConfig
                0x08009b3c       0xc8 CMakeFiles/my_libarary.elf.dir/Drivers/STM32F4xx_HAL_Driver/Src/stm32f4xx_hal_tim.c.obj
                0x08009b3c                TIM_Base_SetConfig
 .text.HAL_TIM_Base_Init
                0x08009c04       0x58 CMakeFiles/my_libarary.elf.dir/Drivers/STM32F4xx_HAL_Driver/Src/stm32f4xx_hal_tim.c.obj
                0x08009c04                HAL_TIM_Base_Init
 .text.HAL_TIMEx_MasterConfigSynchronization
                0x08009c5c       0x8c CMakeFiles/my_libarary.elf.dir/Drivers/STM32F4xx_HAL_Driver/Src/stm32f4xx_hal_tim_ex.c.obj
                0x08009c5c                HAL_TIMEx_MasterConfigSynchronization
 .text.HAL_TIMEx_CommutCallback
                0x08009ce8        0x2 CMakeFiles/my_libarary.elf.dir/Drivers/STM32F4xx_HAL_Driver/Src/stm32f4xx_hal_tim_ex.c.obj
                0x08009ce8                HAL_TIMEx_CommutCallback
 .text.HAL_TIMEx_BreakCallback
                0x08009cea        0x2 CMakeFiles/my_libarary.elf.dir/Drivers/STM32F4xx_HAL_Driver/Src/stm32f4xx_hal_tim_ex.c.obj
                0x08009cea                HAL_TIMEx_BreakCallback
 .text.UART_EndTxTransfer
                0x08009cec       0x20 CMakeFiles/my_libarary.elf.dir/Drivers/STM32F4xx_HAL_Driver/Src/stm32f4xx_hal_uart.c.obj
 .text.UART_EndRxTransfer
                0x08009d0c       0x5c CMakeFiles/my_libarary.elf.dir/Drivers/STM32F4xx_HAL_Driver/Src/stm32f4xx_hal_uart.c.obj
 .text.UART_Transmit_IT
                0x08009d68       0x60 CMakeFiles/my_libarary.elf.dir/Drivers/STM32F4xx_HAL_Driver/Src/stm32f4xx_hal_uart.c.obj
 .text.UART_SetConfig
                0x08009dc8      0x110 CMakeFiles/my_libarary.elf.dir/Drivers/STM32F4xx_HAL_Driver/Src/stm32f4xx_hal_uart.c.obj
 .text.UART_WaitOnFlagUntilTimeout
                0x08009ed8       0x88 CMakeFiles/my_libarary.elf.dir/Drivers/STM32F4xx_HAL_Driver/Src/stm32f4xx_hal_uart.c.obj
 .text.HAL_UART_Init
                0x08009f60       0x5e CMakeFiles/my_libarary.elf.dir/Drivers/STM32F4xx_HAL_Driver/Src/stm32f4xx_hal_uart.c.obj
                0x08009f60                HAL_UART_Init
 .text.HAL_UART_Transmit
                0x08009fbe       0xd8 CMakeFiles/my_libarary.elf.dir/Drivers/STM32F4xx_HAL_Driver/Src/stm32f4xx_hal_uart.c.obj
                0x08009fbe                HAL_UART_Transmit
 .text.HAL_UART_DMAStop
                0x0800a096       0x84 CMakeFiles/my_libarary.elf.dir/Drivers/STM32F4xx_HAL_Driver/Src/stm32f4xx_hal_uart.c.obj
                0x0800a096                HAL_UART_DMAStop
 .text.HAL_UART_TxCpltCallback
                0x0800a11a        0x2 CMakeFiles/my_libarary.elf.dir/Drivers/STM32F4xx_HAL_Driver/Src/stm32f4xx_hal_uart.c.obj
                0x0800a11a                HAL_UART_TxCpltCallback
 .text.UART_EndTransmit_IT
                0x0800a11c       0x1a CMakeFiles/my_libarary.elf.dir/Drivers/STM32F4xx_HAL_Driver/Src/stm32f4xx_hal_uart.c.obj
 .text.HAL_UART_RxCpltCallback
                0x0800a136        0x2 CMakeFiles/my_libarary.elf.dir/Drivers/STM32F4xx_HAL_Driver/Src/stm32f4xx_hal_uart.c.obj
                0x0800a136                HAL_UART_RxCpltCallback
 .text.HAL_UART_ErrorCallback
                0x0800a138        0x2 CMakeFiles/my_libarary.elf.dir/Drivers/STM32F4xx_HAL_Driver/Src/stm32f4xx_hal_uart.c.obj
                0x0800a138                HAL_UART_ErrorCallback
 .text.UART_DMAAbortOnError
                0x0800a13a       0x10 CMakeFiles/my_libarary.elf.dir/Drivers/STM32F4xx_HAL_Driver/Src/stm32f4xx_hal_uart.c.obj
 .text.HAL_UARTEx_RxEventCallback
                0x0800a14a        0x2 CMakeFiles/my_libarary.elf.dir/Drivers/STM32F4xx_HAL_Driver/Src/stm32f4xx_hal_uart.c.obj
                0x0800a14a                HAL_UARTEx_RxEventCallback
 .text.UART_Receive_IT
                0x0800a14c       0xe2 CMakeFiles/my_libarary.elf.dir/Drivers/STM32F4xx_HAL_Driver/Src/stm32f4xx_hal_uart.c.obj
 *fill*         0x0800a22e        0x2 
 .text.HAL_UART_IRQHandler
                0x0800a230      0x280 CMakeFiles/my_libarary.elf.dir/Drivers/STM32F4xx_HAL_Driver/Src/stm32f4xx_hal_uart.c.obj
                0x0800a230                HAL_UART_IRQHandler
 .text.FSMC_NORSRAM_Init
                0x0800a4b0       0x68 CMakeFiles/my_libarary.elf.dir/Drivers/STM32F4xx_HAL_Driver/Src/stm32f4xx_ll_fsmc.c.obj
                0x0800a4b0                FSMC_NORSRAM_Init
 .text.FSMC_NORSRAM_Timing_Init
                0x0800a518       0x50 CMakeFiles/my_libarary.elf.dir/Drivers/STM32F4xx_HAL_Driver/Src/stm32f4xx_ll_fsmc.c.obj
                0x0800a518                FSMC_NORSRAM_Timing_Init
 .text.FSMC_NORSRAM_Extended_Timing_Init
                0x0800a568       0x44 CMakeFiles/my_libarary.elf.dir/Drivers/STM32F4xx_HAL_Driver/Src/stm32f4xx_ll_fsmc.c.obj
                0x0800a568                FSMC_NORSRAM_Extended_Timing_Init
 .text._ZN9stm32f4074GPIO9RCCEnableENS_10PORT_INDEXE
                0x0800a5ac       0xd0 CMakeFiles/my_libarary.elf.dir/MyLibrary/Src/MyGPIO.cpp.obj
                0x0800a5ac                stm32f407::GPIO::RCCEnable(stm32f407::PORT_INDEX)
 .text._ZN9stm32f4074GPIO10InitializeENS_10PORT_INDEXEP12GPIO_TypeDeftmmm
                0x0800a67c       0x46 CMakeFiles/my_libarary.elf.dir/MyLibrary/Src/MyGPIO.cpp.obj
                0x0800a67c                stm32f407::GPIO::Initialize(stm32f407::PORT_INDEX, GPIO_TypeDef*, unsigned short, unsigned long, unsigned long, unsigned long)
 *fill*         0x0800a6c2        0x2 
 .text._ZN9stm32f4074GPIOC2ENS_10PORT_INDEXEtmmm
                0x0800a6c4       0x30 CMakeFiles/my_libarary.elf.dir/MyLibrary/Src/MyGPIO.cpp.obj
                0x0800a6c4                stm32f407::GPIO::GPIO(stm32f407::PORT_INDEX, unsigned short, unsigned long, unsigned long, unsigned long)
                0x0800a6c4                stm32f407::GPIO::GPIO(stm32f407::PORT_INDEX, unsigned short, unsigned long, unsigned long, unsigned long)
 .text._ZN9stm32f4075MyIIc9availableEv
                0x0800a6f4        0x6 CMakeFiles/my_libarary.elf.dir/MyLibrary/Src/MyIIc.cpp.obj
                0x0800a6f4                stm32f407::MyIIc::available()
 .text._ZThn4_N9stm32f4075MyIIc9availableEv
                0x0800a6fa        0x8 CMakeFiles/my_libarary.elf.dir/MyLibrary/Src/MyIIc.cpp.obj
                0x0800a6fa                non-virtual thunk to stm32f407::MyIIc::available()
 .text._ZN9stm32f4075MyIIc5delayEv
                0x0800a702        0xa CMakeFiles/my_libarary.elf.dir/MyLibrary/Src/MyIIc.cpp.obj
                0x0800a702                stm32f407::MyIIc::delay()
 .text._ZN9stm32f4075MyIIc5startEv
                0x0800a70c       0x7a CMakeFiles/my_libarary.elf.dir/MyLibrary/Src/MyIIc.cpp.obj
                0x0800a70c                stm32f407::MyIIc::start()
 .text._ZN9stm32f4075MyIIc4stopEv
                0x0800a786       0x48 CMakeFiles/my_libarary.elf.dir/MyLibrary/Src/MyIIc.cpp.obj
                0x0800a786                stm32f407::MyIIc::stop()
 *fill*         0x0800a7ce        0x2 
 .text._ZN9stm32f4075MyIIc10InitializeEv
                0x0800a7d0       0x58 CMakeFiles/my_libarary.elf.dir/MyLibrary/Src/MyIIc.cpp.obj
                0x0800a7d0                stm32f407::MyIIc::Initialize()
 .text._ZN9stm32f4075MyIIc3ackEv
                0x0800a828       0x4a CMakeFiles/my_libarary.elf.dir/MyLibrary/Src/MyIIc.cpp.obj
                0x0800a828                stm32f407::MyIIc::ack()
 .text._ZN9stm32f4075MyIIc5noAckEv
                0x0800a872       0x48 CMakeFiles/my_libarary.elf.dir/MyLibrary/Src/MyIIc.cpp.obj
                0x0800a872                stm32f407::MyIIc::noAck()
 .text._ZN9stm32f4075MyIIc7waitAckEv
                0x0800a8ba       0x78 CMakeFiles/my_libarary.elf.dir/MyLibrary/Src/MyIIc.cpp.obj
                0x0800a8ba                stm32f407::MyIIc::waitAck()
 .text._ZN9stm32f4075MyIIc8SendByteEh
                0x0800a932       0x6a CMakeFiles/my_libarary.elf.dir/MyLibrary/Src/MyIIc.cpp.obj
                0x0800a932                stm32f407::MyIIc::SendByte(unsigned char)
 .text._ZN9stm32f4075MyIIc11SingleWriteEhhh
                0x0800a99c       0xc8 CMakeFiles/my_libarary.elf.dir/MyLibrary/Src/MyIIc.cpp.obj
                0x0800a99c                stm32f407::MyIIc::SingleWrite(unsigned char, unsigned char, unsigned char)
 .text._ZN9stm32f4075MyIIc5writeEh
                0x0800aa64       0x14 CMakeFiles/my_libarary.elf.dir/MyLibrary/Src/MyIIc.cpp.obj
                0x0800aa64                stm32f407::MyIIc::write(unsigned char)
 .text._ZN9stm32f4075MyIIc8ReadByteEv
                0x0800aa78       0x72 CMakeFiles/my_libarary.elf.dir/MyLibrary/Src/MyIIc.cpp.obj
                0x0800aa78                stm32f407::MyIIc::ReadByte()
 *fill*         0x0800aaea        0x2 
 .text._ZN9stm32f4075MyIIc10SingleReadEhh
                0x0800aaec       0x9c CMakeFiles/my_libarary.elf.dir/MyLibrary/Src/MyIIc.cpp.obj
                0x0800aaec                stm32f407::MyIIc::SingleRead(unsigned char, unsigned char)
 .text._ZN9stm32f4075MyIIc12MultipleReadEhhPhh
                0x0800ab88       0x5c CMakeFiles/my_libarary.elf.dir/MyLibrary/Src/MyIIc.cpp.obj
                0x0800ab88                stm32f407::MyIIc::MultipleRead(unsigned char, unsigned char, unsigned char*, unsigned char)
 .text._ZN9stm32f4075MyIIc4readEv
                0x0800abe4       0x6c CMakeFiles/my_libarary.elf.dir/MyLibrary/Src/MyIIc.cpp.obj
                0x0800abe4                stm32f407::MyIIc::read()
 .text._ZThn4_N9stm32f4075MyIIc4readEv
                0x0800ac50        0x8 CMakeFiles/my_libarary.elf.dir/MyLibrary/Src/MyIIc.cpp.obj
                0x0800ac50                non-virtual thunk to stm32f407::MyIIc::read()
 .text._ZN9stm32f4075MyIIc13MultipleWriteEhhPhh
                0x0800ac58       0x6e CMakeFiles/my_libarary.elf.dir/MyLibrary/Src/MyIIc.cpp.obj
                0x0800ac58                stm32f407::MyIIc::MultipleWrite(unsigned char, unsigned char, unsigned char*, unsigned char)
 .text._ZN9stm32f4075MyIIc5writeEPKhj
                0x0800acc6       0x1e CMakeFiles/my_libarary.elf.dir/MyLibrary/Src/MyIIc.cpp.obj
                0x0800acc6                stm32f407::MyIIc::write(unsigned char const*, unsigned int)
 .text._ZN9stm32f4075MyIIc15SetSlaveAddressEh
                0x0800ace4        0x6 CMakeFiles/my_libarary.elf.dir/MyLibrary/Src/MyIIc.cpp.obj
                0x0800ace4                stm32f407::MyIIc::SetSlaveAddress(unsigned char)
 .text._ZN9stm32f4075MyIIc13SetREGAddressEh
                0x0800acea        0x6 CMakeFiles/my_libarary.elf.dir/MyLibrary/Src/MyIIc.cpp.obj
                0x0800acea                stm32f407::MyIIc::SetREGAddress(unsigned char)
 .text._ZN9stm32f4075MyIIcC2EPNS_4GPIOES2_hh
                0x0800acf0       0x4c CMakeFiles/my_libarary.elf.dir/MyLibrary/Src/MyIIc.cpp.obj
                0x0800acf0                stm32f407::MyIIc::MyIIc(stm32f407::GPIO*, stm32f407::GPIO*, unsigned char, unsigned char)
                0x0800acf0                stm32f407::MyIIc::MyIIc(stm32f407::GPIO*, stm32f407::GPIO*, unsigned char, unsigned char)
 .text._ZN9stm32f4075MySPID2Ev
                0x0800ad3c       0x14 CMakeFiles/my_libarary.elf.dir/MyLibrary/Src/MySPI.cpp.obj
                0x0800ad3c                stm32f407::MySPI::~MySPI()
                0x0800ad3c                stm32f407::MySPI::~MySPI()
 .text._ZN9stm32f4075MySPI12SoftGPIOInitEv
                0x0800ad50       0x44 CMakeFiles/my_libarary.elf.dir/MyLibrary/Src/MySPI.cpp.obj
                0x0800ad50                stm32f407::MySPI::SoftGPIOInit()
 .text._ZN9stm32f4075MySPI11SoftSPIInitEv
                0x0800ad94       0x1c CMakeFiles/my_libarary.elf.dir/MyLibrary/Src/MySPI.cpp.obj
                0x0800ad94                stm32f407::MySPI::SoftSPIInit()
 .text._ZN9stm32f4075MySPIC2EPNS_4GPIOES2_S2_S2_
                0x0800adb0       0x48 CMakeFiles/my_libarary.elf.dir/MyLibrary/Src/MySPI.cpp.obj
                0x0800adb0                stm32f407::MySPI::MySPI(stm32f407::GPIO*, stm32f407::GPIO*, stm32f407::GPIO*, stm32f407::GPIO*)
                0x0800adb0                stm32f407::MySPI::MySPI(stm32f407::GPIO*, stm32f407::GPIO*, stm32f407::GPIO*, stm32f407::GPIO*)
 .text._ZN9stm32f4075MySPI5SetCSEh
                0x0800adf8       0x1c CMakeFiles/my_libarary.elf.dir/MyLibrary/Src/MySPI.cpp.obj
                0x0800adf8                stm32f407::MySPI::SetCS(unsigned char)
 .text._ZN9stm32f4075MySPI14SoftSPIModeSetE8SoftMode
                0x0800ae14        0x6 CMakeFiles/my_libarary.elf.dir/MyLibrary/Src/MySPI.cpp.obj
                0x0800ae14                stm32f407::MySPI::SoftSPIModeSet(SoftMode)
 .text._ZN9stm32f4075MySPI15SoftSPISpeedSetEt
                0x0800ae1a        0x6 CMakeFiles/my_libarary.elf.dir/MyLibrary/Src/MySPI.cpp.obj
                0x0800ae1a                stm32f407::MySPI::SoftSPISpeedSet(unsigned short)
 .text._ZN9stm32f4075MySPI8SPIDelayEv
                0x0800ae20        0xc CMakeFiles/my_libarary.elf.dir/MyLibrary/Src/MySPI.cpp.obj
                0x0800ae20                stm32f407::MySPI::SPIDelay()
 .text._ZN9stm32f4075MySPI14SoftSPIMode0WREh
                0x0800ae2c       0x86 CMakeFiles/my_libarary.elf.dir/MyLibrary/Src/MySPI.cpp.obj
                0x0800ae2c                stm32f407::MySPI::SoftSPIMode0WR(unsigned char)
 .text._ZN9stm32f4075MySPI14SoftSPIMode1WREh
                0x0800aeb2       0x80 CMakeFiles/my_libarary.elf.dir/MyLibrary/Src/MySPI.cpp.obj
                0x0800aeb2                stm32f407::MySPI::SoftSPIMode1WR(unsigned char)
 .text._ZN9stm32f4075MySPI14SoftSPIMode2WREh
                0x0800af32       0x80 CMakeFiles/my_libarary.elf.dir/MyLibrary/Src/MySPI.cpp.obj
                0x0800af32                stm32f407::MySPI::SoftSPIMode2WR(unsigned char)
 .text._ZN9stm32f4075MySPI14SoftSPIMode3WREh
                0x0800afb2       0x8c CMakeFiles/my_libarary.elf.dir/MyLibrary/Src/MySPI.cpp.obj
                0x0800afb2                stm32f407::MySPI::SoftSPIMode3WR(unsigned char)
 .text._ZN9stm32f4075MySPI9SoftSPIWREh
                0x0800b03e       0x2e CMakeFiles/my_libarary.elf.dir/MyLibrary/Src/MySPI.cpp.obj
                0x0800b03e                stm32f407::MySPI::SoftSPIWR(unsigned char)
 .text._ZN9stm32f4075MySPI5writeEh
                0x0800b06c       0x16 CMakeFiles/my_libarary.elf.dir/MyLibrary/Src/MySPI.cpp.obj
                0x0800b06c                stm32f407::MySPI::write(unsigned char)
 .text._ZN9stm32f4075MySPI5writeEPKhj
                0x0800b082       0x2a CMakeFiles/my_libarary.elf.dir/MyLibrary/Src/MySPI.cpp.obj
                0x0800b082                stm32f407::MySPI::write(unsigned char const*, unsigned int)
 .text._ZN9stm32f4075MySPI4readEv
                0x0800b0ac       0x2e CMakeFiles/my_libarary.elf.dir/MyLibrary/Src/MySPI.cpp.obj
                0x0800b0ac                stm32f407::MySPI::read()
 .text._ZThn4_N9stm32f4075MySPI4readEv
                0x0800b0da        0x8 CMakeFiles/my_libarary.elf.dir/MyLibrary/Src/MySPI.cpp.obj
                0x0800b0da                non-virtual thunk to stm32f407::MySPI::read()
 .text._ZN7MyUsart5writeEh
                0x0800b0e2       0x22 CMakeFiles/my_libarary.elf.dir/MyLibrary/Src/MyUsart.cpp.obj
                0x0800b0e2                MyUsart::write(unsigned char)
 .text._ZN7MyUsart5writeEPKhj
                0x0800b104       0x16 CMakeFiles/my_libarary.elf.dir/MyLibrary/Src/MyUsart.cpp.obj
                0x0800b104                MyUsart::write(unsigned char const*, unsigned int)
 *fill*         0x0800b11a        0x2 
 .text._ZN7MyUsartC2EP20__UART_HandleTypeDef
                0x0800b11c       0x3c CMakeFiles/my_libarary.elf.dir/MyLibrary/Src/MyUsart.cpp.obj
                0x0800b11c                MyUsart::MyUsart(__UART_HandleTypeDef*)
                0x0800b11c                MyUsart::MyUsart(__UART_HandleTypeDef*)
 .text._ZN7MyUsart19ReceiveDataCallBackEP19__DMA_HandleTypeDef
                0x0800b158       0x6a CMakeFiles/my_libarary.elf.dir/MyLibrary/Src/MyUsart.cpp.obj
                0x0800b158                MyUsart::ReceiveDataCallBack(__DMA_HandleTypeDef*)
 *fill*         0x0800b1c2        0x2 
 .text._ZN7MyUsartD2Ev
                0x0800b1c4       0x14 CMakeFiles/my_libarary.elf.dir/MyLibrary/Src/MyUsart.cpp.obj
                0x0800b1c4                MyUsart::~MyUsart()
                0x0800b1c4                MyUsart::~MyUsart()
 .text._ZN11inputStream9availableEv
                0x0800b1d8        0x6 CMakeFiles/my_libarary.elf.dir/MyLibrary/Src/inputStream.cpp.obj
                0x0800b1d8                inputStream::available()
 .text._ZN11inputStream4readEv
                0x0800b1de       0x22 CMakeFiles/my_libarary.elf.dir/MyLibrary/Src/inputStream.cpp.obj
                0x0800b1de                inputStream::read()
 .text._ZN11inputStream4peekEv
                0x0800b200       0x16 CMakeFiles/my_libarary.elf.dir/MyLibrary/Src/inputStream.cpp.obj
                0x0800b200                inputStream::peek()
 .text._ZN11inputStream4getcEv
                0x0800b216        0xa CMakeFiles/my_libarary.elf.dir/MyLibrary/Src/inputStream.cpp.obj
                0x0800b216                inputStream::getc()
 .text._ZN11inputStream10scanNumberEv
                0x0800b220       0x58 CMakeFiles/my_libarary.elf.dir/MyLibrary/Src/inputStream.cpp.obj
                0x0800b220                inputStream::scanNumber()
 .text._ZN11inputStream4scanERi
                0x0800b278        0xc CMakeFiles/my_libarary.elf.dir/MyLibrary/Src/inputStream.cpp.obj
                0x0800b278                inputStream::scan(int&)
 .text._ZN11inputStream4scanERti
                0x0800b284       0x1a CMakeFiles/my_libarary.elf.dir/MyLibrary/Src/inputStream.cpp.obj
                0x0800b284                inputStream::scan(unsigned short&, int)
 .text._ZN12outputStream11printNumberEmh
                0x0800b29e       0x5a CMakeFiles/my_libarary.elf.dir/MyLibrary/Src/outputStream.cpp.obj
                0x0800b29e                outputStream::printNumber(unsigned long, unsigned char)
 .text._ZN12outputStream5printEPKc
                0x0800b2f8       0x20 CMakeFiles/my_libarary.elf.dir/MyLibrary/Src/outputStream.cpp.obj
                0x0800b2f8                outputStream::print(char const*)
 .text._ZN12outputStream5printEc
                0x0800b318        0xa CMakeFiles/my_libarary.elf.dir/MyLibrary/Src/outputStream.cpp.obj
                0x0800b318                outputStream::print(char)
 .text._ZN12outputStream5printExi
                0x0800b322       0x46 CMakeFiles/my_libarary.elf.dir/MyLibrary/Src/outputStream.cpp.obj
                0x0800b322                outputStream::print(long long, int)
 .text._ZN12outputStream5printEii
                0x0800b368       0x14 CMakeFiles/my_libarary.elf.dir/MyLibrary/Src/outputStream.cpp.obj
                0x0800b368                outputStream::print(int, int)
 .text.__aeabi_atexit
                0x0800b37c        0xc d:/programfiles/gnu arm embedded toolchain/10 2021.10/bin/../lib/gcc/arm-none-eabi/10.3.1/../../../../arm-none-eabi/lib/thumb/v7e-m/nofp\libstdc++.a(atexit_arm.o)
                0x0800b37c                __aeabi_atexit
 .text._ZNK10__cxxabiv117__class_type_info11__do_upcastEPKS0_PPv
                0x0800b388       0x34 d:/programfiles/gnu arm embedded toolchain/10 2021.10/bin/../lib/gcc/arm-none-eabi/10.3.1/../../../../arm-none-eabi/lib/thumb/v7e-m/nofp\libstdc++.a(class_type_info.o)
                0x0800b388                __cxxabiv1::__class_type_info::__do_upcast(__cxxabiv1::__class_type_info const*, void**) const
 .text._ZNK10__cxxabiv117__class_type_info20__do_find_public_srcEiPKvPKS0_S2_
                0x0800b3bc        0xc d:/programfiles/gnu arm embedded toolchain/10 2021.10/bin/../lib/gcc/arm-none-eabi/10.3.1/../../../../arm-none-eabi/lib/thumb/v7e-m/nofp\libstdc++.a(class_type_info.o)
                0x0800b3bc                __cxxabiv1::__class_type_info::__do_find_public_src(int, void const*, __cxxabiv1::__class_type_info const*, void const*) const
 .text._ZN10__cxxabiv117__class_type_infoD2Ev
                0x0800b3c8       0x14 d:/programfiles/gnu arm embedded toolchain/10 2021.10/bin/../lib/gcc/arm-none-eabi/10.3.1/../../../../arm-none-eabi/lib/thumb/v7e-m/nofp\libstdc++.a(class_type_info.o)
                0x0800b3c8                __cxxabiv1::__class_type_info::~__class_type_info()
                0x0800b3c8                __cxxabiv1::__class_type_info::~__class_type_info()
 .text._ZN10__cxxabiv117__class_type_infoD0Ev
                0x0800b3dc       0x1c d:/programfiles/gnu arm embedded toolchain/10 2021.10/bin/../lib/gcc/arm-none-eabi/10.3.1/../../../../arm-none-eabi/lib/thumb/v7e-m/nofp\libstdc++.a(class_type_info.o)
                0x0800b3dc                __cxxabiv1::__class_type_info::~__class_type_info()
 .text._ZNK10__cxxabiv117__class_type_info12__do_dyncastEiNS0_10__sub_kindEPKS0_PKvS3_S5_RNS0_16__dyncast_resultE
                0x0800b3f8       0x44 d:/programfiles/gnu arm embedded toolchain/10 2021.10/bin/../lib/gcc/arm-none-eabi/10.3.1/../../../../arm-none-eabi/lib/thumb/v7e-m/nofp\libstdc++.a(class_type_info.o)
                0x0800b3f8                __cxxabiv1::__class_type_info::__do_dyncast(int, __cxxabiv1::__class_type_info::__sub_kind, __cxxabiv1::__class_type_info const*, void const*, __cxxabiv1::__class_type_info const*, void const*, __cxxabiv1::__class_type_info::__dyncast_result&) const
 .text._ZNK10__cxxabiv117__class_type_info11__do_upcastEPKS0_PKvRNS0_15__upcast_resultE
                0x0800b43c       0x1c d:/programfiles/gnu arm embedded toolchain/10 2021.10/bin/../lib/gcc/arm-none-eabi/10.3.1/../../../../arm-none-eabi/lib/thumb/v7e-m/nofp\libstdc++.a(class_type_info.o)
                0x0800b43c                __cxxabiv1::__class_type_info::__do_upcast(__cxxabiv1::__class_type_info const*, void const*, __cxxabiv1::__class_type_info::__upcast_result&) const
 .text._ZNK10__cxxabiv117__class_type_info10__do_catchEPKSt9type_infoPPvj
                0x0800b458       0x2c d:/programfiles/gnu arm embedded toolchain/10 2021.10/bin/../lib/gcc/arm-none-eabi/10.3.1/../../../../arm-none-eabi/lib/thumb/v7e-m/nofp\libstdc++.a(class_type_info.o)
                0x0800b458                __cxxabiv1::__class_type_info::__do_catch(std::type_info const*, void**, unsigned int) const
 .text._ZdlPvj  0x0800b484        0x4 d:/programfiles/gnu arm embedded toolchain/10 2021.10/bin/../lib/gcc/arm-none-eabi/10.3.1/../../../../arm-none-eabi/lib/thumb/v7e-m/nofp\libstdc++.a(del_ops.o)
                0x0800b484                operator delete(void*, unsigned int)
 .text.__cxa_end_cleanup
                0x0800b488        0xc d:/programfiles/gnu arm embedded toolchain/10 2021.10/bin/../lib/gcc/arm-none-eabi/10.3.1/../../../../arm-none-eabi/lib/thumb/v7e-m/nofp\libstdc++.a(eh_arm.o)
                0x0800b488                __cxa_end_cleanup
 .text.__cxa_type_match
                0x0800b494       0xb4 d:/programfiles/gnu arm embedded toolchain/10 2021.10/bin/../lib/gcc/arm-none-eabi/10.3.1/../../../../arm-none-eabi/lib/thumb/v7e-m/nofp\libstdc++.a(eh_arm.o)
                0x0800b494                __cxa_type_match
 .text.__cxa_begin_cleanup
                0x0800b548       0x64 d:/programfiles/gnu arm embedded toolchain/10 2021.10/bin/../lib/gcc/arm-none-eabi/10.3.1/../../../../arm-none-eabi/lib/thumb/v7e-m/nofp\libstdc++.a(eh_arm.o)
                0x0800b548                __cxa_begin_cleanup
 .text.__gnu_end_cleanup
                0x0800b5ac       0x70 d:/programfiles/gnu arm embedded toolchain/10 2021.10/bin/../lib/gcc/arm-none-eabi/10.3.1/../../../../arm-none-eabi/lib/thumb/v7e-m/nofp\libstdc++.a(eh_arm.o)
                0x0800b5ac                __gnu_end_cleanup
 .text._ZNSt9exceptionD2Ev
                0x0800b61c        0x4 d:/programfiles/gnu arm embedded toolchain/10 2021.10/bin/../lib/gcc/arm-none-eabi/10.3.1/../../../../arm-none-eabi/lib/thumb/v7e-m/nofp\libstdc++.a(eh_exception.o)
                0x0800b61c                std::exception::~exception()
                0x0800b61c                std::exception::~exception()
 .text._ZNSt13bad_exceptionD2Ev
                0x0800b620        0x4 d:/programfiles/gnu arm embedded toolchain/10 2021.10/bin/../lib/gcc/arm-none-eabi/10.3.1/../../../../arm-none-eabi/lib/thumb/v7e-m/nofp\libstdc++.a(eh_exception.o)
                0x0800b620                std::bad_exception::~bad_exception()
                0x0800b620                std::bad_exception::~bad_exception()
 .text._ZNKSt13bad_exception4whatEv
                0x0800b624        0x8 d:/programfiles/gnu arm embedded toolchain/10 2021.10/bin/../lib/gcc/arm-none-eabi/10.3.1/../../../../arm-none-eabi/lib/thumb/v7e-m/nofp\libstdc++.a(eh_exception.o)
                0x0800b624                std::bad_exception::what() const
                0x0800b624                transaction clone for std::bad_exception::what() const
 .text._ZNSt13bad_exceptionD0Ev
                0x0800b62c       0x10 d:/programfiles/gnu arm embedded toolchain/10 2021.10/bin/../lib/gcc/arm-none-eabi/10.3.1/../../../../arm-none-eabi/lib/thumb/v7e-m/nofp\libstdc++.a(eh_exception.o)
                0x0800b62c                std::bad_exception::~bad_exception()
 .text.__cxa_get_globals_fast
                0x0800b63c        0x8 d:/programfiles/gnu arm embedded toolchain/10 2021.10/bin/../lib/gcc/arm-none-eabi/10.3.1/../../../../arm-none-eabi/lib/thumb/v7e-m/nofp\libstdc++.a(eh_globals.o)
                0x0800b63c                __cxa_get_globals_fast
 .text.__cxa_get_globals
                0x0800b644        0x8 d:/programfiles/gnu arm embedded toolchain/10 2021.10/bin/../lib/gcc/arm-none-eabi/10.3.1/../../../../arm-none-eabi/lib/thumb/v7e-m/nofp\libstdc++.a(eh_globals.o)
                0x0800b644                __cxa_get_globals
 .text._ZL28read_encoded_value_with_basehjPKhPj
                0x0800b64c       0xc0 d:/programfiles/gnu arm embedded toolchain/10 2021.10/bin/../lib/gcc/arm-none-eabi/10.3.1/../../../../arm-none-eabi/lib/thumb/v7e-m/nofp\libstdc++.a(eh_personality.o)
 .text._ZL21base_of_encoded_valuehP15_Unwind_Context
                0x0800b70c       0x48 d:/programfiles/gnu arm embedded toolchain/10 2021.10/bin/../lib/gcc/arm-none-eabi/10.3.1/../../../../arm-none-eabi/lib/thumb/v7e-m/nofp\libstdc++.a(eh_personality.o)
 .text._ZL17parse_lsda_headerP15_Unwind_ContextPKhP16lsda_header_info
                0x0800b754       0x94 d:/programfiles/gnu arm embedded toolchain/10 2021.10/bin/../lib/gcc/arm-none-eabi/10.3.1/../../../../arm-none-eabi/lib/thumb/v7e-m/nofp\libstdc++.a(eh_personality.o)
 .text.__gxx_personality_v0
                0x0800b7e8      0x4a8 d:/programfiles/gnu arm embedded toolchain/10 2021.10/bin/../lib/gcc/arm-none-eabi/10.3.1/../../../../arm-none-eabi/lib/thumb/v7e-m/nofp\libstdc++.a(eh_personality.o)
                0x0800b7e8                __gxx_personality_v0
 .text._ZN10__cxxabiv111__terminateEPFvvE
                0x0800bc90       0x28 d:/programfiles/gnu arm embedded toolchain/10 2021.10/bin/../lib/gcc/arm-none-eabi/10.3.1/../../../../arm-none-eabi/lib/thumb/v7e-m/nofp\libstdc++.a(eh_terminate.o)
                0x0800bc90                __cxxabiv1::__terminate(void (*)())
 .text._ZSt9terminatev
                0x0800bcb8       0x14 d:/programfiles/gnu arm embedded toolchain/10 2021.10/bin/../lib/gcc/arm-none-eabi/10.3.1/../../../../arm-none-eabi/lib/thumb/v7e-m/nofp\libstdc++.a(eh_terminate.o)
                0x0800bcb8                std::terminate()
 .text._ZN10__cxxabiv112__unexpectedEPFvvE
                0x0800bccc        0x8 d:/programfiles/gnu arm embedded toolchain/10 2021.10/bin/../lib/gcc/arm-none-eabi/10.3.1/../../../../arm-none-eabi/lib/thumb/v7e-m/nofp\libstdc++.a(eh_terminate.o)
                0x0800bccc                __cxxabiv1::__unexpected(void (*)())
 .text._ZSt10unexpectedv
                0x0800bcd4       0x14 d:/programfiles/gnu arm embedded toolchain/10 2021.10/bin/../lib/gcc/arm-none-eabi/10.3.1/../../../../arm-none-eabi/lib/thumb/v7e-m/nofp\libstdc++.a(eh_terminate.o)
                0x0800bcd4                std::unexpected()
 .text._ZSt13get_terminatev
                0x0800bce8       0x10 d:/programfiles/gnu arm embedded toolchain/10 2021.10/bin/../lib/gcc/arm-none-eabi/10.3.1/../../../../arm-none-eabi/lib/thumb/v7e-m/nofp\libstdc++.a(eh_terminate.o)
                0x0800bce8                std::get_terminate()
 .text._ZSt14get_unexpectedv
                0x0800bcf8       0x10 d:/programfiles/gnu arm embedded toolchain/10 2021.10/bin/../lib/gcc/arm-none-eabi/10.3.1/../../../../arm-none-eabi/lib/thumb/v7e-m/nofp\libstdc++.a(eh_terminate.o)
                0x0800bcf8                std::get_unexpected()
 .text._Znwj    0x0800bd08       0x3c d:/programfiles/gnu arm embedded toolchain/10 2021.10/bin/../lib/gcc/arm-none-eabi/10.3.1/../../../../arm-none-eabi/lib/thumb/v7e-m/nofp\libstdc++.a(new_op.o)
                0x0800bd08                operator new(unsigned int)
 .text.__cxa_pure_virtual
                0x0800bd44       0x14 d:/programfiles/gnu arm embedded toolchain/10 2021.10/bin/../lib/gcc/arm-none-eabi/10.3.1/../../../../arm-none-eabi/lib/thumb/v7e-m/nofp\libstdc++.a(pure.o)
                0x0800bd44                __cxa_pure_virtual
 .text._ZN10__cxxabiv120__si_class_type_infoD2Ev
                0x0800bd58       0x14 d:/programfiles/gnu arm embedded toolchain/10 2021.10/bin/../lib/gcc/arm-none-eabi/10.3.1/../../../../arm-none-eabi/lib/thumb/v7e-m/nofp\libstdc++.a(si_class_type_info.o)
                0x0800bd58                __cxxabiv1::__si_class_type_info::~__si_class_type_info()
                0x0800bd58                __cxxabiv1::__si_class_type_info::~__si_class_type_info()
 .text._ZN10__cxxabiv120__si_class_type_infoD0Ev
                0x0800bd6c       0x1c d:/programfiles/gnu arm embedded toolchain/10 2021.10/bin/../lib/gcc/arm-none-eabi/10.3.1/../../../../arm-none-eabi/lib/thumb/v7e-m/nofp\libstdc++.a(si_class_type_info.o)
                0x0800bd6c                __cxxabiv1::__si_class_type_info::~__si_class_type_info()
 .text._ZNK10__cxxabiv120__si_class_type_info20__do_find_public_srcEiPKvPKNS_17__class_type_infoES2_
                0x0800bd88       0x3c d:/programfiles/gnu arm embedded toolchain/10 2021.10/bin/../lib/gcc/arm-none-eabi/10.3.1/../../../../arm-none-eabi/lib/thumb/v7e-m/nofp\libstdc++.a(si_class_type_info.o)
                0x0800bd88                __cxxabiv1::__si_class_type_info::__do_find_public_src(int, void const*, __cxxabiv1::__class_type_info const*, void const*) const
 .text._ZNK10__cxxabiv120__si_class_type_info12__do_dyncastEiNS_17__class_type_info10__sub_kindEPKS1_PKvS4_S6_RNS1_16__dyncast_resultE
                0x0800bdc4       0x84 d:/programfiles/gnu arm embedded toolchain/10 2021.10/bin/../lib/gcc/arm-none-eabi/10.3.1/../../../../arm-none-eabi/lib/thumb/v7e-m/nofp\libstdc++.a(si_class_type_info.o)
                0x0800bdc4                __cxxabiv1::__si_class_type_info::__do_dyncast(int, __cxxabiv1::__class_type_info::__sub_kind, __cxxabiv1::__class_type_info const*, void const*, __cxxabiv1::__class_type_info const*, void const*, __cxxabiv1::__class_type_info::__dyncast_result&) const
 .text._ZNK10__cxxabiv120__si_class_type_info11__do_upcastEPKNS_17__class_type_infoEPKvRNS1_15__upcast_resultE
                0x0800be48       0x2c d:/programfiles/gnu arm embedded toolchain/10 2021.10/bin/../lib/gcc/arm-none-eabi/10.3.1/../../../../arm-none-eabi/lib/thumb/v7e-m/nofp\libstdc++.a(si_class_type_info.o)
                0x0800be48                __cxxabiv1::__si_class_type_info::__do_upcast(__cxxabiv1::__class_type_info const*, void const*, __cxxabiv1::__class_type_info::__upcast_result&) const
 .text._ZNSt9type_infoD2Ev
                0x0800be74        0x4 d:/programfiles/gnu arm embedded toolchain/10 2021.10/bin/../lib/gcc/arm-none-eabi/10.3.1/../../../../arm-none-eabi/lib/thumb/v7e-m/nofp\libstdc++.a(tinfo.o)
                0x0800be74                std::type_info::~type_info()
                0x0800be74                std::type_info::~type_info()
 .text._ZNKSt9type_info14__is_pointer_pEv
                0x0800be78        0x4 d:/programfiles/gnu arm embedded toolchain/10 2021.10/bin/../lib/gcc/arm-none-eabi/10.3.1/../../../../arm-none-eabi/lib/thumb/v7e-m/nofp\libstdc++.a(tinfo.o)
                0x0800be78                std::type_info::__is_pointer_p() const
                0x0800be78                std::type_info::__is_function_p() const
 .text._ZNKSt9type_infoeqERKS_
                0x0800be7c       0x2c d:/programfiles/gnu arm embedded toolchain/10 2021.10/bin/../lib/gcc/arm-none-eabi/10.3.1/../../../../arm-none-eabi/lib/thumb/v7e-m/nofp\libstdc++.a(tinfo.o)
                0x0800be7c                std::type_info::operator==(std::type_info const&) const
 .text._ZN10__cxxabiv121__vmi_class_type_infoD2Ev
                0x0800bea8       0x14 d:/programfiles/gnu arm embedded toolchain/10 2021.10/bin/../lib/gcc/arm-none-eabi/10.3.1/../../../../arm-none-eabi/lib/thumb/v7e-m/nofp\libstdc++.a(vmi_class_type_info.o)
                0x0800bea8                __cxxabiv1::__vmi_class_type_info::~__vmi_class_type_info()
                0x0800bea8                __cxxabiv1::__vmi_class_type_info::~__vmi_class_type_info()
 .text._ZN10__cxxabiv121__vmi_class_type_infoD0Ev
                0x0800bebc       0x1c d:/programfiles/gnu arm embedded toolchain/10 2021.10/bin/../lib/gcc/arm-none-eabi/10.3.1/../../../../arm-none-eabi/lib/thumb/v7e-m/nofp\libstdc++.a(vmi_class_type_info.o)
                0x0800bebc                __cxxabiv1::__vmi_class_type_info::~__vmi_class_type_info()
 .text._ZNK10__cxxabiv121__vmi_class_type_info20__do_find_public_srcEiPKvPKNS_17__class_type_infoES2_
                0x0800bed8       0x88 d:/programfiles/gnu arm embedded toolchain/10 2021.10/bin/../lib/gcc/arm-none-eabi/10.3.1/../../../../arm-none-eabi/lib/thumb/v7e-m/nofp\libstdc++.a(vmi_class_type_info.o)
                0x0800bed8                __cxxabiv1::__vmi_class_type_info::__do_find_public_src(int, void const*, __cxxabiv1::__class_type_info const*, void const*) const
 .text._ZNK10__cxxabiv121__vmi_class_type_info12__do_dyncastEiNS_17__class_type_info10__sub_kindEPKS1_PKvS4_S6_RNS1_16__dyncast_resultE
                0x0800bf60      0x3d4 d:/programfiles/gnu arm embedded toolchain/10 2021.10/bin/../lib/gcc/arm-none-eabi/10.3.1/../../../../arm-none-eabi/lib/thumb/v7e-m/nofp\libstdc++.a(vmi_class_type_info.o)
                0x0800bf60                __cxxabiv1::__vmi_class_type_info::__do_dyncast(int, __cxxabiv1::__class_type_info::__sub_kind, __cxxabiv1::__class_type_info const*, void const*, __cxxabiv1::__class_type_info const*, void const*, __cxxabiv1::__class_type_info::__dyncast_result&) const
 .text._ZNK10__cxxabiv121__vmi_class_type_info11__do_upcastEPKNS_17__class_type_infoEPKvRNS1_15__upcast_resultE
                0x0800c334      0x14c d:/programfiles/gnu arm embedded toolchain/10 2021.10/bin/../lib/gcc/arm-none-eabi/10.3.1/../../../../arm-none-eabi/lib/thumb/v7e-m/nofp\libstdc++.a(vmi_class_type_info.o)
                0x0800c334                __cxxabiv1::__vmi_class_type_info::__do_upcast(__cxxabiv1::__class_type_info const*, void const*, __cxxabiv1::__class_type_info::__upcast_result&) const
 .text._ZN9__gnu_cxx27__verbose_terminate_handlerEv
                0x0800c480      0x10c d:/programfiles/gnu arm embedded toolchain/10 2021.10/bin/../lib/gcc/arm-none-eabi/10.3.1/../../../../arm-none-eabi/lib/thumb/v7e-m/nofp\libstdc++.a(vterminate.o)
                0x0800c480                __gnu_cxx::__verbose_terminate_handler()
 .text._ZNKSt9bad_alloc4whatEv
                0x0800c58c        0x8 d:/programfiles/gnu arm embedded toolchain/10 2021.10/bin/../lib/gcc/arm-none-eabi/10.3.1/../../../../arm-none-eabi/lib/thumb/v7e-m/nofp\libstdc++.a(bad_alloc.o)
                0x0800c58c                std::bad_alloc::what() const
 .text._ZNSt9bad_allocD2Ev
                0x0800c594       0x14 d:/programfiles/gnu arm embedded toolchain/10 2021.10/bin/../lib/gcc/arm-none-eabi/10.3.1/../../../../arm-none-eabi/lib/thumb/v7e-m/nofp\libstdc++.a(bad_alloc.o)
                0x0800c594                std::bad_alloc::~bad_alloc()
                0x0800c594                std::bad_alloc::~bad_alloc()
 .text._ZNSt9bad_allocD0Ev
                0x0800c5a8       0x1c d:/programfiles/gnu arm embedded toolchain/10 2021.10/bin/../lib/gcc/arm-none-eabi/10.3.1/../../../../arm-none-eabi/lib/thumb/v7e-m/nofp\libstdc++.a(bad_alloc.o)
                0x0800c5a8                std::bad_alloc::~bad_alloc()
 .text._ZdlPv   0x0800c5c4        0x4 d:/programfiles/gnu arm embedded toolchain/10 2021.10/bin/../lib/gcc/arm-none-eabi/10.3.1/../../../../arm-none-eabi/lib/thumb/v7e-m/nofp\libstdc++.a(del_op.o)
                0x0800c5c4                operator delete(void*)
 .text._ZN12_GLOBAL__N_14pool4freeEPv.constprop.0
                0x0800c5c8       0x88 d:/programfiles/gnu arm embedded toolchain/10 2021.10/bin/../lib/gcc/arm-none-eabi/10.3.1/../../../../arm-none-eabi/lib/thumb/v7e-m/nofp\libstdc++.a(eh_alloc.o)
 .text._ZN12_GLOBAL__N_14pool8allocateEj.constprop.0
                0x0800c650       0x5c d:/programfiles/gnu arm embedded toolchain/10 2021.10/bin/../lib/gcc/arm-none-eabi/10.3.1/../../../../arm-none-eabi/lib/thumb/v7e-m/nofp\libstdc++.a(eh_alloc.o)
 .text.__cxa_allocate_exception
                0x0800c6ac       0x30 d:/programfiles/gnu arm embedded toolchain/10 2021.10/bin/../lib/gcc/arm-none-eabi/10.3.1/../../../../arm-none-eabi/lib/thumb/v7e-m/nofp\libstdc++.a(eh_alloc.o)
                0x0800c6ac                __cxa_allocate_exception
 .text.__cxa_free_exception
                0x0800c6dc       0x20 d:/programfiles/gnu arm embedded toolchain/10 2021.10/bin/../lib/gcc/arm-none-eabi/10.3.1/../../../../arm-none-eabi/lib/thumb/v7e-m/nofp\libstdc++.a(eh_alloc.o)
                0x0800c6dc                __cxa_free_exception
 .text.startup._GLOBAL__sub_I__ZN9__gnu_cxx9__freeresEv
                0x0800c6fc       0x28 d:/programfiles/gnu arm embedded toolchain/10 2021.10/bin/../lib/gcc/arm-none-eabi/10.3.1/../../../../arm-none-eabi/lib/thumb/v7e-m/nofp\libstdc++.a(eh_alloc.o)
 .text._ZN10__cxxabiv1L24__is_gxx_exception_classEPc
                0x0800c724       0x3c d:/programfiles/gnu arm embedded toolchain/10 2021.10/bin/../lib/gcc/arm-none-eabi/10.3.1/../../../../arm-none-eabi/lib/thumb/v7e-m/nofp\libstdc++.a(eh_call.o)
 .text.__cxa_call_terminate
                0x0800c760       0x20 d:/programfiles/gnu arm embedded toolchain/10 2021.10/bin/../lib/gcc/arm-none-eabi/10.3.1/../../../../arm-none-eabi/lib/thumb/v7e-m/nofp\libstdc++.a(eh_call.o)
                0x0800c760                __cxa_call_terminate
 .text.unlikely.__cxa_call_unexpected
                0x0800c780       0xe4 d:/programfiles/gnu arm embedded toolchain/10 2021.10/bin/../lib/gcc/arm-none-eabi/10.3.1/../../../../arm-none-eabi/lib/thumb/v7e-m/nofp\libstdc++.a(eh_call.o)
                0x0800c780                __cxa_call_unexpected
 .text.__cxa_begin_catch
                0x0800c864       0x7c d:/programfiles/gnu arm embedded toolchain/10 2021.10/bin/../lib/gcc/arm-none-eabi/10.3.1/../../../../arm-none-eabi/lib/thumb/v7e-m/nofp\libstdc++.a(eh_catch.o)
                0x0800c864                __cxa_begin_catch
 .text.__cxa_end_catch
                0x0800c8e0       0x8c d:/programfiles/gnu arm embedded toolchain/10 2021.10/bin/../lib/gcc/arm-none-eabi/10.3.1/../../../../arm-none-eabi/lib/thumb/v7e-m/nofp\libstdc++.a(eh_catch.o)
                0x0800c8e0                __cxa_end_catch
 .text._ZL23__gxx_exception_cleanup19_Unwind_Reason_CodeP21_Unwind_Control_Block
                0x0800c96c       0x44 d:/programfiles/gnu arm embedded toolchain/10 2021.10/bin/../lib/gcc/arm-none-eabi/10.3.1/../../../../arm-none-eabi/lib/thumb/v7e-m/nofp\libstdc++.a(eh_throw.o)
 .text.__cxa_init_primary_exception
                0x0800c9b0       0x58 d:/programfiles/gnu arm embedded toolchain/10 2021.10/bin/../lib/gcc/arm-none-eabi/10.3.1/../../../../arm-none-eabi/lib/thumb/v7e-m/nofp\libstdc++.a(eh_throw.o)
                0x0800c9b0                __cxa_init_primary_exception
 .text.__cxa_throw
                0x0800ca08       0x34 d:/programfiles/gnu arm embedded toolchain/10 2021.10/bin/../lib/gcc/arm-none-eabi/10.3.1/../../../../arm-none-eabi/lib/thumb/v7e-m/nofp\libstdc++.a(eh_throw.o)
                0x0800ca08                __cxa_throw
 .text.__cxa_rethrow
                0x0800ca3c       0x70 d:/programfiles/gnu arm embedded toolchain/10 2021.10/bin/../lib/gcc/arm-none-eabi/10.3.1/../../../../arm-none-eabi/lib/thumb/v7e-m/nofp\libstdc++.a(eh_throw.o)
                0x0800ca3c                __cxa_rethrow
 .text.__cxa_current_exception_type
                0x0800caac       0x1c d:/programfiles/gnu arm embedded toolchain/10 2021.10/bin/../lib/gcc/arm-none-eabi/10.3.1/../../../../arm-none-eabi/lib/thumb/v7e-m/nofp\libstdc++.a(eh_type.o)
                0x0800caac                __cxa_current_exception_type
 .text._ZSt15get_new_handlerv
                0x0800cac8       0x10 d:/programfiles/gnu arm embedded toolchain/10 2021.10/bin/../lib/gcc/arm-none-eabi/10.3.1/../../../../arm-none-eabi/lib/thumb/v7e-m/nofp\libstdc++.a(new_handler.o)
                0x0800cac8                std::get_new_handler()
 .text.unlikely
                0x0800cad8        0xc d:/programfiles/gnu arm embedded toolchain/10 2021.10/bin/../lib/gcc/arm-none-eabi/10.3.1/thumb/v7e-m/nofp\libgcc.a(pr-support.o)
                0x0800cad8                _Unwind_GetDataRelBase
                0x0800cade                _Unwind_GetTextRelBase
 .text.abort    0x0800cae4       0x10 d:/programfiles/gnu arm embedded toolchain/10 2021.10/bin/../lib/gcc/arm-none-eabi/10.3.1/../../../../arm-none-eabi/lib/thumb/v7e-m/nofp\libg.a(lib_a-abort.o)
                0x0800cae4                abort
 .text.__cxa_atexit
                0x0800caf4        0xc d:/programfiles/gnu arm embedded toolchain/10 2021.10/bin/../lib/gcc/arm-none-eabi/10.3.1/../../../../arm-none-eabi/lib/thumb/v7e-m/nofp\libg.a(lib_a-cxa_atexit.o)
                0x0800caf4                __cxa_atexit
 .text.__errno  0x0800cb00        0xc d:/programfiles/gnu arm embedded toolchain/10 2021.10/bin/../lib/gcc/arm-none-eabi/10.3.1/../../../../arm-none-eabi/lib/thumb/v7e-m/nofp\libg.a(lib_a-errno.o)
                0x0800cb00                __errno
 .text.fputc    0x0800cb0c       0x58 d:/programfiles/gnu arm embedded toolchain/10 2021.10/bin/../lib/gcc/arm-none-eabi/10.3.1/../../../../arm-none-eabi/lib/thumb/v7e-m/nofp\libg.a(lib_a-fputc.o)
                0x0800cb0c                fputc
 .text._fputs_r
                0x0800cb64       0x88 d:/programfiles/gnu arm embedded toolchain/10 2021.10/bin/../lib/gcc/arm-none-eabi/10.3.1/../../../../arm-none-eabi/lib/thumb/v7e-m/nofp\libg.a(lib_a-fputs.o)
                0x0800cb64                _fputs_r
 .text.fputs    0x0800cbec       0x18 d:/programfiles/gnu arm embedded toolchain/10 2021.10/bin/../lib/gcc/arm-none-eabi/10.3.1/../../../../arm-none-eabi/lib/thumb/v7e-m/nofp\libg.a(lib_a-fputs.o)
                0x0800cbec                fputs
 .text.__sfvwrite_r
                0x0800cc04      0x2e8 d:/programfiles/gnu arm embedded toolchain/10 2021.10/bin/../lib/gcc/arm-none-eabi/10.3.1/../../../../arm-none-eabi/lib/thumb/v7e-m/nofp\libg.a(lib_a-fvwrite.o)
                0x0800cc04                __sfvwrite_r
 .text._fwrite_r
                0x0800ceec       0xa8 d:/programfiles/gnu arm embedded toolchain/10 2021.10/bin/../lib/gcc/arm-none-eabi/10.3.1/../../../../arm-none-eabi/lib/thumb/v7e-m/nofp\libg.a(lib_a-fwrite.o)
                0x0800ceec                _fwrite_r
 .text.fwrite   0x0800cf94       0x20 d:/programfiles/gnu arm embedded toolchain/10 2021.10/bin/../lib/gcc/arm-none-eabi/10.3.1/../../../../arm-none-eabi/lib/thumb/v7e-m/nofp\libg.a(lib_a-fwrite.o)
                0x0800cf94                fwrite
 .text.__libc_init_array
                0x0800cfb4       0x48 d:/programfiles/gnu arm embedded toolchain/10 2021.10/bin/../lib/gcc/arm-none-eabi/10.3.1/../../../../arm-none-eabi/lib/thumb/v7e-m/nofp\libg.a(lib_a-init.o)
                0x0800cfb4                __libc_init_array
 .text.__retarget_lock_init_recursive
                0x0800cffc        0x4 d:/programfiles/gnu arm embedded toolchain/10 2021.10/bin/../lib/gcc/arm-none-eabi/10.3.1/../../../../arm-none-eabi/lib/thumb/v7e-m/nofp\libg.a(lib_a-lock.o)
                0x0800cffc                __retarget_lock_init_recursive
 .text.__retarget_lock_close_recursive
                0x0800d000        0x4 d:/programfiles/gnu arm embedded toolchain/10 2021.10/bin/../lib/gcc/arm-none-eabi/10.3.1/../../../../arm-none-eabi/lib/thumb/v7e-m/nofp\libg.a(lib_a-lock.o)
                0x0800d000                __retarget_lock_close_recursive
 .text.__retarget_lock_acquire_recursive
                0x0800d004        0x4 d:/programfiles/gnu arm embedded toolchain/10 2021.10/bin/../lib/gcc/arm-none-eabi/10.3.1/../../../../arm-none-eabi/lib/thumb/v7e-m/nofp\libg.a(lib_a-lock.o)
                0x0800d004                __retarget_lock_acquire_recursive
 .text.__retarget_lock_release_recursive
                0x0800d008        0x4 d:/programfiles/gnu arm embedded toolchain/10 2021.10/bin/../lib/gcc/arm-none-eabi/10.3.1/../../../../arm-none-eabi/lib/thumb/v7e-m/nofp\libg.a(lib_a-lock.o)
                0x0800d008                __retarget_lock_release_recursive
 .text.malloc   0x0800d00c       0x10 d:/programfiles/gnu arm embedded toolchain/10 2021.10/bin/../lib/gcc/arm-none-eabi/10.3.1/../../../../arm-none-eabi/lib/thumb/v7e-m/nofp\libg.a(lib_a-malloc.o)
                0x0800d00c                malloc
 .text.free     0x0800d01c       0x10 d:/programfiles/gnu arm embedded toolchain/10 2021.10/bin/../lib/gcc/arm-none-eabi/10.3.1/../../../../arm-none-eabi/lib/thumb/v7e-m/nofp\libg.a(lib_a-malloc.o)
                0x0800d01c                free
 .text._malloc_r
                0x0800d02c      0x560 d:/programfiles/gnu arm embedded toolchain/10 2021.10/bin/../lib/gcc/arm-none-eabi/10.3.1/../../../../arm-none-eabi/lib/thumb/v7e-m/nofp\libg.a(lib_a-mallocr.o)
                0x0800d02c                _malloc_r
 .text.memcmp   0x0800d58c       0x68 d:/programfiles/gnu arm embedded toolchain/10 2021.10/bin/../lib/gcc/arm-none-eabi/10.3.1/../../../../arm-none-eabi/lib/thumb/v7e-m/nofp\libg.a(lib_a-memcmp.o)
                0x0800d58c                memcmp
 .text.memmove  0x0800d5f4       0xf8 d:/programfiles/gnu arm embedded toolchain/10 2021.10/bin/../lib/gcc/arm-none-eabi/10.3.1/../../../../arm-none-eabi/lib/thumb/v7e-m/nofp\libg.a(lib_a-memmove.o)
                0x0800d5f4                memmove
 .text.memset   0x0800d6ec       0xa4 d:/programfiles/gnu arm embedded toolchain/10 2021.10/bin/../lib/gcc/arm-none-eabi/10.3.1/../../../../arm-none-eabi/lib/thumb/v7e-m/nofp\libg.a(lib_a-memset.o)
                0x0800d6ec                memset
 .text.__malloc_lock
                0x0800d790        0xc d:/programfiles/gnu arm embedded toolchain/10 2021.10/bin/../lib/gcc/arm-none-eabi/10.3.1/../../../../arm-none-eabi/lib/thumb/v7e-m/nofp\libg.a(lib_a-mlock.o)
                0x0800d790                __malloc_lock
 .text.__malloc_unlock
                0x0800d79c        0xc d:/programfiles/gnu arm embedded toolchain/10 2021.10/bin/../lib/gcc/arm-none-eabi/10.3.1/../../../../arm-none-eabi/lib/thumb/v7e-m/nofp\libg.a(lib_a-mlock.o)
                0x0800d79c                __malloc_unlock
 .text._putc_r  0x0800d7a8       0x74 d:/programfiles/gnu arm embedded toolchain/10 2021.10/bin/../lib/gcc/arm-none-eabi/10.3.1/../../../../arm-none-eabi/lib/thumb/v7e-m/nofp\libg.a(lib_a-putc.o)
                0x0800d7a8                _putc_r
 .text.realloc  0x0800d81c       0x18 d:/programfiles/gnu arm embedded toolchain/10 2021.10/bin/../lib/gcc/arm-none-eabi/10.3.1/../../../../arm-none-eabi/lib/thumb/v7e-m/nofp\libg.a(lib_a-realloc.o)
                0x0800d81c                realloc
 .text._realloc_r
                0x0800d834      0x3d8 d:/programfiles/gnu arm embedded toolchain/10 2021.10/bin/../lib/gcc/arm-none-eabi/10.3.1/../../../../arm-none-eabi/lib/thumb/v7e-m/nofp\libg.a(lib_a-reallocr.o)
                0x0800d834                _realloc_r
 .text._sbrk_r  0x0800dc0c       0x24 d:/programfiles/gnu arm embedded toolchain/10 2021.10/bin/../lib/gcc/arm-none-eabi/10.3.1/../../../../arm-none-eabi/lib/thumb/v7e-m/nofp\libg.a(lib_a-sbrkr.o)
                0x0800dc0c                _sbrk_r
 .text.raise    0x0800dc30       0x5c d:/programfiles/gnu arm embedded toolchain/10 2021.10/bin/../lib/gcc/arm-none-eabi/10.3.1/../../../../arm-none-eabi/lib/thumb/v7e-m/nofp\libg.a(lib_a-signal.o)
                0x0800dc30                raise
 .text._kill_r  0x0800dc8c       0x2c d:/programfiles/gnu arm embedded toolchain/10 2021.10/bin/../lib/gcc/arm-none-eabi/10.3.1/../../../../arm-none-eabi/lib/thumb/v7e-m/nofp\libg.a(lib_a-signalr.o)
                0x0800dc8c                _kill_r
 .text._getpid_r
                0x0800dcb8        0x4 d:/programfiles/gnu arm embedded toolchain/10 2021.10/bin/../lib/gcc/arm-none-eabi/10.3.1/../../../../arm-none-eabi/lib/thumb/v7e-m/nofp\libg.a(lib_a-signalr.o)
                0x0800dcb8                _getpid_r
 .text.sprintf  0x0800dcbc       0x40 d:/programfiles/gnu arm embedded toolchain/10 2021.10/bin/../lib/gcc/arm-none-eabi/10.3.1/../../../../arm-none-eabi/lib/thumb/v7e-m/nofp\libg.a(lib_a-sprintf.o)
                0x0800dcbc                sprintf
 .text.strncmp  0x0800dcfc       0x80 d:/programfiles/gnu arm embedded toolchain/10 2021.10/bin/../lib/gcc/arm-none-eabi/10.3.1/../../../../arm-none-eabi/lib/thumb/v7e-m/nofp\libg.a(lib_a-strncmp.o)
                0x0800dcfc                strncmp
 .text.strncpy  0x0800dd7c       0x64 d:/programfiles/gnu arm embedded toolchain/10 2021.10/bin/../lib/gcc/arm-none-eabi/10.3.1/../../../../arm-none-eabi/lib/thumb/v7e-m/nofp\libg.a(lib_a-strncpy.o)
                0x0800dd7c                strncpy
 .text._svfprintf_r
                0x0800dde0     0x1a3c d:/programfiles/gnu arm embedded toolchain/10 2021.10/bin/../lib/gcc/arm-none-eabi/10.3.1/../../../../arm-none-eabi/lib/thumb/v7e-m/nofp\libg.a(lib_a-svfprintf.o)
                0x0800dde0                _svfprintf_r
 .text.write    0x0800f81c       0x18 d:/programfiles/gnu arm embedded toolchain/10 2021.10/bin/../lib/gcc/arm-none-eabi/10.3.1/../../../../arm-none-eabi/lib/thumb/v7e-m/nofp\libg.a(lib_a-syswrite.o)
                0x0800f81c                write
 .text.__swbuf_r
                0x0800f834       0xb0 d:/programfiles/gnu arm embedded toolchain/10 2021.10/bin/../lib/gcc/arm-none-eabi/10.3.1/../../../../arm-none-eabi/lib/thumb/v7e-m/nofp\libg.a(lib_a-wbuf.o)
                0x0800f834                __swbuf_r
 .text._write_r
                0x0800f8e4       0x2c d:/programfiles/gnu arm embedded toolchain/10 2021.10/bin/../lib/gcc/arm-none-eabi/10.3.1/../../../../arm-none-eabi/lib/thumb/v7e-m/nofp\libg.a(lib_a-writer.o)
                0x0800f8e4                _write_r
 .text.__swsetup_r
                0x0800f910       0xd4 d:/programfiles/gnu arm embedded toolchain/10 2021.10/bin/../lib/gcc/arm-none-eabi/10.3.1/../../../../arm-none-eabi/lib/thumb/v7e-m/nofp\libg.a(lib_a-wsetup.o)
                0x0800f910                __swsetup_r
 .text.__register_exitproc
                0x0800f9e4       0x8c d:/programfiles/gnu arm embedded toolchain/10 2021.10/bin/../lib/gcc/arm-none-eabi/10.3.1/../../../../arm-none-eabi/lib/thumb/v7e-m/nofp\libg.a(lib_a-__atexit.o)
                0x0800f9e4                __register_exitproc
 .text.startup.register_fini
                0x0800fa70       0x14 d:/programfiles/gnu arm embedded toolchain/10 2021.10/bin/../lib/gcc/arm-none-eabi/10.3.1/../../../../arm-none-eabi/lib/thumb/v7e-m/nofp\libg.a(lib_a-__call_atexit.o)
 .text.atexit   0x0800fa84        0xc d:/programfiles/gnu arm embedded toolchain/10 2021.10/bin/../lib/gcc/arm-none-eabi/10.3.1/../../../../arm-none-eabi/lib/thumb/v7e-m/nofp\libg.a(lib_a-atexit.o)
                0x0800fa84                atexit
 .text.quorem   0x0800fa90      0x124 d:/programfiles/gnu arm embedded toolchain/10 2021.10/bin/../lib/gcc/arm-none-eabi/10.3.1/../../../../arm-none-eabi/lib/thumb/v7e-m/nofp\libg.a(lib_a-dtoa.o)
 *fill*         0x0800fbb4        0x4 
 .text._dtoa_r  0x0800fbb8      0xec4 d:/programfiles/gnu arm embedded toolchain/10 2021.10/bin/../lib/gcc/arm-none-eabi/10.3.1/../../../../arm-none-eabi/lib/thumb/v7e-m/nofp\libg.a(lib_a-dtoa.o)
                0x0800fbb8                _dtoa_r
 .text.__sflush_r
                0x08010a7c      0x120 d:/programfiles/gnu arm embedded toolchain/10 2021.10/bin/../lib/gcc/arm-none-eabi/10.3.1/../../../../arm-none-eabi/lib/thumb/v7e-m/nofp\libg.a(lib_a-fflush.o)
                0x08010a7c                __sflush_r
 .text._fflush_r
                0x08010b9c       0x5c d:/programfiles/gnu arm embedded toolchain/10 2021.10/bin/../lib/gcc/arm-none-eabi/10.3.1/../../../../arm-none-eabi/lib/thumb/v7e-m/nofp\libg.a(lib_a-fflush.o)
                0x08010b9c                _fflush_r
 .text._cleanup_r
                0x08010bf8        0xc d:/programfiles/gnu arm embedded toolchain/10 2021.10/bin/../lib/gcc/arm-none-eabi/10.3.1/../../../../arm-none-eabi/lib/thumb/v7e-m/nofp\libg.a(lib_a-findfp.o)
                0x08010bf8                _cleanup_r
 .text.__sinit  0x08010c04      0x10c d:/programfiles/gnu arm embedded toolchain/10 2021.10/bin/../lib/gcc/arm-none-eabi/10.3.1/../../../../arm-none-eabi/lib/thumb/v7e-m/nofp\libg.a(lib_a-findfp.o)
                0x08010c04                __sinit
 .text.__sfp_lock_acquire
                0x08010d10        0xc d:/programfiles/gnu arm embedded toolchain/10 2021.10/bin/../lib/gcc/arm-none-eabi/10.3.1/../../../../arm-none-eabi/lib/thumb/v7e-m/nofp\libg.a(lib_a-findfp.o)
                0x08010d10                __sfp_lock_acquire
 .text.__sfp_lock_release
                0x08010d1c        0xc d:/programfiles/gnu arm embedded toolchain/10 2021.10/bin/../lib/gcc/arm-none-eabi/10.3.1/../../../../arm-none-eabi/lib/thumb/v7e-m/nofp\libg.a(lib_a-findfp.o)
                0x08010d1c                __sfp_lock_release
 .text.__libc_fini_array
                0x08010d28       0x2c d:/programfiles/gnu arm embedded toolchain/10 2021.10/bin/../lib/gcc/arm-none-eabi/10.3.1/../../../../arm-none-eabi/lib/thumb/v7e-m/nofp\libg.a(lib_a-fini.o)
                0x08010d28                __libc_fini_array
 .text._malloc_trim_r
                0x08010d54       0xa0 d:/programfiles/gnu arm embedded toolchain/10 2021.10/bin/../lib/gcc/arm-none-eabi/10.3.1/../../../../arm-none-eabi/lib/thumb/v7e-m/nofp\libg.a(lib_a-freer.o)
                0x08010d54                _malloc_trim_r
 .text._free_r  0x08010df4      0x20c d:/programfiles/gnu arm embedded toolchain/10 2021.10/bin/../lib/gcc/arm-none-eabi/10.3.1/../../../../arm-none-eabi/lib/thumb/v7e-m/nofp\libg.a(lib_a-freer.o)
                0x08010df4                _free_r
 .text._fwalk_reent
                0x08011000       0x48 d:/programfiles/gnu arm embedded toolchain/10 2021.10/bin/../lib/gcc/arm-none-eabi/10.3.1/../../../../arm-none-eabi/lib/thumb/v7e-m/nofp\libg.a(lib_a-fwalk.o)
                0x08011000                _fwalk_reent
 .text.__locale_mb_cur_max
                0x08011048        0xc d:/programfiles/gnu arm embedded toolchain/10 2021.10/bin/../lib/gcc/arm-none-eabi/10.3.1/../../../../arm-none-eabi/lib/thumb/v7e-m/nofp\libg.a(lib_a-locale.o)
                0x08011048                __locale_mb_cur_max
 .text._localeconv_r
                0x08011054        0x8 d:/programfiles/gnu arm embedded toolchain/10 2021.10/bin/../lib/gcc/arm-none-eabi/10.3.1/../../../../arm-none-eabi/lib/thumb/v7e-m/nofp\libg.a(lib_a-localeconv.o)
                0x08011054                _localeconv_r
 .text.__smakebuf_r
                0x0801105c       0xe0 d:/programfiles/gnu arm embedded toolchain/10 2021.10/bin/../lib/gcc/arm-none-eabi/10.3.1/../../../../arm-none-eabi/lib/thumb/v7e-m/nofp\libg.a(lib_a-makebuf.o)
                0x0801105c                __smakebuf_r
 .text.__ascii_mbtowc
                0x0801113c       0x2c d:/programfiles/gnu arm embedded toolchain/10 2021.10/bin/../lib/gcc/arm-none-eabi/10.3.1/../../../../arm-none-eabi/lib/thumb/v7e-m/nofp\libg.a(lib_a-mbtowc_r.o)
                0x0801113c                __ascii_mbtowc
 .text._Balloc  0x08011168       0x4c d:/programfiles/gnu arm embedded toolchain/10 2021.10/bin/../lib/gcc/arm-none-eabi/10.3.1/../../../../arm-none-eabi/lib/thumb/v7e-m/nofp\libg.a(lib_a-mprec.o)
                0x08011168                _Balloc
 .text._Bfree   0x080111b4       0x14 d:/programfiles/gnu arm embedded toolchain/10 2021.10/bin/../lib/gcc/arm-none-eabi/10.3.1/../../../../arm-none-eabi/lib/thumb/v7e-m/nofp\libg.a(lib_a-mprec.o)
                0x080111b4                _Bfree
 .text.__multadd
                0x080111c8       0xa0 d:/programfiles/gnu arm embedded toolchain/10 2021.10/bin/../lib/gcc/arm-none-eabi/10.3.1/../../../../arm-none-eabi/lib/thumb/v7e-m/nofp\libg.a(lib_a-mprec.o)
                0x080111c8                __multadd
 .text.__hi0bits
                0x08011268       0x40 d:/programfiles/gnu arm embedded toolchain/10 2021.10/bin/../lib/gcc/arm-none-eabi/10.3.1/../../../../arm-none-eabi/lib/thumb/v7e-m/nofp\libg.a(lib_a-mprec.o)
                0x08011268                __hi0bits
 .text.__lo0bits
                0x080112a8       0x5c d:/programfiles/gnu arm embedded toolchain/10 2021.10/bin/../lib/gcc/arm-none-eabi/10.3.1/../../../../arm-none-eabi/lib/thumb/v7e-m/nofp\libg.a(lib_a-mprec.o)
                0x080112a8                __lo0bits
 .text.__i2b    0x08011304       0x5c d:/programfiles/gnu arm embedded toolchain/10 2021.10/bin/../lib/gcc/arm-none-eabi/10.3.1/../../../../arm-none-eabi/lib/thumb/v7e-m/nofp\libg.a(lib_a-mprec.o)
                0x08011304                __i2b
 .text.__multiply
                0x08011360      0x15c d:/programfiles/gnu arm embedded toolchain/10 2021.10/bin/../lib/gcc/arm-none-eabi/10.3.1/../../../../arm-none-eabi/lib/thumb/v7e-m/nofp\libg.a(lib_a-mprec.o)
                0x08011360                __multiply
 .text.__pow5mult
                0x080114bc       0xc0 d:/programfiles/gnu arm embedded toolchain/10 2021.10/bin/../lib/gcc/arm-none-eabi/10.3.1/../../../../arm-none-eabi/lib/thumb/v7e-m/nofp\libg.a(lib_a-mprec.o)
                0x080114bc                __pow5mult
 .text.__lshift
                0x0801157c       0xf0 d:/programfiles/gnu arm embedded toolchain/10 2021.10/bin/../lib/gcc/arm-none-eabi/10.3.1/../../../../arm-none-eabi/lib/thumb/v7e-m/nofp\libg.a(lib_a-mprec.o)
                0x0801157c                __lshift
 .text.__mcmp   0x0801166c       0x40 d:/programfiles/gnu arm embedded toolchain/10 2021.10/bin/../lib/gcc/arm-none-eabi/10.3.1/../../../../arm-none-eabi/lib/thumb/v7e-m/nofp\libg.a(lib_a-mprec.o)
                0x0801166c                __mcmp
 .text.__mdiff  0x080116ac      0x14c d:/programfiles/gnu arm embedded toolchain/10 2021.10/bin/../lib/gcc/arm-none-eabi/10.3.1/../../../../arm-none-eabi/lib/thumb/v7e-m/nofp\libg.a(lib_a-mprec.o)
                0x080116ac                __mdiff
 .text.__d2b    0x080117f8       0xc4 d:/programfiles/gnu arm embedded toolchain/10 2021.10/bin/../lib/gcc/arm-none-eabi/10.3.1/../../../../arm-none-eabi/lib/thumb/v7e-m/nofp\libg.a(lib_a-mprec.o)
                0x080117f8                __d2b
 .text.frexp    0x080118bc       0x70 d:/programfiles/gnu arm embedded toolchain/10 2021.10/bin/../lib/gcc/arm-none-eabi/10.3.1/../../../../arm-none-eabi/lib/thumb/v7e-m/nofp\libg.a(lib_a-s_frexp.o)
                0x080118bc                frexp
 .text.__sread  0x0801192c       0x24 d:/programfiles/gnu arm embedded toolchain/10 2021.10/bin/../lib/gcc/arm-none-eabi/10.3.1/../../../../arm-none-eabi/lib/thumb/v7e-m/nofp\libg.a(lib_a-stdio.o)
                0x0801192c                __sread
 .text.__swrite
                0x08011950       0x40 d:/programfiles/gnu arm embedded toolchain/10 2021.10/bin/../lib/gcc/arm-none-eabi/10.3.1/../../../../arm-none-eabi/lib/thumb/v7e-m/nofp\libg.a(lib_a-stdio.o)
                0x08011950                __swrite
 .text.__sseek  0x08011990       0x20 d:/programfiles/gnu arm embedded toolchain/10 2021.10/bin/../lib/gcc/arm-none-eabi/10.3.1/../../../../arm-none-eabi/lib/thumb/v7e-m/nofp\libg.a(lib_a-stdio.o)
                0x08011990                __sseek
 .text.__sclose
                0x080119b0        0x8 d:/programfiles/gnu arm embedded toolchain/10 2021.10/bin/../lib/gcc/arm-none-eabi/10.3.1/../../../../arm-none-eabi/lib/thumb/v7e-m/nofp\libg.a(lib_a-stdio.o)
                0x080119b0                __sclose
 .text.__ssprint_r
                0x080119b8       0xf8 d:/programfiles/gnu arm embedded toolchain/10 2021.10/bin/../lib/gcc/arm-none-eabi/10.3.1/../../../../arm-none-eabi/lib/thumb/v7e-m/nofp\libg.a(lib_a-svfiprintf.o)
                0x080119b8                __ssprint_r
 .text.__ascii_wctomb
                0x08011ab0       0x1c d:/programfiles/gnu arm embedded toolchain/10 2021.10/bin/../lib/gcc/arm-none-eabi/10.3.1/../../../../arm-none-eabi/lib/thumb/v7e-m/nofp\libg.a(lib_a-wctomb_r.o)
                0x08011ab0                __ascii_wctomb
 .text.__assert_func
                0x08011acc       0x40 d:/programfiles/gnu arm embedded toolchain/10 2021.10/bin/../lib/gcc/arm-none-eabi/10.3.1/../../../../arm-none-eabi/lib/thumb/v7e-m/nofp\libg.a(lib_a-assert.o)
                0x08011acc                __assert_func
 .text._calloc_r